Component: ARM Compiler 5.05 update 1 (build 106) Tool: armlink [4d0efa]

==============================================================================

Section Cross References

    startup_stm32f407xx.o(RESET) refers to startup_stm32f407xx.o(STACK) for __initial_sp
    startup_stm32f407xx.o(RESET) refers to startup_stm32f407xx.o(.text) for Reset_Handler
    startup_stm32f407xx.o(RESET) refers to stm32f4xx_it.o(i.NMI_Handler) for NMI_Handler
    startup_stm32f407xx.o(RESET) refers to stm32f4xx_it.o(i.HardFault_Handler) for HardFault_Handler
    startup_stm32f407xx.o(RESET) refers to stm32f4xx_it.o(i.MemManage_Handler) for MemManage_Handler
    startup_stm32f407xx.o(RESET) refers to stm32f4xx_it.o(i.BusFault_Handler) for BusFault_Handler
    startup_stm32f407xx.o(RESET) refers to stm32f4xx_it.o(i.UsageFault_Handler) for UsageFault_Handler
    startup_stm32f407xx.o(RESET) refers to port.o(.emb_text) for SVC_Handler
    startup_stm32f407xx.o(RESET) refers to stm32f4xx_it.o(i.DebugMon_Handler) for DebugMon_Handler
    startup_stm32f407xx.o(RESET) refers to port.o(i.SysTick_Handler) for SysTick_Handler
    startup_stm32f407xx.o(RESET) refers to stm32f4xx_it.o(i.DMA1_Stream1_IRQHandler) for DMA1_Stream1_IRQHandler
    startup_stm32f407xx.o(RESET) refers to stm32f4xx_it.o(i.CAN1_RX0_IRQHandler) for CAN1_RX0_IRQHandler
    startup_stm32f407xx.o(RESET) refers to stm32f4xx_it.o(i.CAN1_RX1_IRQHandler) for CAN1_RX1_IRQHandler
    startup_stm32f407xx.o(RESET) refers to stm32f4xx_it.o(i.SPI1_IRQHandler) for SPI1_IRQHandler
    startup_stm32f407xx.o(RESET) refers to stm32f4xx_it.o(i.TIM8_TRG_COM_TIM14_IRQHandler) for TIM8_TRG_COM_TIM14_IRQHandler
    startup_stm32f407xx.o(RESET) refers to stm32f4xx_it.o(i.DMA2_Stream0_IRQHandler) for DMA2_Stream0_IRQHandler
    startup_stm32f407xx.o(RESET) refers to stm32f4xx_it.o(i.DMA2_Stream2_IRQHandler) for DMA2_Stream2_IRQHandler
    startup_stm32f407xx.o(RESET) refers to stm32f4xx_it.o(i.DMA2_Stream3_IRQHandler) for DMA2_Stream3_IRQHandler
    startup_stm32f407xx.o(RESET) refers to stm32f4xx_it.o(i.CAN2_RX0_IRQHandler) for CAN2_RX0_IRQHandler
    startup_stm32f407xx.o(RESET) refers to stm32f4xx_it.o(i.CAN2_RX1_IRQHandler) for CAN2_RX1_IRQHandler
    startup_stm32f407xx.o(.text) refers to system_stm32f4xx.o(i.SystemInit) for SystemInit
    startup_stm32f407xx.o(.text) refers to entry.o(.ARM.Collect$$$$00000000) for __main
    main.o(i.HAL_TIM_PeriodElapsedCallback) refers to stm32f4xx_hal.o(i.HAL_IncTick) for HAL_IncTick
    main.o(i.SystemClock_Config) refers to memseta.o(.text) for __aeabi_memclr4
    main.o(i.SystemClock_Config) refers to stm32f4xx_hal_rcc.o(i.HAL_RCC_OscConfig) for HAL_RCC_OscConfig
    main.o(i.SystemClock_Config) refers to main.o(i.Error_Handler) for Error_Handler
    main.o(i.SystemClock_Config) refers to stm32f4xx_hal_rcc.o(i.HAL_RCC_ClockConfig) for HAL_RCC_ClockConfig
    main.o(i.main) refers to stm32f4xx_hal.o(i.HAL_Init) for HAL_Init
    main.o(i.main) refers to main.o(i.SystemClock_Config) for SystemClock_Config
    main.o(i.main) refers to gpio.o(i.MX_GPIO_Init) for MX_GPIO_Init
    main.o(i.main) refers to dma.o(i.MX_DMA_Init) for MX_DMA_Init
    main.o(i.main) refers to can.o(i.MX_CAN1_Init) for MX_CAN1_Init
    main.o(i.main) refers to can.o(i.MX_CAN2_Init) for MX_CAN2_Init
    main.o(i.main) refers to usart.o(i.MX_USART3_UART_Init) for MX_USART3_UART_Init
    main.o(i.main) refers to spi.o(i.MX_SPI1_Init) for MX_SPI1_Init
    main.o(i.main) refers to tim.o(i.MX_TIM10_Init) for MX_TIM10_Init
    main.o(i.main) refers to usart.o(i.MX_USART1_UART_Init) for MX_USART1_UART_Init
    main.o(i.main) refers to tim.o(i.MX_TIM4_Init) for MX_TIM4_Init
    main.o(i.main) refers to robot_cmd.o(i.RobotCMDInit) for RobotCMDInit
    main.o(i.main) refers to arm.o(i.ArmInit) for ArmInit
    main.o(i.main) refers to freertos.o(i.MX_FREERTOS_Init) for MX_FREERTOS_Init
    main.o(i.main) refers to cmsis_os.o(i.osKernelStart) for osKernelStart
    gpio.o(i.MX_GPIO_Init) refers to memseta.o(.text) for __aeabi_memclr4
    gpio.o(i.MX_GPIO_Init) refers to stm32f4xx_hal_gpio.o(i.HAL_GPIO_WritePin) for HAL_GPIO_WritePin
    gpio.o(i.MX_GPIO_Init) refers to stm32f4xx_hal_gpio.o(i.HAL_GPIO_Init) for HAL_GPIO_Init
    freertos.o(i.ArmTask_f) refers to arm.o(i.armmotorbsp) for armmotorbsp
    freertos.o(i.ArmTask_f) refers to cmsis_os.o(i.osDelay) for osDelay
    freertos.o(i.ChassisTask_f) refers to arm.o(i.Emotion_task) for Emotion_task
    freertos.o(i.ChassisTask_f) refers to cmsis_os.o(i.osDelay) for osDelay
    freertos.o(i.ImuTask_f) refers to arm.o(i.song_task) for song_task
    freertos.o(i.ImuTask_f) refers to cmsis_os.o(i.osDelay) for osDelay
    freertos.o(i.MX_FREERTOS_Init) refers to memcpya.o(.text) for __aeabi_memcpy4
    freertos.o(i.MX_FREERTOS_Init) refers to cmsis_os.o(i.osThreadCreate) for osThreadCreate
    freertos.o(i.MX_FREERTOS_Init) refers to freertos.o(.constdata) for .constdata
[...]
    song_nat                                 0x08007584   Data          96  bsp_buzzer.o(.constdata)
    song_angery                              0x080075e4   Data         124  bsp_buzzer.o(.constdata)
    .constdata                               0x08007660   Section     1084  arm.o(.constdata)
    song_demo                                0x08007660   Data          28  arm.o(.constdata)
    song_windowsxp_start                     0x0800767c   Data          52  arm.o(.constdata)
    song_happy                               0x080076b0   Data         216  arm.o(.constdata)
    song_sad                                 0x08007788   Data         200  arm.o(.constdata)
    song_nat                                 0x08007850   Data          96  arm.o(.constdata)
    song_angery                              0x080078b0   Data         124  arm.o(.constdata)
    .conststring                             0x08007a9c   Section       40  freertos.o(.conststring)
    .data                                    0x20000000   Section       16  freertos.o(.data)
    .data                                    0x20000010   Section        4  can.o(.data)
    HAL_RCC_CAN1_CLK_ENABLED                 0x20000010   Data           4  can.o(.data)
    .data                                    0x20000014   Section        9  stm32f4xx_hal.o(.data)
    .data                                    0x20000020   Section        4  system_stm32f4xx.o(.data)
    .data                                    0x20000024   Section       12  bsp_can.o(.data)
    idx                                      0x20000024   Data           1  bsp_can.o(.data)
    can1_filter_idx                          0x20000025   Data           1  bsp_can.o(.data)
    can2_filter_idx                          0x20000026   Data           1  bsp_can.o(.data)
    busy_count                               0x20000028   Data           4  bsp_can.o(.data)
    wait_time                                0x2000002c   Data           4  bsp_can.o(.data)
    .data                                    0x20000030   Section       72  bsp_dwt.o(.data)
    SysTime                                  0x20000030   Data           8  bsp_dwt.o(.data)
    CPU_FREQ_Hz                              0x20000038   Data           4  bsp_dwt.o(.data)
    CPU_FREQ_Hz_ms                           0x2000003c   Data           4  bsp_dwt.o(.data)
    CPU_FREQ_Hz_us                           0x20000040   Data           4  bsp_dwt.o(.data)
    CYCCNT_RountCount                        0x20000044   Data           4  bsp_dwt.o(.data)
    CYCCNT_LAST                              0x20000048   Data           4  bsp_dwt.o(.data)
    CYCCNT64                                 0x20000050   Data           8  bsp_dwt.o(.data)
    bit_locker                               0x20000058   Data           1  bsp_dwt.o(.data)
    CNT_TEMP1                                0x20000060   Data           8  bsp_dwt.o(.data)
    CNT_TEMP2                                0x20000068   Data           8  bsp_dwt.o(.data)
    CNT_TEMP3                                0x20000070   Data           8  bsp_dwt.o(.data)
    .data                                    0x20000078   Section        1  bsp_usart.o(.data)
    idx                                      0x20000078   Data           1  bsp_usart.o(.data)
    .data                                    0x2000007c   Section        8  controller.o(.data)
    temp_Output                              0x2000007c   Data           4  controller.o(.data)
    temp_Iout                                0x20000080   Data           4  controller.o(.data)
    .data                                    0x20000084   Section      397  dji_motor.o(.data)
    idx                                      0x20000084   Data           1  dji_motor.o(.data)
    sender_assignment                        0x20000085   Data         390  dji_motor.o(.data)
    sender_enable_flag                       0x2000020b   Data           6  dji_motor.o(.data)
    .data                                    0x20000211   Section        1  daemon.o(.data)
    idx                                      0x20000211   Data           1  daemon.o(.data)
    .data                                    0x20000214   Section       12  minipc_process.o(.data)
    nac_instance                             0x20000214   Data           4  minipc_process.o(.data)
    vis_recv_buff                            0x20000218   Data           4  minipc_process.o(.data)
    nac_daemon_instance                      0x2000021c   Data           4  minipc_process.o(.data)
    .data                                    0x20000220   Section      112  arm.o(.data)
    vy_cmd_last                              0x20000220   Data           4  arm.o(.data)
    vp_cmd_last                              0x20000224   Data           4  arm.o(.data)
    state_isinit                             0x20000228   Data           4  arm.o(.data)
    isinit                                   0x2000022c   Data           4  arm.o(.data)
    v_yaw                                    0x20000230   Data           4  arm.o(.data)
    v_pitch                                  0x20000234   Data           4  arm.o(.data)
    motor_lf                                 0x20000238   Data           4  arm.o(.data)
    motor_rf                                 0x2000023c   Data           4  arm.o(.data)
    motor_lb                                 0x20000240   Data           4  arm.o(.data)
    motor_rb                                 0x20000244   Data           4  arm.o(.data)
    motor_steering_lf                        0x20000248   Data           4  arm.o(.data)
    motor_steering_rf                        0x2000024c   Data           4  arm.o(.data)
    motor_steering_lb                        0x20000250   Data           4  arm.o(.data)
    motor_steering_rb                        0x20000254   Data           4  arm.o(.data)
    motor_yaw                                0x20000258   Data           4  arm.o(.data)
    motor_pitch                              0x2000025c   Data           4  arm.o(.data)
    nac_ctrl                                 0x20000260   Data           4  arm.o(.data)
    state                                    0x20000264   Data           4  arm.o(.data)
    center_angle_yaw                         0x20000268   Data           4  arm.o(.data)
    center_angle_picth                       0x2000026c   Data           4  arm.o(.data)
    c_yaw                                    0x20000270   Data           4  arm.o(.data)
    c_picth                                  0x20000274   Data           4  arm.o(.data)
    yaw_angle                                0x20000278   Data           4  arm.o(.data)
    pitch_angle                              0x2000027c   Data           4  arm.o(.data)
    ex_f                                     0x20000280   Data           4  arm.o(.data)
    ey_f                                     0x20000284   Data           4  arm.o(.data)
    inited                                   0x20000288   Data           1  arm.o(.data)
    wg                                       0x2000028c   Data           4  arm.o(.data)
    .data                                    0x20000290   Section       60  tasks.o(.data)
    pxDelayedTaskList                        0x20000294   Data           4  tasks.o(.data)
    pxOverflowDelayedTaskList                0x20000298   Data           4  tasks.o(.data)
    uxDeletedTasksWaitingCleanUp             0x2000029c   Data           4  tasks.o(.data)
    uxCurrentNumberOfTasks                   0x200002a0   Data           4  tasks.o(.data)
    xTickCount                               0x200002a4   Data           4  tasks.o(.data)
    uxTopReadyPriority                       0x200002a8   Data           4  tasks.o(.data)
    xSchedulerRunning                        0x200002ac   Data           4  tasks.o(.data)
    xPendedTicks                             0x200002b0   Data           4  tasks.o(.data)
    xYieldPending                            0x200002b4   Data           4  tasks.o(.data)
    xNumOfOverflows                          0x200002b8   Data           4  tasks.o(.data)
    uxTaskNumber                             0x200002bc   Data           4  tasks.o(.data)
    xNextTaskUnblockTime                     0x200002c0   Data           4  tasks.o(.data)
    xIdleTaskHandle                          0x200002c4   Data           4  tasks.o(.data)
    uxSchedulerSuspended                     0x200002c8   Data           4  tasks.o(.data)
    .data                                    0x200002cc   Section       32  heap_4.o(.data)
    xStart                                   0x200002cc   Data           8  heap_4.o(.data)
    pxEnd                                    0x200002d4   Data           4  heap_4.o(.data)
    xFreeBytesRemaining                      0x200002d8   Data           4  heap_4.o(.data)
    xMinimumEverFreeBytesRemaining           0x200002dc   Data           4  heap_4.o(.data)
    xNumberOfSuccessfulAllocations           0x200002e0   Data           4  heap_4.o(.data)
    xNumberOfSuccessfulFrees                 0x200002e4   Data           4  heap_4.o(.data)
    xBlockAllocatedBit                       0x200002e8   Data           4  heap_4.o(.data)
    .data                                    0x200002ec   Section       12  port.o(.data)
    uxCriticalNesting                        0x200002ec   Data           4  port.o(.data)
    ucMaxSysCallPriority                     0x200002f0   Data           1  port.o(.data)
    ulMaxPRIGROUPValue                       0x200002f4   Data           4  port.o(.data)
    .data                                    0x200002f8   Section        4  mvars.o(.data)
    .data                                    0x200002fc   Section        4  mvars.o(.data)
    .bss                                     0x20000300   Section      612  freertos.o(.bss)
    xIdleTaskTCBBuffer                       0x20000300   Data         100  freertos.o(.bss)
    xIdleStack                               0x20000364   Data         512  freertos.o(.bss)
    .bss                                     0x20000564   Section       80  can.o(.bss)
    .bss                                     0x200005b4   Section      280  spi.o(.bss)
    .bss                                     0x200006cc   Section      144  tim.o(.bss)
    .bss                                     0x2000075c   Section      336  usart.o(.bss)
    .bss                                     0x200008ac   Section       72  stm32f4xx_hal_timebase_tim.o(.bss)
    .bss                                     0x200008f4   Section       92  bsp_can.o(.bss)
    can_instances                            0x200008f4   Data          64  bsp_can.o(.bss)
    rxconf                                   0x20000934   Data          28  bsp_can.o(.bss)
    .bss                                     0x20000950   Section       12  bsp_usart.o(.bss)
    usart_instances                          0x20000950   Data          12  bsp_usart.o(.bss)
    .bss                                     0x2000095c   Section       48  dji_motor.o(.bss)
    dji_motor_instances                      0x2000095c   Data          48  dji_motor.o(.bss)
    .bss                                     0x2000098c   Section      128  daemon.o(.bss)
    daemon_instances                         0x2000098c   Data         128  daemon.o(.bss)
    .bss                                     0x20000a0c   Section       12  minipc_process.o(.bss)
    send_buff                                0x20000a0c   Data          12  minipc_process.o(.bss)
    .bss                                     0x20000a18   Section      240  arm.o(.bss)
    yaw_follow_pid                           0x20000a18   Data         120  arm.o(.bss)
    pitch_follow_pid                         0x20000a90   Data         120  arm.o(.bss)
    .bss                                     0x20000b08   Section      240  tasks.o(.bss)
    pxReadyTasksLists                        0x20000b08   Data         140  tasks.o(.bss)
    xDelayedTaskList1                        0x20000b94   Data          20  tasks.o(.bss)
    xDelayedTaskList2                        0x20000ba8   Data          20  tasks.o(.bss)
    xPendingReadyList                        0x20000bbc   Data          20  tasks.o(.bss)
    xTasksWaitingTermination                 0x20000bd0   Data          20  tasks.o(.bss)
    xSuspendedTaskList                       0x20000be4   Data          20  tasks.o(.bss)
    .bss                                     0x20000bf8   Section    20000  heap_4.o(.bss)
    ucHeap                                   0x20000bf8   Data       20000  heap_4.o(.bss)
    HEAP                                     0x20005a18   Section    36864  startup_stm32f407xx.o(HEAP)
    STACK                                    0x2000ea18   Section    36864  startup_stm32f407xx.o(STACK)

    Global Symbols

    Symbol Name                              Value     Ov Type        Size  Object(Section)

    BuildAttributes$$THM_ISAv4$E$P$D$K$B$S$7EM$VFPi3$EXTD16$VFPS$VFMA$PE$A:L22UL41UL21$X:L11$S22US41US21$IEEE1$IW$USESV6$~STKCKD$USESV7$~SHL$OTIME$ROPI$IEEEX$EBA8$MICROLIB$REQ8$PRES8$EABIv2 0x00000000   Number         0  anon$$obj.o ABSOLUTE
    __ARM_use_no_argv                        0x00000000   Number         0  main.o ABSOLUTE
    _printf_a                                0x00000000   Number         0  stubs.o ABSOLUTE
    _printf_c                                0x00000000   Number         0  stubs.o ABSOLUTE
    _printf_charcount                        0x00000000   Number         0  stubs.o ABSOLUTE
    _printf_d                                0x00000000   Number         0  stubs.o ABSOLUTE
    _printf_e                                0x00000000   Number         0  stubs.o ABSOLUTE
    _printf_f                                0x00000000   Number         0  stubs.o ABSOLUTE
    _printf_flags                            0x00000000   Number         0  stubs.o ABSOLUTE
    _printf_fp_dec                           0x00000000   Number         0  stubs.o ABSOLUTE
    _printf_fp_hex                           0x00000000   Number         0  stubs.o ABSOLUTE
    _printf_g                                0x00000000   Number         0  stubs.o ABSOLUTE
    _printf_i                                0x00000000   Number         0  stubs.o ABSOLUTE
    _printf_int_dec                          0x00000000   Number         0  stubs.o ABSOLUTE
    _printf_l                                0x00000000   Number         0  stubs.o ABSOLUTE
    _printf_lc                               0x00000000   Number         0  stubs.o ABSOLUTE
    _printf_ll                               0x00000000   Number         0  stubs.o ABSOLUTE
    _printf_lld                              0x00000000   Number         0  stubs.o ABSOLUTE
    _printf_lli                              0x00000000   Number         0  stubs.o ABSOLUTE
    _printf_llo                              0x00000000   Number         0  stubs.o ABSOLUTE
    _printf_llu                              0x00000000   Number         0  stubs.o ABSOLUTE
    _printf_llx                              0x00000000   Number         0  stubs.o ABSOLUTE
    _printf_longlong_dec                     0x00000000   Number         0  stubs.o ABSOLUTE
    _printf_longlong_hex                     0x00000000   Number         0  stubs.o ABSOLUTE
    _printf_longlong_oct                     0x00000000   Number         0  stubs.o ABSOLUTE
    _printf_ls                               0x00000000   Number         0  stubs.o ABSOLUTE
    _printf_mbtowc                           0x00000000   Number         0  stubs.o ABSOLUTE
    _printf_n                                0x00000000   Number         0  stubs.o ABSOLUTE
    _printf_o                                0x00000000   Number         0  stubs.o ABSOLUTE
    _printf_p                                0x00000000   Number         0  stubs.o ABSOLUTE
    _printf_percent                          0x00000000   Number         0  stubs.o ABSOLUTE
    _printf_pre_padding                      0x00000000   Number         0  stubs.o ABSOLUTE
    _printf_return_value                     0x00000000   Number         0  stubs.o ABSOLUTE
    _printf_s                                0x00000000   Number         0  stubs.o ABSOLUTE
    _printf_sizespec                         0x00000000   Number         0  stubs.o ABSOLUTE
    _printf_str                              0x00000000   Number         0  stubs.o ABSOLUTE
    _printf_truncate_signed                  0x00000000   Number         0  stubs.o ABSOLUTE
    _printf_truncate_unsigned                0x00000000   Number         0  stubs.o ABSOLUTE
    _printf_u                                0x00000000   Number         0  stubs.o ABSOLUTE
    _printf_wc                               0x00000000   Number         0  stubs.o ABSOLUTE
    _printf_wctomb                           0x00000000   Number         0  stubs.o ABSOLUTE
    _printf_widthprec                        0x00000000   Number         0  stubs.o ABSOLUTE
    _printf_x                                0x00000000   Number         0  stubs.o ABSOLUTE
    __cpp_initialize__aeabi_                  - Undefined Weak Reference
    __cxa_finalize                            - Undefined Weak Reference
    _clock_init                               - Undefined Weak Reference
    _microlib_exit                            - Undefined Weak Reference
    __Vectors_Size                           0x00000188   Number         0  startup_stm32f407xx.o ABSOLUTE
    __Vectors                                0x08000000   Data           4  startup_stm32f407xx.o(RESET)
    __Vectors_End                            0x08000188   Data           0  startup_stm32f407xx.o(RESET)
    __main                                   0x08000189   Thumb Code     0  entry.o(.ARM.Collect$$$$00000000)
    _main_stk                                0x08000189   Thumb Code     0  entry2.o(.ARM.Collect$$$$00000001)
    _main_scatterload                        0x0800018d   Thumb Code     0  entry5.o(.ARM.Collect$$$$00000004)
    __main_after_scatterload                 0x08000191   Thumb Code     0  entry5.o(.ARM.Collect$$$$00000004)
    _main_clock                              0x08000191   Thumb Code     0  entry7b.o(.ARM.Collect$$$$00000008)
    _main_cpp_init                           0x08000191   Thumb Code     0  entry8b.o(.ARM.Collect$$$$0000000A)
    _main_init                               0x08000191   Thumb Code     0  entry9a.o(.ARM.Collect$$$$0000000B)
    __rt_final_cpp                           0x08000199   Thumb Code     0  entry10a.o(.ARM.Collect$$$$0000000D)
    __rt_final_exit                          0x08000199   Thumb Code     0  entry11a.o(.ARM.Collect$$$$0000000F)
    SVC_Handler                              0x0800019d   Thumb Code    28  port.o(.emb_text)
    __asm___6_port_c_39a90d8d__prvStartFirstTask 0x080001bd   Thumb Code    36  port.o(.emb_text)
    __asm___6_port_c_39a90d8d__prvEnableVFP  0x080001e5   Thumb Code    16  port.o(.emb_text)
    PendSV_Handler                           0x080001f9   Thumb Code    88  port.o(.emb_text)
    vPortGetIPSR                             0x08000255   Thumb Code     6  port.o(.emb_text)
    Reset_Handler                            0x0800025d   Thumb Code     8  startup_stm32f407xx.o(.text)
    ADC_IRQHandler                           0x08000277   Thumb Code     0  startup_stm32f407xx.o(.text)
    CAN1_SCE_IRQHandler                      0x08000277   Thumb Code     0  startup_stm32f407xx.o(.text)
    CAN1_TX_IRQHandler                       0x08000277   Thumb Code     0  startup_stm32f407xx.o(.text)
    CAN2_SCE_IRQHandler                      0x08000277   Thumb Code     0  startup_stm32f407xx.o(.text)
    CAN2_TX_IRQHandler                       0x08000277   Thumb Code     0  startup_stm32f407xx.o(.text)
    DCMI_IRQHandler                          0x08000277   Thumb Code     0  startup_stm32f407xx.o(.text)
    DMA1_Stream0_IRQHandler                  0x08000277   Thumb Code     0  startup_stm32f407xx.o(.text)
    DMA1_Stream2_IRQHandler                  0x08000277   Thumb Code     0  startup_stm32f407xx.o(.text)
    DMA1_Stream3_IRQHandler                  0x08000277   Thumb Code     0  startup_stm32f407xx.o(.text)
    DMA1_Stream4_IRQHandler                  0x08000277   Thumb Code     0  startup_stm32f407xx.o(.text)
    DMA1_Stream5_IRQHandler                  0x08000277   Thumb Code     0  startup_stm32f407xx.o(.text)
    DMA1_Stream6_IRQHandler                  0x08000277   Thumb Code     0  startup_stm32f407xx.o(.text)
    DMA1_Stream7_IRQHandler                  0x08000277   Thumb Code     0  startup_stm32f407xx.o(.text)
    DMA2_Stream1_IRQHandler                  0x08000277   Thumb Code     0  startup_stm32f407xx.o(.text)
    DMA2_Stream4_IRQHandler                  0x08000277   Thumb Code     0  startup_stm32f407xx.o(.text)
    DMA2_Stream5_IRQHandler                  0x08000277   Thumb Code     0  startup_stm32f407xx.o(.text)
    DMA2_Stream6_IRQHandler                  0x08000277   Thumb Code     0  startup_stm32f407xx.o(.text)
    DMA2_Stream7_IRQHandler                  0x08000277   Thumb Code     0  startup_stm32f407xx.o(.text)
    ETH_IRQHandler                           0x08000277   Thumb Code     0  startup_stm32f407xx.o(.text)
    ETH_WKUP_IRQHandler                      0x08000277   Thumb Code     0  startup_stm32f407xx.o(.text)
    EXTI0_IRQHandler                         0x08000277   Thumb Code     0  startup_stm32f407xx.o(.text)
    EXTI15_10_IRQHandler                     0x08000277   Thumb Code     0  startup_stm32f407xx.o(.text)
    EXTI1_IRQHandler                         0x08000277   Thumb Code     0  startup_stm32f407xx.o(.text)
    EXTI2_IRQHandler                         0x08000277   Thumb Code     0  startup_stm32f407xx.o(.text)
    EXTI3_IRQHandler                         0x08000277   Thumb Code     0  startup_stm32f407xx.o(.text)
    EXTI4_IRQHandler                         0x08000277   Thumb Code     0  startup_stm32f407xx.o(.text)
    EXTI9_5_IRQHandler                       0x08000277   Thumb Code     0  startup_stm32f407xx.o(.text)
    FLASH_IRQHandler                         0x08000277   Thumb Code     0  startup_stm32f407xx.o(.text)
    FMC_IRQHandler                           0x08000277   Thumb Code     0  startup_stm32f407xx.o(.text)
    FPU_IRQHandler                           0x08000277   Thumb Code     0  startup_stm32f407xx.o(.text)
    HASH_RNG_IRQHandler                      0x08000277   Thumb Code     0  startup_stm32f407xx.o(.text)
    I2C1_ER_IRQHandler                       0x08000277   Thumb Code     0  startup_stm32f407xx.o(.text)
    I2C1_EV_IRQHandler                       0x08000277   Thumb Code     0  startup_stm32f407xx.o(.text)
    I2C2_ER_IRQHandler                       0x08000277   Thumb Code     0  startup_stm32f407xx.o(.text)
    I2C2_EV_IRQHandler                       0x08000277   Thumb Code     0  startup_stm32f407xx.o(.text)
    I2C3_ER_IRQHandler                       0x08000277   Thumb Code     0  startup_stm32f407xx.o(.text)
    I2C3_EV_IRQHandler                       0x08000277   Thumb Code     0  startup_stm32f407xx.o(.text)
    OTG_FS_IRQHandler                        0x08000277   Thumb Code     0  startup_stm32f407xx.o(.text)
    OTG_FS_WKUP_IRQHandler                   0x08000277   Thumb Code     0  startup_stm32f407xx.o(.text)
    OTG_HS_EP1_IN_IRQHandler                 0x08000277   Thumb Code     0  startup_stm32f407xx.o(.text)
    OTG_HS_EP1_OUT_IRQHandler                0x08000277   Thumb Code     0  startup_stm32f407xx.o(.text)
    OTG_HS_IRQHandler                        0x08000277   Thumb Code     0  startup_stm32f407xx.o(.text)
    OTG_HS_WKUP_IRQHandler                   0x08000277   Thumb Code     0  startup_stm32f407xx.o(.text)
    PVD_IRQHandler                           0x08000277   Thumb Code     0  startup_stm32f407xx.o(.text)
    RCC_IRQHandler                           0x08000277   Thumb Code     0  startup_stm32f407xx.o(.text)
    RTC_Alarm_IRQHandler                     0x08000277   Thumb Code     0  startup_stm32f407xx.o(.text)
    RTC_WKUP_IRQHandler                      0x08000277   Thumb Code     0  startup_stm32f407xx.o(.text)
    SDIO_IRQHandler                          0x08000277   Thumb Code     0  startup_stm32f407xx.o(.text)
    SPI2_IRQHandler                          0x08000277   Thumb Code     0  startup_stm32f407xx.o(.text)
    SPI3_IRQHandler                          0x08000277   Thumb Code     0  startup_stm32f407xx.o(.text)
    TAMP_STAMP_IRQHandler                    0x08000277   Thumb Code     0  startup_stm32f407xx.o(.text)
    TIM1_BRK_TIM9_IRQHandler                 0x08000277   Thumb Code     0  startup_stm32f407xx.o(.text)
    TIM1_CC_IRQHandler                       0x08000277   Thumb Code     0  startup_stm32f407xx.o(.text)
    TIM1_TRG_COM_TIM11_IRQHandler            0x08000277   Thumb Code     0  startup_stm32f407xx.o(.text)
    TIM1_UP_TIM10_IRQHandler                 0x08000277   Thumb Code     0  startup_stm32f407xx.o(.text)
    TIM2_IRQHandler                          0x08000277   Thumb Code     0  startup_stm32f407xx.o(.text)
    TIM3_IRQHandler                          0x08000277   Thumb Code     0  startup_stm32f407xx.o(.text)
    TIM4_IRQHandler                          0x08000277   Thumb Code     0  startup_stm32f407xx.o(.text)
    TIM5_IRQHandler                          0x08000277   Thumb Code     0  startup_stm32f407xx.o(.text)
    TIM6_DAC_IRQHandler                      0x08000277   Thumb Code     0  startup_stm32f407xx.o(.text)
    TIM7_IRQHandler                          0x08000277   Thumb Code     0  startup_stm32f407xx.o(.text)
    TIM8_BRK_TIM12_IRQHandler                0x08000277   Thumb Code     0  startup_stm32f407xx.o(.text)
    TIM8_CC_IRQHandler                       0x08000277   Thumb Code     0  startup_stm32f407xx.o(.text)
    TIM8_UP_TIM13_IRQHandler                 0x08000277   Thumb Code     0  startup_stm32f407xx.o(.text)
    UART4_IRQHandler                         0x08000277   Thumb Code     0  startup_stm32f407xx.o(.text)
    UART5_IRQHandler                         0x08000277   Thumb Code     0  startup_stm32f407xx.o(.text)
    USART1_IRQHandler                        0x08000277   Thumb Code     0  startup_stm32f407xx.o(.text)
    USART2_IRQHandler                        0x08000277   Thumb Code     0  startup_stm32f407xx.o(.text)
    USART3_IRQHandler                        0x08000277   Thumb Code     0  startup_stm32f407xx.o(.text)
    USART6_IRQHandler                        0x08000277   Thumb Code     0  startup_stm32f407xx.o(.text)
    WWDG_IRQHandler                          0x08000277   Thumb Code     0  startup_stm32f407xx.o(.text)
    __aeabi_uldivmod                         0x08000281   Thumb Code    98  uldiv.o(.text)
    __aeabi_memcpy                           0x080002e3   Thumb Code    36  memcpya.o(.text)
    __aeabi_memcpy4                          0x080002e3   Thumb Code     0  memcpya.o(.text)
    __aeabi_memcpy8                          0x080002e3   Thumb Code     0  memcpya.o(.text)
    __aeabi_memset                           0x08000307   Thumb Code    14  memseta.o(.text)
    __aeabi_memset4                          0x08000307   Thumb Code     0  memseta.o(.text)
    __aeabi_memset8                          0x08000307   Thumb Code     0  memseta.o(.text)
    __aeabi_memclr                           0x08000315   Thumb Code     4  memseta.o(.text)
    __aeabi_memclr4                          0x08000315   Thumb Code     0  memseta.o(.text)
    __aeabi_memclr8                          0x08000315   Thumb Code     0  memseta.o(.text)
    memset                                   0x08000319   Thumb Code    18  memseta.o(.text)
    __aeabi_dmul                             0x0800032b   Thumb Code   228  dmul.o(.text)
    __aeabi_ddiv                             0x0800040f   Thumb Code   222  ddiv.o(.text)
    __aeabi_f2d                              0x080004ed   Thumb Code    38  f2d.o(.text)
    __aeabi_d2f                              0x08000513   Thumb Code    56  d2f.o(.text)
    __aeabi_llsl                             0x0800054b   Thumb Code    30  llshl.o(.text)
    _ll_shift_l                              0x0800054b   Thumb Code     0  llshl.o(.text)
    __aeabi_llsr                             0x08000569   Thumb Code    32  llushr.o(.text)
    _ll_ushift_r                             0x08000569   Thumb Code     0  llushr.o(.text)
    __I$use$fp                               0x08000589   Thumb Code     0  iusefp.o(.text)
    _float_round                             0x08000589   Thumb Code    18  fepilogue.o(.text)
    _float_epilogue                          0x0800059b   Thumb Code    92  fepilogue.o(.text)
    _double_round                            0x080005f7   Thumb Code    30  depilogue.o(.text)
    _double_epilogue                         0x08000615   Thumb Code   156  depilogue.o(.text)
    __scatterload                            0x080006b1   Thumb Code    28  init.o(.text)
    __scatterload_rt2                        0x080006b1   Thumb Code     0  init.o(.text)
    __decompress                             0x080006d5   Thumb Code     0  __dczerorl2.o(.text)
    __decompress1                            0x080006d5   Thumb Code    86  __dczerorl2.o(.text)
    ArmInit                                  0x0800072d   Thumb Code   138  arm.o(i.ArmInit)
    ArmTask_f                                0x080007e1   Thumb Code    14  freertos.o(i.ArmTask_f)
    Arm_bsp                                  0x080007f1   Thumb Code   126  arm.o(i.Arm_bsp)
    BusFault_Handler                         0x08000885   Thumb Code     4  stm32f4xx_it.o(i.BusFault_Handler)
    CAN1_RX0_IRQHandler                      0x08000889   Thumb Code    10  stm32f4xx_it.o(i.CAN1_RX0_IRQHandler)
    CAN1_RX1_IRQHandler                      0x08000899   Thumb Code    10  stm32f4xx_it.o(i.CAN1_RX1_IRQHandler)
    CAN2_RX0_IRQHandler                      0x080008a9   Thumb Code    10  stm32f4xx_it.o(i.CAN2_RX0_IRQHandler)
    CAN2_RX1_IRQHandler                      0x080008b9   Thumb Code    10  stm32f4xx_it.o(i.CAN2_RX1_IRQHandler)
    CANRegister                              0x080009cd   Thumb Code   156  bsp_can.o(i.CANRegister)
    CANTransmit                              0x08000aa9   Thumb Code   116  bsp_can.o(i.CANTransmit)
    ChassisTask_f                            0x08000b25   Thumb Code    14  freertos.o(i.ChassisTask_f)
    DJIMotorControl                          0x08000b35   Thumb Code   422  dji_motor.o(i.DJIMotorControl)
    DJIMotorEnable                           0x08000ced   Thumb Code     8  dji_motor.o(i.DJIMotorEnable)
    DJIMotorInit                             0x08000cf5   Thumb Code   196  dji_motor.o(i.DJIMotorInit)
    DJIMotorReset                            0x08000ded   Thumb Code    18  dji_motor.o(i.DJIMotorReset)
    DJIMotorSetRef                           0x08000dff   Thumb Code     6  dji_motor.o(i.DJIMotorSetRef)
    DMA1_Stream1_IRQHandler                  0x08000e05   Thumb Code    10  stm32f4xx_it.o(i.DMA1_Stream1_IRQHandler)
    DMA2_Stream0_IRQHandler                  0x08000e15   Thumb Code    10  stm32f4xx_it.o(i.DMA2_Stream0_IRQHandler)
    DMA2_Stream2_IRQHandler                  0x08000e25   Thumb Code    10  stm32f4xx_it.o(i.DMA2_Stream2_IRQHandler)
    DMA2_Stream3_IRQHandler                  0x08000e35   Thumb Code    10  stm32f4xx_it.o(i.DMA2_Stream3_IRQHandler)
    DWT_GetDeltaT                            0x08000f9d   Thumb Code    68  bsp_dwt.o(i.DWT_GetDeltaT)
    DWT_GetTimeline_ms                       0x08000fe9   Thumb Code    72  bsp_dwt.o(i.DWT_GetTimeline_ms)
    DWT_Init                                 0x08001039   Thumb Code    82  bsp_dwt.o(i.DWT_Init)
    DWT_SysTimeUpdate                        0x080010a9   Thumb Code   168  bsp_dwt.o(i.DWT_SysTimeUpdate)
    DaemonRegister                           0x08001179   Thumb Code    80  daemon.o(i.DaemonRegister)
    DaemonReload                             0x080011d1   Thumb Code     6  daemon.o(i.DaemonReload)
    DebugMon_Handler                         0x080011d7   Thumb Code     2  stm32f4xx_it.o(i.DebugMon_Handler)
    Emotion_task                             0x08001339   Thumb Code     2  arm.o(i.Emotion_task)
    Error_Handler                            0x0800133b   Thumb Code     6  main.o(i.Error_Handler)
    GimbalVisionFollow                       0x08001341   Thumb Code   912  arm.o(i.GimbalVisionFollow)
    HAL_CAN_ActivateNotification             0x08001741   Thumb Code    42  stm32f4xx_hal_can.o(i.HAL_CAN_ActivateNotification)
    HAL_CAN_AddTxMessage                     0x0800176b   Thumb Code   330  stm32f4xx_hal_can.o(i.HAL_CAN_AddTxMessage)
    HAL_CAN_ConfigFilter                     0x080018b5   Thumb Code   284  stm32f4xx_hal_can.o(i.HAL_CAN_ConfigFilter)
    HAL_CAN_ErrorCallback                    0x080019d5   Thumb Code     2  stm32f4xx_hal_can.o(i.HAL_CAN_ErrorCallback)
    HAL_CAN_GetRxFifoFillLevel               0x080019d7   Thumb Code    40  stm32f4xx_hal_can.o(i.HAL_CAN_GetRxFifoFillLevel)
    HAL_CAN_GetRxMessage                     0x080019ff   Thumb Code   404  stm32f4xx_hal_can.o(i.HAL_CAN_GetRxMessage)
    HAL_CAN_GetTxMailboxesFreeLevel          0x08001b93   Thumb Code    54  stm32f4xx_hal_can.o(i.HAL_CAN_GetTxMailboxesFreeLevel)
    HAL_CAN_IRQHandler                       0x08001bc9   Thumb Code   590  stm32f4xx_hal_can.o(i.HAL_CAN_IRQHandler)
    HAL_CAN_Init                             0x08001e17   Thumb Code   372  stm32f4xx_hal_can.o(i.HAL_CAN_Init)
    HAL_CAN_MspInit                          0x08001f8d   Thumb Code   360  can.o(i.HAL_CAN_MspInit)
    HAL_CAN_RxFifo0FullCallback              0x0800210d   Thumb Code     2  stm32f4xx_hal_can.o(i.HAL_CAN_RxFifo0FullCallback)
    HAL_CAN_RxFifo0MsgPendingCallback        0x0800210f   Thumb Code    14  bsp_can.o(i.HAL_CAN_RxFifo0MsgPendingCallback)
    HAL_CAN_RxFifo1FullCallback              0x0800211d   Thumb Code     2  stm32f4xx_hal_can.o(i.HAL_CAN_RxFifo1FullCallback)
    HAL_CAN_RxFifo1MsgPendingCallback        0x0800211f   Thumb Code    14  bsp_can.o(i.HAL_CAN_RxFifo1MsgPendingCallback)
    HAL_CAN_SleepCallback                    0x0800212d   Thumb Code     2  stm32f4xx_hal_can.o(i.HAL_CAN_SleepCallback)
    HAL_CAN_Start                            0x0800212f   Thumb Code    94  stm32f4xx_hal_can.o(i.HAL_CAN_Start)
    HAL_CAN_TxMailbox0AbortCallback          0x0800218d   Thumb Code     2  stm32f4xx_hal_can.o(i.HAL_CAN_TxMailbox0AbortCallback)
    HAL_CAN_TxMailbox0CompleteCallback       0x0800218f   Thumb Code     2  stm32f4xx_hal_can.o(i.HAL_CAN_TxMailbox0CompleteCallback)
    HAL_CAN_TxMailbox1AbortCallback          0x08002191   Thumb Code     2  stm32f4xx_hal_can.o(i.HAL_CAN_TxMailbox1AbortCallback)
    HAL_CAN_TxMailbox1CompleteCallback       0x08002193   Thumb Code     2  stm32f4xx_hal_can.o(i.HAL_CAN_TxMailbox1CompleteCallback)
    HAL_CAN_TxMailbox2AbortCallback          0x08002195   Thumb Code     2  stm32f4xx_hal_can.o(i.HAL_CAN_TxMailbox2AbortCallback)
    HAL_CAN_TxMailbox2CompleteCallback       0x08002197   Thumb Code     2  stm32f4xx_hal_can.o(i.HAL_CAN_TxMailbox2CompleteCallback)
    HAL_CAN_WakeUpFromRxMsgCallback          0x08002199   Thumb Code     2  stm32f4xx_hal_can.o(i.HAL_CAN_WakeUpFromRxMsgCallback)
    HAL_DMA_Abort_IT                         0x0800219b   Thumb Code    40  stm32f4xx_hal_dma.o(i.HAL_DMA_Abort_IT)
    HAL_DMA_IRQHandler                       0x080021c5   Thumb Code   570  stm32f4xx_hal_dma.o(i.HAL_DMA_IRQHandler)
    HAL_DMA_Init                             0x08002405   Thumb Code   232  stm32f4xx_hal_dma.o(i.HAL_DMA_Init)
    HAL_DMA_Start_IT                         0x080024f1   Thumb Code   146  stm32f4xx_hal_dma.o(i.HAL_DMA_Start_IT)
    HAL_GPIO_Init                            0x08002585   Thumb Code   454  stm32f4xx_hal_gpio.o(i.HAL_GPIO_Init)
    HAL_GPIO_WritePin                        0x08002779   Thumb Code    12  stm32f4xx_hal_gpio.o(i.HAL_GPIO_WritePin)
    HAL_GetTick                              0x08002785   Thumb Code     6  stm32f4xx_hal.o(i.HAL_GetTick)
    HAL_IncTick                              0x08002791   Thumb Code    16  stm32f4xx_hal.o(i.HAL_IncTick)
    HAL_Init                                 0x080027a9   Thumb Code    54  stm32f4xx_hal.o(i.HAL_Init)
    HAL_InitTick                             0x080027e5   Thumb Code   160  stm32f4xx_hal_timebase_tim.o(i.HAL_InitTick)
    HAL_MspInit                              0x08002899   Thumb Code    78  stm32f4xx_hal_msp.o(i.HAL_MspInit)
    HAL_NVIC_EnableIRQ                       0x080028ed   Thumb Code    40  stm32f4xx_hal_cortex.o(i.HAL_NVIC_EnableIRQ)
    HAL_NVIC_SetPriority                     0x08002915   Thumb Code   124  stm32f4xx_hal_cortex.o(i.HAL_NVIC_SetPriority)
    HAL_NVIC_SetPriorityGrouping             0x08002991   Thumb Code    32  stm32f4xx_hal_cortex.o(i.HAL_NVIC_SetPriorityGrouping)
    HAL_RCC_ClockConfig                      0x080029b9   Thumb Code   368  stm32f4xx_hal_rcc.o(i.HAL_RCC_ClockConfig)
    HAL_RCC_GetClockConfig                   0x08002b3d   Thumb Code    58  stm32f4xx_hal_rcc.o(i.HAL_RCC_GetClockConfig)
    HAL_RCC_GetHCLKFreq                      0x08002b81   Thumb Code     6  stm32f4xx_hal_rcc.o(i.HAL_RCC_GetHCLKFreq)
    HAL_RCC_GetPCLK1Freq                     0x08002b8d   Thumb Code    22  stm32f4xx_hal_rcc.o(i.HAL_RCC_GetPCLK1Freq)
    HAL_RCC_GetPCLK2Freq                     0x08002bad   Thumb Code    22  stm32f4xx_hal_rcc.o(i.HAL_RCC_GetPCLK2Freq)
    HAL_RCC_GetSysClockFreq                  0x08002bcd   Thumb Code   162  stm32f4xx_hal_rcc.o(i.HAL_RCC_GetSysClockFreq)
    HAL_RCC_OscConfig                        0x08002c7d   Thumb Code  1172  stm32f4xx_hal_rcc.o(i.HAL_RCC_OscConfig)
    HAL_SPI_ErrorCallback                    0x08003119   Thumb Code     2  stm32f4xx_hal_spi.o(i.HAL_SPI_ErrorCallback)
    HAL_SPI_IRQHandler                       0x0800311d   Thumb Code   342  stm32f4xx_hal_spi.o(i.HAL_SPI_IRQHandler)
    HAL_SPI_Init                             0x08003279   Thumb Code   200  stm32f4xx_hal_spi.o(i.HAL_SPI_Init)
    HAL_SPI_MspInit                          0x08003341   Thumb Code   332  spi.o(i.HAL_SPI_MspInit)
    HAL_TIMEx_BreakCallback                  0x080034a9   Thumb Code     2  stm32f4xx_hal_tim_ex.o(i.HAL_TIMEx_BreakCallback)
    HAL_TIMEx_CommutCallback                 0x080034ab   Thumb Code     2  stm32f4xx_hal_tim_ex.o(i.HAL_TIMEx_CommutCallback)
    HAL_TIMEx_MasterConfigSynchronization    0x080034ad   Thumb Code   150  stm32f4xx_hal_tim_ex.o(i.HAL_TIMEx_MasterConfigSynchronization)
    HAL_TIM_Base_Init                        0x08003561   Thumb Code   102  stm32f4xx_hal_tim.o(i.HAL_TIM_Base_Init)
    HAL_TIM_Base_MspInit                     0x080035c9   Thumb Code    44  tim.o(i.HAL_TIM_Base_MspInit)
    HAL_TIM_Base_Start                       0x080035fd   Thumb Code   126  stm32f4xx_hal_tim.o(i.HAL_TIM_Base_Start)
    HAL_TIM_Base_Start_IT                    0x08003699   Thumb Code   138  stm32f4xx_hal_tim.o(i.HAL_TIM_Base_Start_IT)
    HAL_TIM_IC_CaptureCallback               0x08003741   Thumb Code     2  stm32f4xx_hal_tim.o(i.HAL_TIM_IC_CaptureCallback)
    HAL_TIM_IRQHandler                       0x08003743   Thumb Code   364  stm32f4xx_hal_tim.o(i.HAL_TIM_IRQHandler)
    HAL_TIM_MspPostInit                      0x080038b1   Thumb Code   154  tim.o(i.HAL_TIM_MspPostInit)
    HAL_TIM_OC_DelayElapsedCallback          0x08003961   Thumb Code     2  stm32f4xx_hal_tim.o(i.HAL_TIM_OC_DelayElapsedCallback)
    HAL_TIM_PWM_ConfigChannel                0x08003963   Thumb Code   260  stm32f4xx_hal_tim.o(i.HAL_TIM_PWM_ConfigChannel)
    HAL_TIM_PWM_Init                         0x08003a67   Thumb Code   102  stm32f4xx_hal_tim.o(i.HAL_TIM_PWM_Init)
    HAL_TIM_PWM_MspInit                      0x08003acd   Thumb Code    44  tim.o(i.HAL_TIM_PWM_MspInit)
    HAL_TIM_PWM_PulseFinishedCallback        0x08003b01   Thumb Code     2  stm32f4xx_hal_tim.o(i.HAL_TIM_PWM_PulseFinishedCallback)
    HAL_TIM_PWM_Start                        0x08003b05   Thumb Code   238  stm32f4xx_hal_tim.o(i.HAL_TIM_PWM_Start)
    HAL_TIM_PeriodElapsedCallback            0x08003c11   Thumb Code    18  main.o(i.HAL_TIM_PeriodElapsedCallback)
    HAL_TIM_TriggerCallback                  0x08003c29   Thumb Code     2  stm32f4xx_hal_tim.o(i.HAL_TIM_TriggerCallback)
    HAL_UARTEx_ReceiveToIdle_DMA             0x08003c2b   Thumb Code   112  stm32f4xx_hal_uart.o(i.HAL_UARTEx_ReceiveToIdle_DMA)
    HAL_UARTEx_RxEventCallback               0x08003c9d   Thumb Code   142  bsp_usart.o(i.HAL_UARTEx_RxEventCallback)
    HAL_UART_ErrorCallback                   0x08003d35   Thumb Code   104  bsp_usart.o(i.HAL_UART_ErrorCallback)
    HAL_UART_Init                            0x08003da5   Thumb Code   118  stm32f4xx_hal_uart.o(i.HAL_UART_Init)
    HAL_UART_MspInit                         0x08003e1d   Thumb Code   424  usart.o(i.HAL_UART_MspInit)
    HAL_UART_RxCpltCallback                  0x08003fed   Thumb Code     2  stm32f4xx_hal_uart.o(i.HAL_UART_RxCpltCallback)
    HAL_UART_RxHalfCpltCallback              0x08003fef   Thumb Code     2  stm32f4xx_hal_uart.o(i.HAL_UART_RxHalfCpltCallback)
    HAL_UART_Transmit                        0x08003ff1   Thumb Code   190  stm32f4xx_hal_uart.o(i.HAL_UART_Transmit)
    HAL_UART_Transmit_DMA                    0x080040b1   Thumb Code   144  stm32f4xx_hal_uart.o(i.HAL_UART_Transmit_DMA)
    HAL_UART_Transmit_IT                     0x0800414d   Thumb Code    56  stm32f4xx_hal_uart.o(i.HAL_UART_Transmit_IT)
    HAL_UART_TxCpltCallback                  0x08004185   Thumb Code     2  stm32f4xx_hal_uart.o(i.HAL_UART_TxCpltCallback)
    HAL_UART_TxHalfCpltCallback              0x08004187   Thumb Code     2  stm32f4xx_hal_uart.o(i.HAL_UART_TxHalfCpltCallback)
    HardFault_Handler                        0x08004189   Thumb Code     4  stm32f4xx_it.o(i.HardFault_Handler)
    ImuTask_f                                0x0800418d   Thumb Code    14  freertos.o(i.ImuTask_f)
    MX_CAN1_Init                             0x0800419d   Thumb Code    58  can.o(i.MX_CAN1_Init)
    MX_CAN2_Init                             0x080041e1   Thumb Code    58  can.o(i.MX_CAN2_Init)
    MX_DMA_Init                              0x08004225   Thumb Code   130  dma.o(i.MX_DMA_Init)
    MX_FREERTOS_Init                         0x080042ad   Thumb Code   102  freertos.o(i.MX_FREERTOS_Init)
    MX_GPIO_Init                             0x08004329   Thumb Code   500  gpio.o(i.MX_GPIO_Init)
    MX_SPI1_Init                             0x08004539   Thumb Code    62  spi.o(i.MX_SPI1_Init)
    MX_TIM10_Init                            0x08004581   Thumb Code   100  tim.o(i.MX_TIM10_Init)
    MX_TIM4_Init                             0x080045ed   Thumb Code   114  tim.o(i.MX_TIM4_Init)
    MX_USART1_UART_Init                      0x08004669   Thumb Code    46  usart.o(i.MX_USART1_UART_Init)
    MX_USART3_UART_Init                      0x080046a1   Thumb Code    48  usart.o(i.MX_USART3_UART_Init)
    MemManage_Handler                        0x080046dd   Thumb Code     4  stm32f4xx_it.o(i.MemManage_Handler)
    NMI_Handler                              0x0800482d   Thumb Code     4  stm32f4xx_it.o(i.NMI_Handler)
    NacInit                                  0x08004831   Thumb Code   120  minipc_process.o(i.NacInit)
    NacRecvRegister                          0x080048cd   Thumb Code    34  minipc_process.o(i.NacRecvRegister)
    NacSend                                  0x080048f1   Thumb Code    36  minipc_process.o(i.NacSend)
    NacSendRegister                          0x0800491d   Thumb Code    30  minipc_process.o(i.NacSendRegister)
    PIDCalculate                             0x0800493d   Thumb Code   378  controller.o(i.PIDCalculate)
    PIDInit                                  0x08004ac1   Thumb Code   100  controller.o(i.PIDInit)
    RobotCMDInit                             0x08004b43   Thumb Code    10  robot_cmd.o(i.RobotCMDInit)
    SPI1_IRQHandler                          0x08004b4d   Thumb Code    10  stm32f4xx_it.o(i.SPI1_IRQHandler)
    ShootTask_f                              0x08004b7d   Thumb Code    14  freertos.o(i.ShootTask_f)
    SysTick_Handler                          0x08004b8d   Thumb Code    46  port.o(i.SysTick_Handler)
    SystemClock_Config                       0x08004bc1   Thumb Code   174  main.o(i.SystemClock_Config)
    SystemInit                               0x08004c79   Thumb Code    14  system_stm32f4xx.o(i.SystemInit)
    TIM8_TRG_COM_TIM14_IRQHandler            0x08004c8d   Thumb Code    10  stm32f4xx_it.o(i.TIM8_TRG_COM_TIM14_IRQHandler)
    TIM_Base_SetConfig                       0x08004c9d   Thumb Code   178  stm32f4xx_hal_tim.o(i.TIM_Base_SetConfig)
    TIM_CCxChannelCmd                        0x08004d7d   Thumb Code    34  stm32f4xx_hal_tim.o(i.TIM_CCxChannelCmd)
    TIM_OC2_SetConfig                        0x08004e11   Thumb Code   114  stm32f4xx_hal_tim.o(i.TIM_OC2_SetConfig)
    UART_Start_Receive_DMA                   0x080053a5   Thumb Code   202  stm32f4xx_hal_uart.o(i.UART_Start_Receive_DMA)
    USARTRegister                            0x08005509   Thumb Code    70  bsp_usart.o(i.USARTRegister)
    USARTSend                                0x08005559   Thumb Code    78  bsp_usart.o(i.USARTSend)
    USARTServiceInit                         0x080055a7   Thumb Code    44  bsp_usart.o(i.USARTServiceInit)
    UsageFault_Handler                       0x080055d3   Thumb Code     4  stm32f4xx_it.o(i.UsageFault_Handler)
    __scatterload_copy                       0x08005611   Thumb Code    14  handlers.o(i.__scatterload_copy)
    __scatterload_null                       0x0800561f   Thumb Code     2  handlers.o(i.__scatterload_null)
    __scatterload_zeroinit                   0x08005621   Thumb Code    14  handlers.o(i.__scatterload_zeroinit)
    angry_action                             0x08005649   Thumb Code   186  arm.o(i.angry_action)
    armmotorbsp                              0x08005719   Thumb Code    44  arm.o(i.armmotorbsp)
    buzzer_init                              0x08005759   Thumb Code    18  bsp_buzzer.o(i.buzzer_init)
    buzzer_off                               0x08005771   Thumb Code    10  bsp_buzzer.o(i.buzzer_off)
    buzzer_on                                0x08005781   Thumb Code    92  bsp_buzzer.o(i.buzzer_on)
    buzzer_play_song                         0x080057e1   Thumb Code   166  bsp_buzzer.o(i.buzzer_play_song)
    buzzer_set_freq                          0x080058b5   Thumb Code    70  bsp_buzzer.o(i.buzzer_set_freq)
    happy_action                             0x08005d15   Thumb Code   956  arm.o(i.happy_action)
    main                                     0x080060e9   Thumb Code    64  main.o(i.main)
    malloc                                   0x08006139   Thumb Code    92  malloc.o(i.malloc)
    osDelay                                  0x080061a5   Thumb Code    24  cmsis_os.o(i.osDelay)
    osKernelStart                            0x080061bd   Thumb Code    10  cmsis_os.o(i.osKernelStart)
    osThreadCreate                           0x080061c7   Thumb Code    94  cmsis_os.o(i.osThreadCreate)
    pvPortMalloc                             0x080066a5   Thumb Code   306  heap_4.o(i.pvPortMalloc)
    pxPortInitialiseStack                    0x080067f1   Thumb Code    38  port.o(i.pxPortInitialiseStack)
    refresh                                  0x0800681d   Thumb Code    70  arm.o(i.refresh)
    sad_action                               0x0800686d   Thumb Code   272  arm.o(i.sad_action)
    song_task                                0x080069a5   Thumb Code   166  arm.o(i.song_task)
    uxListRemove                             0x08006a61   Thumb Code    40  list.o(i.uxListRemove)
    vApplicationGetIdleTaskMemory            0x08006a89   Thumb Code    14  freertos.o(i.vApplicationGetIdleTaskMemory)
    vListInitialise                          0x08006aa1   Thumb Code    26  list.o(i.vListInitialise)
    vListInitialiseItem                      0x08006abb   Thumb Code     6  list.o(i.vListInitialiseItem)
    vListInsert                              0x08006ac1   Thumb Code    52  list.o(i.vListInsert)
    vListInsertEnd                           0x08006af5   Thumb Code    24  list.o(i.vListInsertEnd)
    vPortEnterCritical                       0x08006b0d   Thumb Code    76  port.o(i.vPortEnterCritical)
    vPortExitCritical                        0x08006b61   Thumb Code    56  port.o(i.vPortExitCritical)
    vPortFree                                0x08006b9d   Thumb Code   150  heap_4.o(i.vPortFree)
    vPortSetupTimerInterrupt                 0x08006c41   Thumb Code    36  port.o(i.vPortSetupTimerInterrupt)
    vTaskDelay                               0x08006c69   Thumb Code    82  tasks.o(i.vTaskDelay)
    vTaskStartScheduler                      0x08006cc5   Thumb Code   146  tasks.o(i.vTaskStartScheduler)
    vTaskSuspendAll                          0x08006d75   Thumb Code    12  tasks.o(i.vTaskSuspendAll)
    vTaskSwitchContext                       0x08006d85   Thumb Code   118  tasks.o(i.vTaskSwitchContext)
    xPortStartScheduler                      0x08006e11   Thumb Code   330  port.o(i.xPortStartScheduler)
    xTaskCreate                              0x08006f79   Thumb Code   100  tasks.o(i.xTaskCreate)
    xTaskCreateStatic                        0x08006fdd   Thumb Code   186  tasks.o(i.xTaskCreateStatic)
    xTaskIncrementTick                       0x08007099   Thumb Code   282  tasks.o(i.xTaskIncrementTick)
    xTaskResumeAll                           0x080071e1   Thumb Code   224  tasks.o(i.xTaskResumeAll)
    AHBPrescTable                            0x0800735c   Data          16  system_stm32f4xx.o(.constdata)
    APBPrescTable                            0x0800736c   Data           8  system_stm32f4xx.o(.constdata)
    Region$$Table$$Base                      0x08007ac4   Number         0  anon$$obj.o(Region$$Table)
    Region$$Table$$Limit                     0x08007ae4   Number         0  anon$$obj.o(Region$$Table)
    ImuTaskHandle                            0x20000000   Data           4  freertos.o(.data)
    ChassisTaskHandle                        0x20000004   Data           4  freertos.o(.data)
    ShootTaskHandle                          0x20000008   Data           4  freertos.o(.data)
    ArmTaskHandle                            0x2000000c   Data           4  freertos.o(.data)
    uwTick                                   0x20000014   Data           4  stm32f4xx_hal.o(.data)
    uwTickPrio                               0x20000018   Data           4  stm32f4xx_hal.o(.data)
    uwTickFreq                               0x2000001c   Data           1  stm32f4xx_hal.o(.data)
    SystemCoreClock                          0x20000020   Data           4  system_stm32f4xx.o(.data)
    pxCurrentTCB                             0x20000290   Data           4  tasks.o(.data)
    __microlib_freelist                      0x200002f8   Data           4  mvars.o(.data)
    __microlib_freelist_initialised          0x200002fc   Data           4  mvars.o(.data)
    hcan1                                    0x20000564   Data          40  can.o(.bss)
    hcan2                                    0x2000058c   Data          40  can.o(.bss)
    hspi1                                    0x200005b4   Data          88  spi.o(.bss)
    hdma_spi1_rx                             0x2000060c   Data          96  spi.o(.bss)
    hdma_spi1_tx                             0x2000066c   Data          96  spi.o(.bss)
    htim4                                    0x200006cc   Data          72  tim.o(.bss)
    htim10                                   0x20000714   Data          72  tim.o(.bss)
    huart1                                   0x2000075c   Data          72  usart.o(.bss)
    huart3                                   0x200007a4   Data          72  usart.o(.bss)
    hdma_usart1_rx                           0x200007ec   Data          96  usart.o(.bss)
    hdma_usart3_rx                           0x2000084c   Data          96  usart.o(.bss)
    htim14                                   0x200008ac   Data          72  stm32f4xx_hal_timebase_tim.o(.bss)
    __heap_base                              0x20005a18   Data           0  startup_stm32f407xx.o(HEAP)
    __heap_limit                             0x2000ea18   Data           0  startup_stm32f407xx.o(HEAP)
    __initial_sp                             0x20017a18   Data           0  startup_stm32f407xx.o(STACK)



==============================================================================

Memory Map of the image

  Image Entry point : 0x08000189

  Load Region LR_IROM1 (Base: 0x08000000, Size: 0x00007de4, Max: 0x00100000, ABSOLUTE, COMPRESSED[0x00007b20])

    Execution Region ER_IROM1 (Exec base: 0x08000000, Load base: 0x08000000, Size: 0x00007ae4, Max: 0x00100000, ABSOLUTE)

    Exec Addr    Load Addr    Size         Type   Attr      Idx    E Section Name        Object

    0x08000000   0x08000000   0x00000188   Data   RO            3    RESET               startup_stm32f407xx.o
    0x08000188   0x08000188   0x00000000   Code   RO         7463  * .ARM.Collect$$$$00000000  mc_w.l(entry.o)
    0x08000188   0x08000188   0x00000004   Code   RO         7796    .ARM.Collect$$$$00000001  mc_w.l(entry2.o)
    0x0800018c   0x0800018c   0x00000004   Code   RO         7799    .ARM.Collect$$$$00000004  mc_w.l(entry5.o)
    0x08000190   0x08000190   0x00000000   Code   RO         7801    .ARM.Collect$$$$00000008  mc_w.l(entry7b.o)
    0x08000190   0x08000190   0x00000000   Code   RO         7803    .ARM.Collect$$$$0000000A  mc_w.l(entry8b.o)
    0x08000190   0x08000190   0x00000008   Code   RO         7804    .ARM.Collect$$$$0000000B  mc_w.l(entry9a.o)
    0x08000198   0x08000198   0x00000000   Code   RO         7806    .ARM.Collect$$$$0000000D  mc_w.l(entry10a.o)
    0x08000198   0x08000198   0x00000000   Code   RO         7808    .ARM.Collect$$$$0000000F  mc_w.l(entry11a.o)
    0x08000198   0x08000198   0x00000004   Code   RO         7797    .ARM.Collect$$$$00002712  mc_w.l(entry2.o)
    0x0800019c   0x0800019c   0x000000be   Code   RO         7123    .emb_text           port.o
    0x0800025a   0x0800025a   0x00000002   PAD
    0x0800025c   0x0800025c   0x00000024   Code   RO            4    .text               startup_stm32f407xx.o
    0x08000280   0x08000280   0x00000062   Code   RO         7466    .text               mc_w.l(uldiv.o)
    0x080002e2   0x080002e2   0x00000024   Code   RO         7468    .text               mc_w.l(memcpya.o)
    0x08000306   0x08000306   0x00000024   Code   RO         7472    .text               mc_w.l(memseta.o)
    0x0800032a   0x0800032a   0x000000e4   Code   RO         7767    .text               mf_w.l(dmul.o)
    0x0800040e   0x0800040e   0x000000de   Code   RO         7769    .text               mf_w.l(ddiv.o)
    0x080004ec   0x080004ec   0x00000026   Code   RO         7773    .text               mf_w.l(f2d.o)
    0x08000512   0x08000512   0x00000038   Code   RO         7775    .text               mf_w.l(d2f.o)
    0x0800054a   0x0800054a   0x0000001e   Code   RO         7815    .text               mc_w.l(llshl.o)
    0x08000568   0x08000568   0x00000020   Code   RO         7817    .text               mc_w.l(llushr.o)
    0x08000588   0x08000588   0x00000000   Code   RO         7828    .text               mc_w.l(iusefp.o)
    0x08000588   0x08000588   0x0000006e   Code   RO         7829    .text               mf_w.l(fepilogue.o)
    0x080005f6   0x080005f6   0x000000ba   Code   RO         7831    .text               mf_w.l(depilogue.o)
    0x080006b0   0x080006b0   0x00000024   Code   RO         7839    .text               mc_w.l(init.o)
    0x080006d4   0x080006d4   0x00000056   Code   RO         7853    .text               mc_w.l(__dczerorl2.o)
    0x0800072a   0x0800072a   0x00000002   PAD
    0x0800072c   0x0800072c   0x000000b4   Code   RO         5673    i.ArmInit           arm.o
    0x080007e0   0x080007e0   0x0000000e   Code   RO          302    i.ArmTask_f         freertos.o
    0x080007ee   0x080007ee   0x00000002   PAD
    0x080007f0   0x080007f0   0x00000094   Code   RO         5674    i.Arm_bsp           arm.o
    0x08000884   0x08000884   0x00000004   Code   RO          620    i.BusFault_Handler  stm32f4xx_it.o
    0x08000888   0x08000888   0x00000010   Code   RO          621    i.CAN1_RX0_IRQHandler  stm32f4xx_it.o
    0x08000898   0x08000898   0x00000010   Code   RO          622    i.CAN1_RX1_IRQHandler  stm32f4xx_it.o
    0x080008a8   0x080008a8   0x00000010   Code   RO          623    i.CAN2_RX0_IRQHandler  stm32f4xx_it.o
    0x080008b8   0x080008b8   0x00000010   Code   RO          624    i.CAN2_RX1_IRQHandler  stm32f4xx_it.o
    0x080008c8   0x080008c8   0x00000068   Code   RO         3951    i.CANAddFilter      bsp_can.o
    0x08000930   0x08000930   0x0000009c   Code   RO         3952    i.CANFIFOxCallback  bsp_can.o
    0x080009cc   0x080009cc   0x000000a4   Code   RO         3953    i.CANRegister       bsp_can.o
    0x08000a70   0x08000a70   0x00000038   Code   RO         3954    i.CANServiceInit    bsp_can.o
    0x08000aa8   0x08000aa8   0x0000007c   Code   RO         3956    i.CANTransmit       bsp_can.o
    0x08000b24   0x08000b24   0x0000000e   Code   RO          303    i.ChassisTask_f     freertos.o
    0x08000b32   0x08000b32   0x00000002   PAD
    0x08000b34   0x08000b34   0x000001b8   Code   RO         4279    i.DJIMotorControl   dji_motor.o
    0x08000cec   0x08000cec   0x00000008   Code   RO         4280    i.DJIMotorEnable    dji_motor.o
    0x08000cf4   0x08000cf4   0x000000d4   Code   RO         4281    i.DJIMotorInit      dji_motor.o
    0x08000dc8   0x08000dc8   0x00000024   Code   RO         4282    i.DJIMotorLostCallback  dji_motor.o
    0x08000dec   0x08000dec   0x00000012   Code   RO         4284    i.DJIMotorReset     dji_motor.o
    0x08000dfe   0x08000dfe   0x00000006   Code   RO         4285    i.DJIMotorSetRef    dji_motor.o
    0x08000e04   0x08000e04   0x00000010   Code   RO          625    i.DMA1_Stream1_IRQHandler  stm32f4xx_it.o
    0x08000e14   0x08000e14   0x00000010   Code   RO          626    i.DMA2_Stream0_IRQHandler  stm32f4xx_it.o
    0x08000e24   0x08000e24   0x00000010   Code   RO          627    i.DMA2_Stream2_IRQHandler  stm32f4xx_it.o
    0x08000e34   0x08000e34   0x00000010   Code   RO          628    i.DMA2_Stream3_IRQHandler  stm32f4xx_it.o
    0x08000e44   0x08000e44   0x00000034   Code   RO         2523    i.DMA_CalcBaseAndBitshift  stm32f4xx_hal_dma.o
    0x08000e78   0x08000e78   0x000000aa   Code   RO         2524    i.DMA_CheckFifoParam  stm32f4xx_hal_dma.o
    0x08000f22   0x08000f22   0x0000002c   Code   RO         2525    i.DMA_SetConfig     stm32f4xx_hal_dma.o
    0x08000f4e   0x08000f4e   0x00000002   PAD
    0x08000f50   0x08000f50   0x0000004c   Code   RO         4020    i.DWT_CNT_Update    bsp_dwt.o
    0x08000f9c   0x08000f9c   0x0000004c   Code   RO         4022    i.DWT_GetDeltaT     bsp_dwt.o
    0x08000fe8   0x08000fe8   0x00000050   Code   RO         4024    i.DWT_GetTimeline_ms  bsp_dwt.o
    0x08001038   0x08001038   0x00000070   Code   RO         4027    i.DWT_Init          bsp_dwt.o
    0x080010a8   0x080010a8   0x000000d0   Code   RO         4028    i.DWT_SysTimeUpdate  bsp_dwt.o
    0x08001178   0x08001178   0x00000058   Code   RO         4657    i.DaemonRegister    daemon.o
    0x080011d0   0x080011d0   0x00000006   Code   RO         4658    i.DaemonReload      daemon.o
    0x080011d6   0x080011d6   0x00000002   Code   RO          629    i.DebugMon_Handler  stm32f4xx_it.o
    0x080011d8   0x080011d8   0x00000114   Code   RO         4287    i.DecodeDJIMotor    dji_motor.o
    0x080012ec   0x080012ec   0x0000004c   Code   RO         5268    i.DecodeNac         minipc_process.o
    0x08001338   0x08001338   0x00000002   Code   RO         5675    i.Emotion_task      arm.o
    0x0800133a   0x0800133a   0x00000006   Code   RO           13    i.Error_Handler     main.o
    0x08001340   0x08001340   0x00000400   Code   RO         5676    i.GimbalVisionFollow  arm.o
    0x08001740   0x08001740   0x0000002a   Code   RO         1786    i.HAL_CAN_ActivateNotification  stm32f4xx_hal_can.o
    0x0800176a   0x0800176a   0x0000014a   Code   RO         1787    i.HAL_CAN_AddTxMessage  stm32f4xx_hal_can.o
    0x080018b4   0x080018b4   0x00000120   Code   RO         1788    i.HAL_CAN_ConfigFilter  stm32f4xx_hal_can.o
    0x080019d4   0x080019d4   0x00000002   Code   RO         1791    i.HAL_CAN_ErrorCallback  stm32f4xx_hal_can.o
    0x080019d6   0x080019d6   0x00000028   Code   RO         1793    i.HAL_CAN_GetRxFifoFillLevel  stm32f4xx_hal_can.o
    0x080019fe   0x080019fe   0x00000194   Code   RO         1794    i.HAL_CAN_GetRxMessage  stm32f4xx_hal_can.o
    0x08001b92   0x08001b92   0x00000036   Code   RO         1796    i.HAL_CAN_GetTxMailboxesFreeLevel  stm32f4xx_hal_can.o
    0x08001bc8   0x08001bc8   0x0000024e   Code   RO         1798    i.HAL_CAN_IRQHandler  stm32f4xx_hal_can.o
    0x08001e16   0x08001e16   0x00000174   Code   RO         1799    i.HAL_CAN_Init      stm32f4xx_hal_can.o
    0x08001f8a   0x08001f8a   0x00000002   PAD
    0x08001f8c   0x08001f8c   0x00000180   Code   RO          392    i.HAL_CAN_MspInit   can.o
    0x0800210c   0x0800210c   0x00000002   Code   RO         1806    i.HAL_CAN_RxFifo0FullCallback  stm32f4xx_hal_can.o
    0x0800210e   0x0800210e   0x0000000e   Code   RO         3957    i.HAL_CAN_RxFifo0MsgPendingCallback  bsp_can.o
    0x0800211c   0x0800211c   0x00000002   Code   RO         1808    i.HAL_CAN_RxFifo1FullCallback  stm32f4xx_hal_can.o
    0x0800211e   0x0800211e   0x0000000e   Code   RO         3958    i.HAL_CAN_RxFifo1MsgPendingCallback  bsp_can.o
    0x0800212c   0x0800212c   0x00000002   Code   RO         1810    i.HAL_CAN_SleepCallback  stm32f4xx_hal_can.o
    0x0800212e   0x0800212e   0x0000005e   Code   RO         1811    i.HAL_CAN_Start     stm32f4xx_hal_can.o
    0x0800218c   0x0800218c   0x00000002   Code   RO         1813    i.HAL_CAN_TxMailbox0AbortCallback  stm32f4xx_hal_can.o
    0x0800218e   0x0800218e   0x00000002   Code   RO         1814    i.HAL_CAN_TxMailbox0CompleteCallback  stm32f4xx_hal_can.o
    0x08002190   0x08002190   0x00000002   Code   RO         1815    i.HAL_CAN_TxMailbox1AbortCallback  stm32f4xx_hal_can.o
    0x08002192   0x08002192   0x00000002   Code   RO         1816    i.HAL_CAN_TxMailbox1CompleteCallback  stm32f4xx_hal_can.o
    0x08002194   0x08002194   0x00000002   Code   RO         1817    i.HAL_CAN_TxMailbox2AbortCallback  stm32f4xx_hal_can.o
    0x08002196   0x08002196   0x00000002   Code   RO         1818    i.HAL_CAN_TxMailbox2CompleteCallback  stm32f4xx_hal_can.o
    0x08002198   0x08002198   0x00000002   Code   RO         1820    i.HAL_CAN_WakeUpFromRxMsgCallback  stm32f4xx_hal_can.o
    0x0800219a   0x0800219a   0x00000028   Code   RO         2527    i.HAL_DMA_Abort_IT  stm32f4xx_hal_dma.o
    0x080021c2   0x080021c2   0x00000002   PAD
    0x080021c4   0x080021c4   0x00000240   Code   RO         2531    i.HAL_DMA_IRQHandler  stm32f4xx_hal_dma.o
    0x08002404   0x08002404   0x000000ec   Code   RO         2532    i.HAL_DMA_Init      stm32f4xx_hal_dma.o
    0x080024f0   0x080024f0   0x00000092   Code   RO         2536    i.HAL_DMA_Start_IT  stm32f4xx_hal_dma.o
    0x08002582   0x08002582   0x00000002   PAD
    0x08002584   0x08002584   0x000001f4   Code   RO         2419    i.HAL_GPIO_Init     stm32f4xx_hal_gpio.o
    0x08002778   0x08002778   0x0000000c   Code   RO         2423    i.HAL_GPIO_WritePin  stm32f4xx_hal_gpio.o
    0x08002784   0x08002784   0x0000000c   Code   RO         2974    i.HAL_GetTick       stm32f4xx_hal.o
    0x08002790   0x08002790   0x00000018   Code   RO         2980    i.HAL_IncTick       stm32f4xx_hal.o
    0x080027a8   0x080027a8   0x0000003c   Code   RO         2981    i.HAL_Init          stm32f4xx_hal.o
    0x080027e4   0x080027e4   0x000000b4   Code   RO          762    i.HAL_InitTick      stm32f4xx_hal_timebase_tim.o
    0x08002898   0x08002898   0x00000054   Code   RO          738    i.HAL_MspInit       stm32f4xx_hal_msp.o
    0x080028ec   0x080028ec   0x00000028   Code   RO         2811    i.HAL_NVIC_EnableIRQ  stm32f4xx_hal_cortex.o
    0x08002914   0x08002914   0x0000007c   Code   RO         2817    i.HAL_NVIC_SetPriority  stm32f4xx_hal_cortex.o
    0x08002990   0x08002990   0x00000028   Code   RO         2818    i.HAL_NVIC_SetPriorityGrouping  stm32f4xx_hal_cortex.o
    0x080029b8   0x080029b8   0x00000184   Code   RO         2020    i.HAL_RCC_ClockConfig  stm32f4xx_hal_rcc.o
    0x08002b3c   0x08002b3c   0x00000044   Code   RO         2024    i.HAL_RCC_GetClockConfig  stm32f4xx_hal_rcc.o
    0x08002b80   0x08002b80   0x0000000c   Code   RO         2025    i.HAL_RCC_GetHCLKFreq  stm32f4xx_hal_rcc.o
    0x08002b8c   0x08002b8c   0x00000020   Code   RO         2027    i.HAL_RCC_GetPCLK1Freq  stm32f4xx_hal_rcc.o
    0x08002bac   0x08002bac   0x00000020   Code   RO         2028    i.HAL_RCC_GetPCLK2Freq  stm32f4xx_hal_rcc.o
    0x08002bcc   0x08002bcc   0x000000b0   Code   RO         2029    i.HAL_RCC_GetSysClockFreq  stm32f4xx_hal_rcc.o
    0x08002c7c   0x08002c7c   0x0000049c   Code   RO         2032    i.HAL_RCC_OscConfig  stm32f4xx_hal_rcc.o
    0x08003118   0x08003118   0x00000002   Code   RO         3226    i.HAL_SPI_ErrorCallback  stm32f4xx_hal_spi.o
    0x0800311a   0x0800311a   0x00000002   PAD
    0x0800311c   0x0800311c   0x0000015c   Code   RO         3229    i.HAL_SPI_IRQHandler  stm32f4xx_hal_spi.o
    0x08003278   0x08003278   0x000000c8   Code   RO         3230    i.HAL_SPI_Init      stm32f4xx_hal_spi.o
    0x08003340   0x08003340   0x00000168   Code   RO          465    i.HAL_SPI_MspInit   spi.o
    0x080034a8   0x080034a8   0x00000002   Code   RO         1518    i.HAL_TIMEx_BreakCallback  stm32f4xx_hal_tim_ex.o
    0x080034aa   0x080034aa   0x00000002   Code   RO         1519    i.HAL_TIMEx_CommutCallback  stm32f4xx_hal_tim_ex.o
    0x080034ac   0x080034ac   0x000000b4   Code   RO         1537    i.HAL_TIMEx_MasterConfigSynchronization  stm32f4xx_hal_tim_ex.o
    0x08003560   0x08003560   0x00000066   Code   RO          803    i.HAL_TIM_Base_Init  stm32f4xx_hal_tim.o
    0x080035c6   0x080035c6   0x00000002   PAD
    0x080035c8   0x080035c8   0x00000034   Code   RO          507    i.HAL_TIM_Base_MspInit  tim.o
    0x080035fc   0x080035fc   0x0000009c   Code   RO          806    i.HAL_TIM_Base_Start  stm32f4xx_hal_tim.o
    0x08003698   0x08003698   0x000000a8   Code   RO          808    i.HAL_TIM_Base_Start_IT  stm32f4xx_hal_tim.o
    0x08003740   0x08003740   0x00000002   Code   RO          837    i.HAL_TIM_IC_CaptureCallback  stm32f4xx_hal_tim.o
    0x08003742   0x08003742   0x0000016c   Code   RO          851    i.HAL_TIM_IRQHandler  stm32f4xx_hal_tim.o
    0x080038ae   0x080038ae   0x00000002   PAD
    0x080038b0   0x080038b0   0x000000b0   Code   RO          508    i.HAL_TIM_MspPostInit  tim.o
    0x08003960   0x08003960   0x00000002   Code   RO          854    i.HAL_TIM_OC_DelayElapsedCallback  stm32f4xx_hal_tim.o
    0x08003962   0x08003962   0x00000104   Code   RO          875    i.HAL_TIM_PWM_ConfigChannel  stm32f4xx_hal_tim.o
    0x08003a66   0x08003a66   0x00000066   Code   RO          878    i.HAL_TIM_PWM_Init  stm32f4xx_hal_tim.o
    0x08003acc   0x08003acc   0x00000034   Code   RO          510    i.HAL_TIM_PWM_MspInit  tim.o
    0x08003b00   0x08003b00   0x00000002   Code   RO          881    i.HAL_TIM_PWM_PulseFinishedCallback  stm32f4xx_hal_tim.o
    0x08003b02   0x08003b02   0x00000002   PAD
    0x08003b04   0x08003b04   0x0000010c   Code   RO          883    i.HAL_TIM_PWM_Start  stm32f4xx_hal_tim.o
    0x08003c10   0x08003c10   0x00000018   Code   RO           14    i.HAL_TIM_PeriodElapsedCallback  main.o
    0x08003c28   0x08003c28   0x00000002   Code   RO          894    i.HAL_TIM_TriggerCallback  stm32f4xx_hal_tim.o
    0x08003c2a   0x08003c2a   0x00000070   Code   RO         3551    i.HAL_UARTEx_ReceiveToIdle_DMA  stm32f4xx_hal_uart.o
    0x08003c9a   0x08003c9a   0x00000002   PAD
    0x08003c9c   0x08003c9c   0x00000098   Code   RO         4096    i.HAL_UARTEx_RxEventCallback  bsp_usart.o
    0x08003d34   0x08003d34   0x00000070   Code   RO         4097    i.HAL_UART_ErrorCallback  bsp_usart.o
    0x08003da4   0x08003da4   0x00000076   Code   RO         3571    i.HAL_UART_Init     stm32f4xx_hal_uart.o
    0x08003e1a   0x08003e1a   0x00000002   PAD
    0x08003e1c   0x08003e1c   0x000001d0   Code   RO          573    i.HAL_UART_MspInit  usart.o
    0x08003fec   0x08003fec   0x00000002   Code   RO         3577    i.HAL_UART_RxCpltCallback  stm32f4xx_hal_uart.o
    0x08003fee   0x08003fee   0x00000002   Code   RO         3578    i.HAL_UART_RxHalfCpltCallback  stm32f4xx_hal_uart.o
    0x08003ff0   0x08003ff0   0x000000be   Code   RO         3579    i.HAL_UART_Transmit  stm32f4xx_hal_uart.o
    0x080040ae   0x080040ae   0x00000002   PAD
    0x080040b0   0x080040b0   0x0000009c   Code   RO         3580    i.HAL_UART_Transmit_DMA  stm32f4xx_hal_uart.o
    0x0800414c   0x0800414c   0x00000038   Code   RO         3581    i.HAL_UART_Transmit_IT  stm32f4xx_hal_uart.o
    0x08004184   0x08004184   0x00000002   Code   RO         3582    i.HAL_UART_TxCpltCallback  stm32f4xx_hal_uart.o
    0x08004186   0x08004186   0x00000002   Code   RO         3583    i.HAL_UART_TxHalfCpltCallback  stm32f4xx_hal_uart.o
    0x08004188   0x08004188   0x00000004   Code   RO          630    i.HardFault_Handler  stm32f4xx_it.o
    0x0800418c   0x0800418c   0x0000000e   Code   RO          304    i.ImuTask_f         freertos.o
    0x0800419a   0x0800419a   0x00000002   PAD
    0x0800419c   0x0800419c   0x00000044   Code   RO          393    i.MX_CAN1_Init      can.o
    0x080041e0   0x080041e0   0x00000044   Code   RO          394    i.MX_CAN2_Init      can.o
    0x08004224   0x08004224   0x00000088   Code   RO          440    i.MX_DMA_Init       dma.o
    0x080042ac   0x080042ac   0x0000007c   Code   RO          305    i.MX_FREERTOS_Init  freertos.o
    0x08004328   0x08004328   0x00000210   Code   RO          278    i.MX_GPIO_Init      gpio.o
    0x08004538   0x08004538   0x00000048   Code   RO          466    i.MX_SPI1_Init      spi.o
    0x08004580   0x08004580   0x0000006c   Code   RO          511    i.MX_TIM10_Init     tim.o
    0x080045ec   0x080045ec   0x0000007c   Code   RO          512    i.MX_TIM4_Init      tim.o
    0x08004668   0x08004668   0x00000038   Code   RO          574    i.MX_USART1_UART_Init  usart.o
    0x080046a0   0x080046a0   0x0000003c   Code   RO          575    i.MX_USART3_UART_Init  usart.o
    0x080046dc   0x080046dc   0x00000004   Code   RO          631    i.MemManage_Handler  stm32f4xx_it.o
    0x080046e0   0x080046e0   0x0000014c   Code   RO         4288    i.MotorSenderGrouping  dji_motor.o
    0x0800482c   0x0800482c   0x00000004   Code   RO          632    i.NMI_Handler       stm32f4xx_it.o
    0x08004830   0x08004830   0x00000088   Code   RO         5269    i.NacInit           minipc_process.o
    0x080048b8   0x080048b8   0x00000014   Code   RO         5270    i.NacOfflineCallback  minipc_process.o
    0x080048cc   0x080048cc   0x00000022   Code   RO         5271    i.NacRecvRegister   minipc_process.o
    0x080048ee   0x080048ee   0x00000002   PAD
    0x080048f0   0x080048f0   0x0000002c   Code   RO         5272    i.NacSend           minipc_process.o
    0x0800491c   0x0800491c   0x0000001e   Code   RO         5273    i.NacSendRegister   minipc_process.o
    0x0800493a   0x0800493a   0x00000002   PAD
    0x0800493c   0x0800493c   0x00000184   Code   RO         4165    i.PIDCalculate      controller.o
    0x08004ac0   0x08004ac0   0x00000064   Code   RO         4166    i.PIDInit           controller.o
    0x08004b24   0x08004b24   0x0000001e   Code   RO         5274    i.RecvProcess       minipc_process.o
    0x08004b42   0x08004b42   0x0000000a   Code   RO         5822    i.RobotCMDInit      robot_cmd.o
    0x08004b4c   0x08004b4c   0x00000010   Code   RO          633    i.SPI1_IRQHandler   stm32f4xx_it.o
    0x08004b5c   0x08004b5c   0x00000014   Code   RO         3257    i.SPI_DMAAbortOnError  stm32f4xx_hal_spi.o
    0x08004b70   0x08004b70   0x0000000c   Code   RO         5275    i.SendProcess       minipc_process.o
    0x08004b7c   0x08004b7c   0x0000000e   Code   RO          306    i.ShootTask_f       freertos.o
    0x08004b8a   0x08004b8a   0x00000002   PAD
    0x08004b8c   0x08004b8c   0x00000034   Code   RO         7124    i.SysTick_Handler   port.o
    0x08004bc0   0x08004bc0   0x000000b8   Code   RO           15    i.SystemClock_Config  main.o
    0x08004c78   0x08004c78   0x00000014   Code   RO         3915    i.SystemInit        system_stm32f4xx.o
    0x08004c8c   0x08004c8c   0x00000010   Code   RO          634    i.TIM8_TRG_COM_TIM14_IRQHandler  stm32f4xx_it.o
    0x08004c9c   0x08004c9c   0x000000e0   Code   RO          896    i.TIM_Base_SetConfig  stm32f4xx_hal_tim.o
    0x08004d7c   0x08004d7c   0x00000022   Code   RO          897    i.TIM_CCxChannelCmd  stm32f4xx_hal_tim.o
    0x08004d9e   0x08004d9e   0x00000002   PAD
    0x08004da0   0x08004da0   0x00000070   Code   RO          909    i.TIM_OC1_SetConfig  stm32f4xx_hal_tim.o
    0x08004e10   0x08004e10   0x0000007c   Code   RO          910    i.TIM_OC2_SetConfig  stm32f4xx_hal_tim.o
    0x08004e8c   0x08004e8c   0x00000078   Code   RO          911    i.TIM_OC3_SetConfig  stm32f4xx_hal_tim.o
    0x08004f04   0x08004f04   0x00000054   Code   RO          912    i.TIM_OC4_SetConfig  stm32f4xx_hal_tim.o
    0x08004f58   0x08004f58   0x00000050   Code   RO         3585    i.UART_DMAError     stm32f4xx_hal_uart.o
    0x08004fa8   0x08004fa8   0x000000b4   Code   RO         3586    i.UART_DMAReceiveCplt  stm32f4xx_hal_uart.o
    0x0800505c   0x0800505c   0x00000024   Code   RO         3588    i.UART_DMARxHalfCplt  stm32f4xx_hal_uart.o
    0x08005080   0x08005080   0x00000058   Code   RO         3590    i.UART_DMATransmitCplt  stm32f4xx_hal_uart.o
    0x080050d8   0x080050d8   0x0000000e   Code   RO         3592    i.UART_DMATxHalfCplt  stm32f4xx_hal_uart.o
    0x080050e6   0x080050e6   0x0000006c   Code   RO         3594    i.UART_EndRxTransfer  stm32f4xx_hal_uart.o
    0x08005152   0x08005152   0x00000026   Code   RO         3596    i.UART_EndTxTransfer  stm32f4xx_hal_uart.o
    0x08005178   0x08005178   0x0000022c   Code   RO         3598    i.UART_SetConfig    stm32f4xx_hal_uart.o
    0x080053a4   0x080053a4   0x000000d8   Code   RO         3599    i.UART_Start_Receive_DMA  stm32f4xx_hal_uart.o
    0x0800547c   0x0800547c   0x0000008c   Code   RO         3602    i.UART_WaitOnFlagUntilTimeout  stm32f4xx_hal_uart.o
    0x08005508   0x08005508   0x00000050   Code   RO         4099    i.USARTRegister     bsp_usart.o
    0x08005558   0x08005558   0x0000004e   Code   RO         4100    i.USARTSend         bsp_usart.o
    0x080055a6   0x080055a6   0x0000002c   Code   RO         4101    i.USARTServiceInit  bsp_usart.o
    0x080055d2   0x080055d2   0x00000004   Code   RO          635    i.UsageFault_Handler  stm32f4xx_it.o
    0x080055d6   0x080055d6   0x00000002   PAD
    0x080055d8   0x080055d8   0x00000010   Code   RO         2824    i.__NVIC_GetPriorityGrouping  stm32f4xx_hal_cortex.o
    0x080055e8   0x080055e8   0x00000028   Code   RO         2825    i.__NVIC_SetPriority  stm32f4xx_hal_cortex.o
    0x08005610   0x08005610   0x0000000e   Code   RO         7847    i.__scatterload_copy  mc_w.l(handlers.o)
    0x0800561e   0x0800561e   0x00000002   Code   RO         7848    i.__scatterload_null  mc_w.l(handlers.o)
    0x08005620   0x08005620   0x0000000e   Code   RO         7849    i.__scatterload_zeroinit  mc_w.l(handlers.o)
    0x0800562e   0x0800562e   0x0000001a   Code   RO         5677    i.absf              arm.o
    0x08005648   0x08005648   0x000000d0   Code   RO         5678    i.angry_action      arm.o
    0x08005718   0x08005718   0x00000040   Code   RO         5679    i.armmotorbsp       arm.o
    0x08005758   0x08005758   0x00000018   Code   RO         5461    i.buzzer_init       bsp_buzzer.o
    0x08005770   0x08005770   0x00000010   Code   RO         5462    i.buzzer_off        bsp_buzzer.o
    0x08005780   0x08005780   0x00000060   Code   RO         5463    i.buzzer_on         bsp_buzzer.o
    0x080057e0   0x080057e0   0x000000bc   Code   RO         5464    i.buzzer_play_song  bsp_buzzer.o
    0x0800589c   0x0800589c   0x00000018   Code   RO         5465    i.buzzer_play_tone  bsp_buzzer.o
    0x080058b4   0x080058b4   0x00000046   Code   RO         5466    i.buzzer_set_freq   bsp_buzzer.o
    0x080058fa   0x080058fa   0x00000002   PAD
    0x080058fc   0x080058fc   0x00000020   Code   RO         5467    i.buzzer_tim_clk_hz  bsp_buzzer.o
    0x0800591c   0x0800591c   0x0000002a   Code   RO         5680    i.clampf            arm.o
    0x08005946   0x08005946   0x00000002   PAD
    0x08005948   0x08005948   0x000000c8   Code   RO         4167    i.f_Changing_Integration_Rate  controller.o
    0x08005a10   0x08005a10   0x00000042   Code   RO         4168    i.f_Derivative_Filter  controller.o
    0x08005a52   0x08005a52   0x00000022   Code   RO         4169    i.f_Derivative_On_Measurement  controller.o
    0x08005a74   0x08005a74   0x000000d4   Code   RO         4170    i.f_Integral_Limit  controller.o
    0x08005b48   0x08005b48   0x00000042   Code   RO         4171    i.f_Output_Filter   controller.o
    0x08005b8a   0x08005b8a   0x0000003e   Code   RO         4172    i.f_Output_Limit    controller.o
    0x08005bc8   0x08005bc8   0x000000bc   Code   RO         4173    i.f_PID_ErrorHandle  controller.o
    0x08005c84   0x08005c84   0x00000084   Code   RO         4174    i.f_Trapezoid_Intergral  controller.o
    0x08005d08   0x08005d08   0x0000000a   Code   RO         4175    i.fabsf             controller.o
    0x08005d12   0x08005d12   0x00000002   PAD
    0x08005d14   0x08005d14   0x000003d4   Code   RO         5681    i.happy_action      arm.o
    0x080060e8   0x080060e8   0x00000040   Code   RO           16    i.main              main.o
    0x08006128   0x08006128   0x0000000e   Code   RO         6689    i.makeFreeRtosPriority  cmsis_os.o
    0x08006136   0x08006136   0x00000002   PAD
    0x08006138   0x08006138   0x0000006c   Code   RO         7740    i.malloc            mc_w.l(malloc.o)
    0x080061a4   0x080061a4   0x00000018   Code   RO         6691    i.osDelay           cmsis_os.o
    0x080061bc   0x080061bc   0x0000000a   Code   RO         6694    i.osKernelStart     cmsis_os.o
    0x080061c6   0x080061c6   0x0000005e   Code   RO         6728    i.osThreadCreate    cmsis_os.o
    0x08006224   0x08006224   0x00000098   Code   RO         6354    i.prvAddCurrentTaskToDelayedList  tasks.o
    0x080062bc   0x080062bc   0x000000b4   Code   RO         6355    i.prvAddNewTaskToReadyList  tasks.o
    0x08006370   0x08006370   0x00000048   Code   RO         6356    i.prvCheckTasksWaitingTermination  tasks.o
    0x080063b8   0x080063b8   0x00000050   Code   RO         6357    i.prvDeleteTCB      tasks.o
    0x08006408   0x08006408   0x0000007c   Code   RO         7056    i.prvHeapInit       heap_4.o
    0x08006484   0x08006484   0x00000028   Code   RO         6358    i.prvIdleTask       tasks.o
    0x080064ac   0x080064ac   0x000000b4   Code   RO         6359    i.prvInitialiseNewTask  tasks.o
    0x08006560   0x08006560   0x00000068   Code   RO         6360    i.prvInitialiseTaskLists  tasks.o
    0x080065c8   0x080065c8   0x00000068   Code   RO         7057    i.prvInsertBlockIntoFreeList  heap_4.o
    0x08006630   0x08006630   0x00000034   Code   RO         6361    i.prvResetNextTaskUnblockTime  tasks.o
    0x08006664   0x08006664   0x00000040   Code   RO         7125    i.prvTaskExitError  port.o
    0x080066a4   0x080066a4   0x0000014c   Code   RO         7058    i.pvPortMalloc      heap_4.o
    0x080067f0   0x080067f0   0x0000002c   Code   RO         7126    i.pxPortInitialiseStack  port.o
    0x0800681c   0x0800681c   0x00000050   Code   RO         5683    i.refresh           arm.o
    0x0800686c   0x0800686c   0x00000138   Code   RO         5684    i.sad_action        arm.o
    0x080069a4   0x080069a4   0x000000bc   Code   RO         5685    i.song_task         arm.o
    0x08006a60   0x08006a60   0x00000028   Code   RO         5980    i.uxListRemove      list.o
    0x08006a88   0x08006a88   0x00000018   Code   RO          307    i.vApplicationGetIdleTaskMemory  freertos.o
    0x08006aa0   0x08006aa0   0x0000001a   Code   RO         5981    i.vListInitialise   list.o
    0x08006aba   0x08006aba   0x00000006   Code   RO         5982    i.vListInitialiseItem  list.o
    0x08006ac0   0x08006ac0   0x00000034   Code   RO         5983    i.vListInsert       list.o
    0x08006af4   0x08006af4   0x00000018   Code   RO         5984    i.vListInsertEnd    list.o
    0x08006b0c   0x08006b0c   0x00000054   Code   RO         7128    i.vPortEnterCritical  port.o
    0x08006b60   0x08006b60   0x0000003c   Code   RO         7129    i.vPortExitCritical  port.o
    0x08006b9c   0x08006b9c   0x000000a4   Code   RO         7059    i.vPortFree         heap_4.o
    0x08006c40   0x08006c40   0x00000028   Code   RO         7130    i.vPortSetupTimerInterrupt  port.o
    0x08006c68   0x08006c68   0x0000005c   Code   RO         6370    i.vTaskDelay        tasks.o
    0x08006cc4   0x08006cc4   0x000000b0   Code   RO         6384    i.vTaskStartScheduler  tasks.o
    0x08006d74   0x08006d74   0x00000010   Code   RO         6386    i.vTaskSuspendAll   tasks.o
    0x08006d84   0x08006d84   0x0000008c   Code   RO         6387    i.vTaskSwitchContext  tasks.o
    0x08006e10   0x08006e10   0x00000168   Code   RO         7132    i.xPortStartScheduler  port.o
    0x08006f78   0x08006f78   0x00000064   Code   RO         6390    i.xTaskCreate       tasks.o
    0x08006fdc   0x08006fdc   0x000000ba   Code   RO         6391    i.xTaskCreateStatic  tasks.o
    0x08007096   0x08007096   0x00000002   PAD
    0x08007098   0x08007098   0x00000148   Code   RO         6398    i.xTaskIncrementTick  tasks.o
    0x080071e0   0x080071e0   0x00000104   Code   RO         6404    i.xTaskResumeAll    tasks.o
    0x080072e4   0x080072e4   0x00000070   Data   RO          309    .constdata          freertos.o
    0x08007354   0x08007354   0x00000008   Data   RO         2538    .constdata          stm32f4xx_hal_dma.o
    0x0800735c   0x0800735c   0x00000018   Data   RO         3916    .constdata          system_stm32f4xx.o
    0x08007374   0x08007374   0x0000000c   Data   RO         4290    .constdata          dji_motor.o
    0x08007380   0x08007380   0x00000014   Data   RO         5277    .constdata          minipc_process.o
    0x08007394   0x08007394   0x000002cc   Data   RO         5468    .constdata          bsp_buzzer.o
    0x08007660   0x08007660   0x0000043c   Data   RO         5687    .constdata          arm.o
    0x08007a9c   0x08007a9c   0x00000028   Data   RO          310    .conststring        freertos.o
    0x08007ac4   0x08007ac4   0x00000020   Data   RO         7845    Region$$Table       anon$$obj.o


    Execution Region RW_IRAM1 (Exec base: 0x20000000, Load base: 0x08007ae4, Size: 0x00017a18, Max: 0x0001c000, ABSOLUTE, COMPRESSED[0x0000003c])

    Exec Addr    Load Addr    Size         Type   Attr      Idx    E Section Name        Object

    0x20000000   COMPRESSED   0x00000010   Data   RW          311    .data               freertos.o
    0x20000010   COMPRESSED   0x00000004   Data   RW          396    .data               can.o
    0x20000014   COMPRESSED   0x00000009   Data   RW         2988    .data               stm32f4xx_hal.o
    0x2000001d   COMPRESSED   0x00000003   PAD
    0x20000020   COMPRESSED   0x00000004   Data   RW         3917    .data               system_stm32f4xx.o
    0x20000024   COMPRESSED   0x0000000c   Data   RW         3960    .data               bsp_can.o
    0x20000030   COMPRESSED   0x00000048   Data   RW         4029    .data               bsp_dwt.o
    0x20000078   COMPRESSED   0x00000001   Data   RW         4103    .data               bsp_usart.o
    0x20000079   COMPRESSED   0x00000003   PAD
    0x2000007c   COMPRESSED   0x00000008   Data   RW         4176    .data               controller.o
    0x20000084   COMPRESSED   0x0000018d   Data   RW         4291    .data               dji_motor.o
    0x20000211   COMPRESSED   0x00000001   Data   RW         4661    .data               daemon.o
    0x20000212   COMPRESSED   0x00000002   PAD
    0x20000214   COMPRESSED   0x0000000c   Data   RW         5278    .data               minipc_process.o
    0x20000220   COMPRESSED   0x00000070   Data   RW         5688    .data               arm.o
    0x20000290   COMPRESSED   0x0000003c   Data   RW         6407    .data               tasks.o
    0x200002cc   COMPRESSED   0x00000020   Data   RW         7065    .data               heap_4.o
    0x200002ec   COMPRESSED   0x0000000c   Data   RW         7133    .data               port.o
    0x200002f8   COMPRESSED   0x00000004   Data   RW         7819    .data               mc_w.l(mvars.o)
    0x200002fc   COMPRESSED   0x00000004   Data   RW         7820    .data               mc_w.l(mvars.o)
    0x20000300        -       0x00000264   Zero   RW          308    .bss                freertos.o
    0x20000564        -       0x00000050   Zero   RW          395    .bss                can.o
    0x200005b4        -       0x00000118   Zero   RW          467    .bss                spi.o
    0x200006cc        -       0x00000090   Zero   RW          513    .bss                tim.o
    0x2000075c        -       0x00000150   Zero   RW          576    .bss                usart.o
    0x200008ac        -       0x00000048   Zero   RW          765    .bss                stm32f4xx_hal_timebase_tim.o
    0x200008f4        -       0x0000005c   Zero   RW         3959    .bss                bsp_can.o
    0x20000950        -       0x0000000c   Zero   RW         4102    .bss                bsp_usart.o
    0x2000095c        -       0x00000030   Zero   RW         4289    .bss                dji_motor.o
    0x2000098c        -       0x00000080   Zero   RW         4660    .bss                daemon.o
    0x20000a0c        -       0x0000000c   Zero   RW         5276    .bss                minipc_process.o
    0x20000a18        -       0x000000f0   Zero   RW         5686    .bss                arm.o
    0x20000b08        -       0x000000f0   Zero   RW         6406    .bss                tasks.o
    0x20000bf8        -       0x00004e20   Zero   RW         7064    .bss                heap_4.o
    0x20005a18        -       0x00009000   Zero   RW            2    HEAP                startup_stm32f407xx.o
    0x2000ea18        -       0x00009000   Zero   RW            1    STACK               startup_stm32f407xx.o


    Execution Region RW_IRAM2 (Exec base: 0x2001c000, Load base: 0x08007b20, Size: 0x00000000, Max: 0x00004000, ABSOLUTE)

    **** No section assigned to this execution region ****


==============================================================================

Image component sizes


      Code (inc. data)   RO Data    RW Data    ZI Data      Debug   Object Name

      3254        314       1084        112        240      11147   arm.o
       450         44        716          0          0       5928   bsp_buzzer.o
       632         50          0         12         92       5996   bsp_can.o
       552        104          0         72          0       4172   bsp_dwt.o
       466         28          0          1         12       6033   bsp_usart.o
       520         44          0          4         80       2586   can.o
         0          0          0          0          0        964   chassis.o
       142          0          0          0          0      23079   cmsis_os.o
      1458         50          0          8          0      12760   controller.o
        94          8          0          1        128       2472   daemon.o
      1328         78         12        397         48      13267   dji_motor.o
       136          6          0          0          0        958   dma.o
         0          0          0          0          0      14420   event_groups.o
       204         32        152         16        612      11621   freertos.o
       528         28          0          0          0       1379   gpio.o
       724         74          0         32      20000       7527   heap_4.o
       148          0          0          0          0       3686   list.o
       278         16          0          0          0     743204   main.o
       382         36         20         12         12       6479   minipc_process.o
       894         78          0         12          0      11292   port.o
         0          0          0          0          0        392   ramp_contorller.o
         0          0          0          0          0        784   remote.o
        10          0          0          0          0        499   robot_cmd.o
       432         38          0          0        280       2063   spi.o
        36          8        392          0      73728        836   startup_stm32f407xx.o
        96         20          0          9          0       8226   stm32f4xx_hal.o
      2236          4          0          0          0      15306   stm32f4xx_hal_can.o
       260         22          0          0          0      33534   stm32f4xx_hal_cortex.o
      1264         16          8          0          0       6246   stm32f4xx_hal_dma.o
       512         46          0          0          0       2224   stm32f4xx_hal_gpio.o
        84          6          0          0          0        990   stm32f4xx_hal_msp.o
      1888         94          0          0          0       6401   stm32f4xx_hal_rcc.o
       570          6          0          0          0       3548   stm32f4xx_hal_spi.o
      2126        172          0          0          0      13015   stm32f4xx_hal_tim.o
       184         30          0          0          0       2637   stm32f4xx_hal_tim_ex.o
       180         20          0          0         72       1596   stm32f4xx_hal_timebase_tim.o
      2096         36          0          0          0      14551   stm32f4xx_hal_uart.o
       182         60          0          0          0       7899   stm32f4xx_it.o
        20          6         24          4          0       1263   system_stm32f4xx.o
      2158        270          0         60        240      20417   tasks.o
       512         56          0          0        144       3733   tim.o
       580         62          0          0        336       2749   usart.o
         0          0          0          0          0        980   user_lib.o

    ----------------------------------------------------------------------
     27666       1962       2440        760      96024    1038859   Object Totals
         0          0         32          0          0          0   (incl. Generated)
        50          0          0          8          0          0   (incl. Padding)

    ----------------------------------------------------------------------

      Code (inc. data)   RO Data    RW Data    ZI Data      Debug   Library Member Name

        86          0          0          0          0          0   __dczerorl2.o
         0          0          0          0          0          0   entry.o
         0          0          0          0          0          0   entry10a.o
         0          0          0          0          0          0   entry11a.o
         8          4          0          0          0          0   entry2.o
         4          0          0          0          0          0   entry5.o
         0          0          0          0          0          0   entry7b.o
         0          0          0          0          0          0   entry8b.o
         8          4          0          0          0          0   entry9a.o
        30          0          0          0          0          0   handlers.o
        36          8          0          0          0         68   init.o
         0          0          0          0          0          0   iusefp.o
        30          0          0          0          0         68   llshl.o
        32          0          0          0          0         68   llushr.o
       108         16          0          0          0         84   malloc.o
        36          0          0          0          0         68   memcpya.o
        36          0          0          0          0        108   memseta.o
         0          0          0          8          0          0   mvars.o
        98          0          0          0          0         92   uldiv.o
        56          0          0          0          0         88   d2f.o
       222          0          0          0          0        100   ddiv.o
       186          0          0          0          0        176   depilogue.o
       228          0          0          0          0         96   dmul.o
        38          0          0          0          0         68   f2d.o
       110          0          0          0          0        168   fepilogue.o

    ----------------------------------------------------------------------
      1354         32          0          8          0       1252   Library Totals
         2          0          0          0          0          0   (incl. Padding)

    ----------------------------------------------------------------------

      Code (inc. data)   RO Data    RW Data    ZI Data      Debug   Library Name

       512         32          0          8          0        556   mc_w.l
       840          0          0          0          0        696   mf_w.l

    ----------------------------------------------------------------------
      1354         32          0          8          0       1252   Library Totals

    ----------------------------------------------------------------------

==============================================================================


      Code (inc. data)   RO Data    RW Data    ZI Data      Debug   

     29020       1994       2440        768      96024    1017275   Grand Totals
     29020       1994       2440         60      96024    1017275   ELF Image Totals (compressed)
     29020       1994       2440         60          0          0   ROM Totals

==============================================================================

    Total RO  Size (Code + RO Data)                31460 (  30.72kB)
    Total RW  Size (RW Data + ZI Data)             96792 (  94.52kB)
    Total ROM Size (Code + RO Data + RW Data)      31520 (  30.78kB)

==============================================================================

