Component: ARM Compiler 5.06 update 7 (build 960) Tool: armlink [4d3601]

==============================================================================

Section Cross References

    startup_stm32f103xb.o(RESET) refers to startup_stm32f103xb.o(STACK) for __initial_sp
    startup_stm32f103xb.o(RESET) refers to startup_stm32f103xb.o(.text) for Reset_Handler
    startup_stm32f103xb.o(RESET) refers to stm32f1xx_it.o(i.NMI_Handler) for NMI_Handler
    startup_stm32f103xb.o(RESET) refers to stm32f1xx_it.o(i.HardFault_Handler) for HardFault_Handler
    startup_stm32f103xb.o(RESET) refers to stm32f1xx_it.o(i.MemManage_Handler) for MemManage_Handler
    startup_stm32f103xb.o(RESET) refers to stm32f1xx_it.o(i.BusFault_Handler) for BusFault_Handler
    startup_stm32f103xb.o(RESET) refers to stm32f1xx_it.o(i.UsageFault_Handler) for UsageFault_Handler
    startup_stm32f103xb.o(RESET) refers to port.o(.emb_text) for SVC_Handler
    startup_stm32f103xb.o(RESET) refers to stm32f1xx_it.o(i.DebugMon_Handler) for DebugMon_Handler
    startup_stm32f103xb.o(RESET) refers to port.o(i.SysTick_Handler) for SysTick_Handler
    startup_stm32f103xb.o(RESET) refers to stm32f1xx_it.o(i.DMA1_Channel1_IRQHandler) for DMA1_Channel1_IRQHandler
    startup_stm32f103xb.o(RESET) refers to stm32f1xx_it.o(i.DMA1_Channel3_IRQHandler) for DMA1_Channel3_IRQHandler
    startup_stm32f103xb.o(RESET) refers to stm32f1xx_it.o(i.DMA1_Channel5_IRQHandler) for DMA1_Channel5_IRQHandler
    startup_stm32f103xb.o(RESET) refers to stm32f1xx_it.o(i.ADC1_2_IRQHandler) for ADC1_2_IRQHandler
    startup_stm32f103xb.o(RESET) refers to stm32f1xx_it.o(i.TIM4_IRQHandler) for TIM4_IRQHandler
    startup_stm32f103xb.o(RESET) refers to stm32f1xx_it.o(i.USART1_IRQHandler) for USART1_IRQHandler
    startup_stm32f103xb.o(RESET) refers to stm32f1xx_it.o(i.USART3_IRQHandler) for USART3_IRQHandler
    startup_stm32f103xb.o(.text) refers to system_stm32f1xx.o(i.SystemInit) for SystemInit
    startup_stm32f103xb.o(.text) refers to entry.o(.ARM.Collect$$$$00000000) for __main
    main.o(i.ADC_Convert_Vol) refers to main.o(i.ADC_Filter) for ADC_Filter
    main.o(i.ADC_Convert_Vol) refers to fmul.o(.text) for __aeabi_fmul
    main.o(i.ADC_Convert_Vol) refers to fdiv.o(.text) for __aeabi_fdiv
    main.o(i.ADC_Convert_Vol) refers to main.o(.bss) for adc_buf
    main.o(i.ADC_Convert_Vol) refers to main.o(.data) for v_out
    main.o(i.ADC_Filter) refers to ffltui.o(.text) for __aeabi_ui2f
    main.o(i.ADC_Filter) refers to fdiv.o(.text) for __aeabi_fdiv
    main.o(i.HAL_TIM_PeriodElapsedCallback) refers to stm32f1xx_hal.o(i.HAL_IncTick) for HAL_IncTick
    main.o(i.HAL_UARTEx_RxEventCallback) refers to main.o(i.Process_Voice_Logic) for Process_Voice_Logic
    main.o(i.HAL_UARTEx_RxEventCallback) refers to stm32f1xx_hal_uart.o(i.HAL_UARTEx_ReceiveToIdle_DMA) for HAL_UARTEx_ReceiveToIdle_DMA
    main.o(i.HAL_UARTEx_RxEventCallback) refers to main.o(i.Process_Light_Logic) for Process_Light_Logic
    main.o(i.HAL_UARTEx_RxEventCallback) refers to main.o(.bss) for g_voice_buffer
    main.o(i.HAL_UARTEx_RxEventCallback) refers to usart.o(.bss) for huart1
    main.o(i.HAL_UARTEx_RxEventCallback) refers to main.o(.data) for g_rx_buffer
    main.o(i.PI_Calculate) refers to fadd.o(.text) for __aeabi_fsub
    main.o(i.PI_Calculate) refers to fmul.o(.text) for __aeabi_fmul
    main.o(i.PI_Calculate) refers to cfrcmple.o(.text) for __aeabi_cfrcmple
    main.o(i.PI_Calculate) refers to cfcmple.o(.text) for __aeabi_cfcmple
    main.o(i.PI_Init) refers to f2d.o(.text) for __aeabi_f2d
    main.o(i.PI_Init) refers to dmul.o(.text) for __aeabi_dmul
    main.o(i.PI_Init) refers to d2f.o(.text) for __aeabi_d2f
    main.o(i.Process_Light_Logic) refers to stm32f1xx_hal.o(i.HAL_GetTick) for HAL_GetTick
    main.o(i.Process_Light_Logic) refers to ffltui.o(.text) for __aeabi_ui2f
    main.o(i.Process_Light_Logic) refers to fmul.o(.text) for __aeabi_fmul
    main.o(i.Process_Light_Logic) refers to sinf.o(i.sinf) for sinf
    main.o(i.Process_Light_Logic) refers to fadd.o(.text) for __aeabi_fadd
    main.o(i.Process_Light_Logic) refers to fdiv.o(.text) for __aeabi_fdiv
    main.o(i.Process_Light_Logic) refers to main.o(.data) for g_rx_buffer
    main.o(i.Process_Light_Logic) refers to face_config.o(.data) for Face_Mode
    main.o(i.Process_Light_Logic) refers to main.o(.bss) for pi_buck
    main.o(i.Process_Voice_Logic) refers to stm32f1xx_hal_gpio.o(i.HAL_GPIO_WritePin) for HAL_GPIO_WritePin
    main.o(i.Process_Voice_Logic) refers to memseta.o(.text) for __aeabi_memclr4
    main.o(i.Process_Voice_Logic) refers to main.o(.bss) for g_voice_buffer
    main.o(i.Process_Voice_Logic) refers to main.o(.data) for active_visual_tt
    main.o(i.Process_Voice_Logic) refers to face_config.o(.data) for Face_Mode
    main.o(i.SystemClock_Config) refers to memseta.o(.text) for __aeabi_memclr4
    main.o(i.SystemClock_Config) refers to stm32f1xx_hal_rcc.o(i.HAL_RCC_OscConfig) for HAL_RCC_OscConfig
[...]
    i.HAL_RCC_GetClockConfig                 0x0800202c   Section        0  stm32f1xx_hal_rcc.o(i.HAL_RCC_GetClockConfig)
    i.HAL_RCC_GetHCLKFreq                    0x08002070   Section        0  stm32f1xx_hal_rcc.o(i.HAL_RCC_GetHCLKFreq)
    i.HAL_RCC_GetPCLK1Freq                   0x0800207c   Section        0  stm32f1xx_hal_rcc.o(i.HAL_RCC_GetPCLK1Freq)
    i.HAL_RCC_GetPCLK2Freq                   0x0800209c   Section        0  stm32f1xx_hal_rcc.o(i.HAL_RCC_GetPCLK2Freq)
    i.HAL_RCC_GetSysClockFreq                0x080020bc   Section        0  stm32f1xx_hal_rcc.o(i.HAL_RCC_GetSysClockFreq)
    i.HAL_RCC_OscConfig                      0x0800212c   Section        0  stm32f1xx_hal_rcc.o(i.HAL_RCC_OscConfig)
    i.HAL_TIMEx_BreakCallback                0x08002590   Section        0  stm32f1xx_hal_tim_ex.o(i.HAL_TIMEx_BreakCallback)
    i.HAL_TIMEx_CommutCallback               0x08002592   Section        0  stm32f1xx_hal_tim_ex.o(i.HAL_TIMEx_CommutCallback)
    i.HAL_TIMEx_ConfigBreakDeadTime          0x08002594   Section        0  stm32f1xx_hal_tim_ex.o(i.HAL_TIMEx_ConfigBreakDeadTime)
    i.HAL_TIMEx_MasterConfigSynchronization  0x08002608   Section        0  stm32f1xx_hal_tim_ex.o(i.HAL_TIMEx_MasterConfigSynchronization)
    i.HAL_TIM_Base_Init                      0x0800268c   Section        0  stm32f1xx_hal_tim.o(i.HAL_TIM_Base_Init)
    i.HAL_TIM_Base_MspInit                   0x080026f4   Section        0  tim.o(i.HAL_TIM_Base_MspInit)
    i.HAL_TIM_Base_Start_IT                  0x08002724   Section        0  stm32f1xx_hal_tim.o(i.HAL_TIM_Base_Start_IT)
    i.HAL_TIM_ConfigClockSource              0x0800279c   Section        0  stm32f1xx_hal_tim.o(i.HAL_TIM_ConfigClockSource)
    i.HAL_TIM_IC_CaptureCallback             0x080028a8   Section        0  stm32f1xx_hal_tim.o(i.HAL_TIM_IC_CaptureCallback)
    i.HAL_TIM_IRQHandler                     0x080028aa   Section        0  stm32f1xx_hal_tim.o(i.HAL_TIM_IRQHandler)
    i.HAL_TIM_MspPostInit                    0x08002a18   Section        0  tim.o(i.HAL_TIM_MspPostInit)
    i.HAL_TIM_OC_DelayElapsedCallback        0x08002a70   Section        0  stm32f1xx_hal_tim.o(i.HAL_TIM_OC_DelayElapsedCallback)
    i.HAL_TIM_PWM_ConfigChannel              0x08002a72   Section        0  stm32f1xx_hal_tim.o(i.HAL_TIM_PWM_ConfigChannel)
    i.HAL_TIM_PWM_Init                       0x08002b76   Section        0  stm32f1xx_hal_tim.o(i.HAL_TIM_PWM_Init)
    i.HAL_TIM_PWM_MspInit                    0x08002bdc   Section        0  stm32f1xx_hal_tim.o(i.HAL_TIM_PWM_MspInit)
    i.HAL_TIM_PWM_PulseFinishedCallback      0x08002bde   Section        0  stm32f1xx_hal_tim.o(i.HAL_TIM_PWM_PulseFinishedCallback)
    i.HAL_TIM_PWM_Start                      0x08002be0   Section        0  stm32f1xx_hal_tim.o(i.HAL_TIM_PWM_Start)
    i.HAL_TIM_PeriodElapsedCallback          0x08002cb4   Section        0  main.o(i.HAL_TIM_PeriodElapsedCallback)
    i.HAL_TIM_TriggerCallback                0x08002ccc   Section        0  stm32f1xx_hal_tim.o(i.HAL_TIM_TriggerCallback)
    i.HAL_UARTEx_ReceiveToIdle_DMA           0x08002cce   Section        0  stm32f1xx_hal_uart.o(i.HAL_UARTEx_ReceiveToIdle_DMA)
    i.HAL_UARTEx_RxEventCallback             0x08002d40   Section        0  main.o(i.HAL_UARTEx_RxEventCallback)
    i.HAL_UART_ErrorCallback                 0x08002d8c   Section        0  stm32f1xx_hal_uart.o(i.HAL_UART_ErrorCallback)
    i.HAL_UART_IRQHandler                    0x08002d90   Section        0  stm32f1xx_hal_uart.o(i.HAL_UART_IRQHandler)
    i.HAL_UART_Init                          0x08003074   Section        0  stm32f1xx_hal_uart.o(i.HAL_UART_Init)
    i.HAL_UART_MspInit                       0x080030ec   Section        0  usart.o(i.HAL_UART_MspInit)
    i.HAL_UART_RxCpltCallback                0x0800327c   Section        0  stm32f1xx_hal_uart.o(i.HAL_UART_RxCpltCallback)
    i.HAL_UART_RxHalfCpltCallback            0x0800327e   Section        0  stm32f1xx_hal_uart.o(i.HAL_UART_RxHalfCpltCallback)
    i.HAL_UART_TxCpltCallback                0x08003280   Section        0  stm32f1xx_hal_uart.o(i.HAL_UART_TxCpltCallback)
    i.HardFault_Handler                      0x08003282   Section        0  stm32f1xx_it.o(i.HardFault_Handler)
    i.I2C_IsAcknowledgeFailed                0x08003286   Section        0  stm32f1xx_hal_i2c.o(i.I2C_IsAcknowledgeFailed)
    I2C_IsAcknowledgeFailed                  0x08003287   Thumb Code    62  stm32f1xx_hal_i2c.o(i.I2C_IsAcknowledgeFailed)
    i.I2C_MasterRequestWrite                 0x080032c4   Section        0  stm32f1xx_hal_i2c.o(i.I2C_MasterRequestWrite)
    I2C_MasterRequestWrite                   0x080032c5   Thumb Code   186  stm32f1xx_hal_i2c.o(i.I2C_MasterRequestWrite)
    i.I2C_WaitOnBTFFlagUntilTimeout          0x08003384   Section        0  stm32f1xx_hal_i2c.o(i.I2C_WaitOnBTFFlagUntilTimeout)
    I2C_WaitOnBTFFlagUntilTimeout            0x08003385   Thumb Code   102  stm32f1xx_hal_i2c.o(i.I2C_WaitOnBTFFlagUntilTimeout)
    i.I2C_WaitOnFlagUntilTimeout             0x080033ea   Section        0  stm32f1xx_hal_i2c.o(i.I2C_WaitOnFlagUntilTimeout)
    I2C_WaitOnFlagUntilTimeout               0x080033eb   Thumb Code   190  stm32f1xx_hal_i2c.o(i.I2C_WaitOnFlagUntilTimeout)
    i.I2C_WaitOnMasterAddressFlagUntilTimeout 0x080034a8   Section        0  stm32f1xx_hal_i2c.o(i.I2C_WaitOnMasterAddressFlagUntilTimeout)
    I2C_WaitOnMasterAddressFlagUntilTimeout  0x080034a9   Thumb Code   250  stm32f1xx_hal_i2c.o(i.I2C_WaitOnMasterAddressFlagUntilTimeout)
    i.I2C_WaitOnTXEFlagUntilTimeout          0x080035a2   Section        0  stm32f1xx_hal_i2c.o(i.I2C_WaitOnTXEFlagUntilTimeout)
    I2C_WaitOnTXEFlagUntilTimeout            0x080035a3   Thumb Code   102  stm32f1xx_hal_i2c.o(i.I2C_WaitOnTXEFlagUntilTimeout)
    i.MX_ADC1_Init                           0x08003608   Section        0  adc.o(i.MX_ADC1_Init)
    i.MX_DMA_Init                            0x08003668   Section        0  dma.o(i.MX_DMA_Init)
    i.MX_FREERTOS_Init                       0x080036bc   Section        0  freertos.o(i.MX_FREERTOS_Init)
    i.MX_GPIO_Init                           0x08003700   Section        0  gpio.o(i.MX_GPIO_Init)
    i.MX_I2C1_Init                           0x080037d0   Section        0  i2c.o(i.MX_I2C1_Init)
    i.MX_TIM1_Init                           0x0800380c   Section        0  tim.o(i.MX_TIM1_Init)
    i.MX_USART1_UART_Init                    0x080038e4   Section        0  usart.o(i.MX_USART1_UART_Init)
    i.MX_USART3_UART_Init                    0x0800391c   Section        0  usart.o(i.MX_USART3_UART_Init)
    i.MemManage_Handler                      0x08003954   Section        0  stm32f1xx_it.o(i.MemManage_Handler)
    i.NMI_Handler                            0x08003958   Section        0  stm32f1xx_it.o(i.NMI_Handler)
    i.OLED_Clear                             0x0800395c   Section        0  oled.o(i.OLED_Clear)
    i.OLED_ClearArea                         0x08003984   Section        0  oled.o(i.OLED_ClearArea)
    i.OLED_Init                              0x08003a14   Section        0  oled.o(i.OLED_Init)
    i.OLED_SetCursor                         0x08003ab0   Section        0  oled.o(i.OLED_SetCursor)
    i.OLED_ShowImage                         0x08003ad4   Section        0  oled.o(i.OLED_ShowImage)
    i.OLED_Update                            0x08003bd0   Section        0  oled.o(i.OLED_Update)
    i.OLED_WriteCommand                      0x08003bf8   Section        0  oled.o(i.OLED_WriteCommand)
    i.OLED_WriteData                         0x08003c1c   Section        0  oled.o(i.OLED_WriteData)
    i.PI_Calculate                           0x08003c70   Section        0  main.o(i.PI_Calculate)
    i.PI_Init                                0x08003cdc   Section        0  main.o(i.PI_Init)
    i.Process_Light_Logic                    0x08003d28   Section        0  main.o(i.Process_Light_Logic)
    i.Process_Voice_Logic                    0x08003eb0   Section        0  main.o(i.Process_Voice_Logic)
    i.RCC_Delay                              0x08003fe4   Section        0  stm32f1xx_hal_rcc.o(i.RCC_Delay)
    RCC_Delay                                0x08003fe5   Thumb Code    36  stm32f1xx_hal_rcc.o(i.RCC_Delay)
    i.SysTick_Handler                        0x0800400c   Section        0  port.o(i.SysTick_Handler)
    i.SystemClock_Config                     0x08004040   Section        0  main.o(i.SystemClock_Config)
    i.SystemInit                             0x080040c4   Section        0  system_stm32f1xx.o(i.SystemInit)
    i.TIM4_IRQHandler                        0x080040c8   Section        0  stm32f1xx_it.o(i.TIM4_IRQHandler)
    i.TIM_Base_SetConfig                     0x080040d8   Section        0  stm32f1xx_hal_tim.o(i.TIM_Base_SetConfig)
    i.TIM_CCxChannelCmd                      0x0800415c   Section        0  stm32f1xx_hal_tim.o(i.TIM_CCxChannelCmd)
    i.TIM_ETR_SetConfig                      0x0800417e   Section        0  stm32f1xx_hal_tim.o(i.TIM_ETR_SetConfig)
    i.TIM_ITRx_SetConfig                     0x08004194   Section        0  stm32f1xx_hal_tim.o(i.TIM_ITRx_SetConfig)
    TIM_ITRx_SetConfig                       0x08004195   Thumb Code    18  stm32f1xx_hal_tim.o(i.TIM_ITRx_SetConfig)
    i.TIM_OC1_SetConfig                      0x080041a8   Section        0  stm32f1xx_hal_tim.o(i.TIM_OC1_SetConfig)
    TIM_OC1_SetConfig                        0x080041a9   Thumb Code    90  stm32f1xx_hal_tim.o(i.TIM_OC1_SetConfig)
    i.TIM_OC2_SetConfig                      0x08004208   Section        0  stm32f1xx_hal_tim.o(i.TIM_OC2_SetConfig)
    i.TIM_OC3_SetConfig                      0x08004270   Section        0  stm32f1xx_hal_tim.o(i.TIM_OC3_SetConfig)
    TIM_OC3_SetConfig                        0x08004271   Thumb Code    98  stm32f1xx_hal_tim.o(i.TIM_OC3_SetConfig)
    i.TIM_OC4_SetConfig                      0x080042d8   Section        0  stm32f1xx_hal_tim.o(i.TIM_OC4_SetConfig)
    TIM_OC4_SetConfig                        0x080042d9   Thumb Code    68  stm32f1xx_hal_tim.o(i.TIM_OC4_SetConfig)
    i.TIM_TI1_ConfigInputStage               0x08004320   Section        0  stm32f1xx_hal_tim.o(i.TIM_TI1_ConfigInputStage)
    TIM_TI1_ConfigInputStage                 0x08004321   Thumb Code    38  stm32f1xx_hal_tim.o(i.TIM_TI1_ConfigInputStage)
    i.TIM_TI2_ConfigInputStage               0x08004346   Section        0  stm32f1xx_hal_tim.o(i.TIM_TI2_ConfigInputStage)
    TIM_TI2_ConfigInputStage                 0x08004347   Thumb Code    40  stm32f1xx_hal_tim.o(i.TIM_TI2_ConfigInputStage)
    i.UART_DMAAbortOnError                   0x0800436e   Section        0  stm32f1xx_hal_uart.o(i.UART_DMAAbortOnError)
    UART_DMAAbortOnError                     0x0800436f   Thumb Code    20  stm32f1xx_hal_uart.o(i.UART_DMAAbortOnError)
    i.UART_DMAError                          0x08004382   Section        0  stm32f1xx_hal_uart.o(i.UART_DMAError)
    UART_DMAError                            0x08004383   Thumb Code    80  stm32f1xx_hal_uart.o(i.UART_DMAError)
    i.UART_DMAReceiveCplt                    0x080043d2   Section        0  stm32f1xx_hal_uart.o(i.UART_DMAReceiveCplt)
    UART_DMAReceiveCplt                      0x080043d3   Thumb Code   180  stm32f1xx_hal_uart.o(i.UART_DMAReceiveCplt)
    i.UART_DMARxHalfCplt                     0x08004486   Section        0  stm32f1xx_hal_uart.o(i.UART_DMARxHalfCplt)
    UART_DMARxHalfCplt                       0x08004487   Thumb Code    36  stm32f1xx_hal_uart.o(i.UART_DMARxHalfCplt)
    i.UART_EndRxTransfer                     0x080044aa   Section        0  stm32f1xx_hal_uart.o(i.UART_EndRxTransfer)
    UART_EndRxTransfer                       0x080044ab   Thumb Code   108  stm32f1xx_hal_uart.o(i.UART_EndRxTransfer)
    i.UART_EndTransmit_IT                    0x08004516   Section        0  stm32f1xx_hal_uart.o(i.UART_EndTransmit_IT)
    UART_EndTransmit_IT                      0x08004517   Thumb Code    32  stm32f1xx_hal_uart.o(i.UART_EndTransmit_IT)
    i.UART_EndTxTransfer                     0x08004536   Section        0  stm32f1xx_hal_uart.o(i.UART_EndTxTransfer)
    UART_EndTxTransfer                       0x08004537   Thumb Code    38  stm32f1xx_hal_uart.o(i.UART_EndTxTransfer)
    i.UART_Receive_IT                        0x0800455c   Section        0  stm32f1xx_hal_uart.o(i.UART_Receive_IT)
    UART_Receive_IT                          0x0800455d   Thumb Code   252  stm32f1xx_hal_uart.o(i.UART_Receive_IT)
    i.UART_SetConfig                         0x08004658   Section        0  stm32f1xx_hal_uart.o(i.UART_SetConfig)
    UART_SetConfig                           0x08004659   Thumb Code   248  stm32f1xx_hal_uart.o(i.UART_SetConfig)
    i.UART_Start_Receive_DMA                 0x08004754   Section        0  stm32f1xx_hal_uart.o(i.UART_Start_Receive_DMA)
    i.UART_Transmit_IT                       0x0800481c   Section        0  stm32f1xx_hal_uart.o(i.UART_Transmit_IT)
    UART_Transmit_IT                         0x0800481d   Thumb Code    96  stm32f1xx_hal_uart.o(i.UART_Transmit_IT)
    i.USART1_IRQHandler                      0x0800487c   Section        0  stm32f1xx_it.o(i.USART1_IRQHandler)
    i.USART3_IRQHandler                      0x0800488c   Section        0  stm32f1xx_it.o(i.USART3_IRQHandler)
    i.UsageFault_Handler                     0x0800489c   Section        0  stm32f1xx_it.o(i.UsageFault_Handler)
    i.__ARM_fpclassifyf                      0x080048a0   Section        0  fpclassifyf.o(i.__ARM_fpclassifyf)
    i.__NVIC_GetPriorityGrouping             0x080048c8   Section        0  stm32f1xx_hal_cortex.o(i.__NVIC_GetPriorityGrouping)
    __NVIC_GetPriorityGrouping               0x080048c9   Thumb Code    10  stm32f1xx_hal_cortex.o(i.__NVIC_GetPriorityGrouping)
    i.__NVIC_SetPriority                     0x080048d8   Section        0  stm32f1xx_hal_cortex.o(i.__NVIC_SetPriority)
    __NVIC_SetPriority                       0x080048d9   Thumb Code    32  stm32f1xx_hal_cortex.o(i.__NVIC_SetPriority)
    i.__mathlib_flt_infnan                   0x08004900   Section        0  funder.o(i.__mathlib_flt_infnan)
    i.__mathlib_flt_invalid                  0x08004906   Section        0  funder.o(i.__mathlib_flt_invalid)
    i.__mathlib_flt_underflow                0x0800490e   Section        0  funder.o(i.__mathlib_flt_underflow)
    i.__mathlib_rredf2                       0x08004918   Section        0  rredf.o(i.__mathlib_rredf2)
    i.__scatterload_copy                     0x08004a80   Section       14  handlers.o(i.__scatterload_copy)
    i.__scatterload_null                     0x08004a8e   Section        2  handlers.o(i.__scatterload_null)
    i.__scatterload_zeroinit                 0x08004a90   Section       14  handlers.o(i.__scatterload_zeroinit)
    i.__set_errno                            0x08004aa0   Section        0  errno.o(i.__set_errno)
    i.light_task                             0x08004aac   Section        0  main.o(i.light_task)
    i.lighttask_f                            0x08004ae0   Section        0  freertos.o(i.lighttask_f)
    i.main                                   0x08004af0   Section        0  main.o(i.main)
    i.makeFreeRtosPriority                   0x08004b94   Section        0  cmsis_os.o(i.makeFreeRtosPriority)
    makeFreeRtosPriority                     0x08004b95   Thumb Code    14  cmsis_os.o(i.makeFreeRtosPriority)
    i.oled_task                              0x08004ba2   Section        0  main.o(i.oled_task)
    i.oledtask_f                             0x08004bae   Section        0  freertos.o(i.oledtask_f)
    i.osDelay                                0x08004bbc   Section        0  cmsis_os.o(i.osDelay)
    i.osKernelStart                          0x08004bd4   Section        0  cmsis_os.o(i.osKernelStart)
    i.osThreadCreate                         0x08004bde   Section        0  cmsis_os.o(i.osThreadCreate)
    i.prvAddCurrentTaskToDelayedList         0x08004c3c   Section        0  tasks.o(i.prvAddCurrentTaskToDelayedList)
    prvAddCurrentTaskToDelayedList           0x08004c3d   Thumb Code   124  tasks.o(i.prvAddCurrentTaskToDelayedList)
    i.prvAddNewTaskToReadyList               0x08004cd4   Section        0  tasks.o(i.prvAddNewTaskToReadyList)
    prvAddNewTaskToReadyList                 0x08004cd5   Thumb Code   150  tasks.o(i.prvAddNewTaskToReadyList)
    i.prvCheckTasksWaitingTermination        0x08004d88   Section        0  tasks.o(i.prvCheckTasksWaitingTermination)
    prvCheckTasksWaitingTermination          0x08004d89   Thumb Code    60  tasks.o(i.prvCheckTasksWaitingTermination)
    i.prvDeleteTCB                           0x08004dd0   Section        0  tasks.o(i.prvDeleteTCB)
    prvDeleteTCB                             0x08004dd1   Thumb Code    80  tasks.o(i.prvDeleteTCB)
    i.prvHeapInit                            0x08004e20   Section        0  heap_4.o(i.prvHeapInit)
    prvHeapInit                              0x08004e21   Thumb Code    98  heap_4.o(i.prvHeapInit)
    i.prvIdleTask                            0x08004e9c   Section        0  tasks.o(i.prvIdleTask)
    prvIdleTask                              0x08004e9d   Thumb Code    32  tasks.o(i.prvIdleTask)
    i.prvInitialiseNewTask                   0x08004ec4   Section        0  tasks.o(i.prvInitialiseNewTask)
    prvInitialiseNewTask                     0x08004ec5   Thumb Code   180  tasks.o(i.prvInitialiseNewTask)
    i.prvInitialiseTaskLists                 0x08004f78   Section        0  tasks.o(i.prvInitialiseTaskLists)
    prvInitialiseTaskLists                   0x08004f79   Thumb Code    70  tasks.o(i.prvInitialiseTaskLists)
    i.prvInsertBlockIntoFreeList             0x08004fe0   Section        0  heap_4.o(i.prvInsertBlockIntoFreeList)
    prvInsertBlockIntoFreeList               0x08004fe1   Thumb Code    96  heap_4.o(i.prvInsertBlockIntoFreeList)
    i.prvResetNextTaskUnblockTime            0x08005048   Section        0  tasks.o(i.prvResetNextTaskUnblockTime)
    prvResetNextTaskUnblockTime              0x08005049   Thumb Code    42  tasks.o(i.prvResetNextTaskUnblockTime)
    i.prvTaskExitError                       0x0800507c   Section        0  port.o(i.prvTaskExitError)
    prvTaskExitError                         0x0800507d   Thumb Code    60  port.o(i.prvTaskExitError)
    i.pvPortMalloc                           0x080050bc   Section        0  heap_4.o(i.pvPortMalloc)
    i.pxPortInitialiseStack                  0x08005208   Section        0  port.o(i.pxPortInitialiseStack)
    i.sinf                                   0x0800522c   Section        0  sinf.o(i.sinf)
    i.uxListRemove                           0x080053b4   Section        0  list.o(i.uxListRemove)
    i.vApplicationGetIdleTaskMemory          0x080053dc   Section        0  freertos.o(i.vApplicationGetIdleTaskMemory)
    i.vListInitialise                        0x080053f4   Section        0  list.o(i.vListInitialise)
    i.vListInitialiseItem                    0x0800540e   Section        0  list.o(i.vListInitialiseItem)
    i.vListInsert                            0x08005414   Section        0  list.o(i.vListInsert)
    i.vListInsertEnd                         0x08005448   Section        0  list.o(i.vListInsertEnd)
    i.vPortEnterCritical                     0x08005460   Section        0  port.o(i.vPortEnterCritical)
    i.vPortExitCritical                      0x080054b4   Section        0  port.o(i.vPortExitCritical)
    i.vPortFree                              0x080054f0   Section        0  heap_4.o(i.vPortFree)
    i.vPortSetupTimerInterrupt               0x08005594   Section        0  port.o(i.vPortSetupTimerInterrupt)
    i.vTaskDelay                             0x080055bc   Section        0  tasks.o(i.vTaskDelay)
    i.vTaskStartScheduler                    0x08005618   Section        0  tasks.o(i.vTaskStartScheduler)
    i.vTaskSuspendAll                        0x080056c8   Section        0  tasks.o(i.vTaskSuspendAll)
    i.vTaskSwitchContext                     0x080056d8   Section        0  tasks.o(i.vTaskSwitchContext)
    i.xPortStartScheduler                    0x08005764   Section        0  port.o(i.xPortStartScheduler)
    i.xTaskCreate                            0x0800585c   Section        0  tasks.o(i.xTaskCreate)
    i.xTaskCreateStatic                      0x080058c0   Section        0  tasks.o(i.xTaskCreateStatic)
    i.xTaskIncrementTick                     0x0800597c   Section        0  tasks.o(i.xTaskIncrementTick)
    i.xTaskResumeAll                         0x08005ac4   Section        0  tasks.o(i.xTaskResumeAll)
    .constdata                               0x08005bc8   Section       56  freertos.o(.constdata)
    .constdata                               0x08005c00   Section       18  stm32f1xx_hal_rcc.o(.constdata)
    aPLLMULFactorTable                       0x08005c00   Data          16  stm32f1xx_hal_rcc.o(.constdata)
    aPredivFactorTable                       0x08005c10   Data           2  stm32f1xx_hal_rcc.o(.constdata)
    .constdata                               0x08005c12   Section       24  system_stm32f1xx.o(.constdata)
    .constdata                               0x08005c2a   Section     9290  oled_data.o(.constdata)
    .constdata                               0x08008074   Section       32  rredf.o(.constdata)
    twooverpi                                0x08008074   Data          32  rredf.o(.constdata)
    .conststring                             0x08008094   Section       22  freertos.o(.conststring)
    .data                                    0x20000000   Section       36  main.o(.data)
    .data                                    0x20000024   Section        8  freertos.o(.data)
    .data                                    0x2000002c   Section        9  stm32f1xx_hal.o(.data)
    .data                                    0x20000038   Section        4  system_stm32f1xx.o(.data)
    .data                                    0x2000003c   Section        2  face_config.o(.data)
    .data                                    0x20000040   Section       60  tasks.o(.data)
    pxDelayedTaskList                        0x20000044   Data           4  tasks.o(.data)
    pxOverflowDelayedTaskList                0x20000048   Data           4  tasks.o(.data)
    uxDeletedTasksWaitingCleanUp             0x2000004c   Data           4  tasks.o(.data)
    uxCurrentNumberOfTasks                   0x20000050   Data           4  tasks.o(.data)
    xTickCount                               0x20000054   Data           4  tasks.o(.data)
    uxTopReadyPriority                       0x20000058   Data           4  tasks.o(.data)
    xSchedulerRunning                        0x2000005c   Data           4  tasks.o(.data)
    xPendedTicks                             0x20000060   Data           4  tasks.o(.data)
    xYieldPending                            0x20000064   Data           4  tasks.o(.data)
    xNumOfOverflows                          0x20000068   Data           4  tasks.o(.data)
    uxTaskNumber                             0x2000006c   Data           4  tasks.o(.data)
    xNextTaskUnblockTime                     0x20000070   Data           4  tasks.o(.data)
    xIdleTaskHandle                          0x20000074   Data           4  tasks.o(.data)
    uxSchedulerSuspended                     0x20000078   Data           4  tasks.o(.data)
    .data                                    0x2000007c   Section       32  heap_4.o(.data)
    xStart                                   0x2000007c   Data           8  heap_4.o(.data)
    pxEnd                                    0x20000084   Data           4  heap_4.o(.data)
    xFreeBytesRemaining                      0x20000088   Data           4  heap_4.o(.data)
    xMinimumEverFreeBytesRemaining           0x2000008c   Data           4  heap_4.o(.data)
    xNumberOfSuccessfulAllocations           0x20000090   Data           4  heap_4.o(.data)
    xNumberOfSuccessfulFrees                 0x20000094   Data           4  heap_4.o(.data)
    xBlockAllocatedBit                       0x20000098   Data           4  heap_4.o(.data)
    .data                                    0x2000009c   Section       12  port.o(.data)
    uxCriticalNesting                        0x2000009c   Data           4  port.o(.data)
    ucMaxSysCallPriority                     0x200000a0   Data           1  port.o(.data)
    ulMaxPRIGROUPValue                       0x200000a4   Data           4  port.o(.data)
    .data                                    0x200000a8   Section        4  errno.o(.data)
    _errno                                   0x200000a8   Data           4  errno.o(.data)
    .bss                                     0x200000ac   Section       72  main.o(.bss)
    .bss                                     0x200000f4   Section      596  freertos.o(.bss)
    xIdleTaskTCBBuffer                       0x200000f4   Data          84  freertos.o(.bss)
    xIdleStack                               0x20000148   Data         512  freertos.o(.bss)
    .bss                                     0x20000348   Section      116  adc.o(.bss)
    .bss                                     0x200003bc   Section       84  i2c.o(.bss)
    .bss                                     0x20000410   Section       72  tim.o(.bss)
    .bss                                     0x20000458   Section      280  usart.o(.bss)
    .bss                                     0x20000570   Section       72  stm32f1xx_hal_timebase_tim.o(.bss)
    .bss                                     0x200005b8   Section     1024  oled.o(.bss)
    .bss                                     0x200009b8   Section      240  tasks.o(.bss)
    pxReadyTasksLists                        0x200009b8   Data         140  tasks.o(.bss)
    xDelayedTaskList1                        0x20000a44   Data          20  tasks.o(.bss)
    xDelayedTaskList2                        0x20000a58   Data          20  tasks.o(.bss)
    xPendingReadyList                        0x20000a6c   Data          20  tasks.o(.bss)
    xTasksWaitingTermination                 0x20000a80   Data          20  tasks.o(.bss)
    xSuspendedTaskList                       0x20000a94   Data          20  tasks.o(.bss)
    .bss                                     0x20000aa8   Section     3072  heap_4.o(.bss)
    ucHeap                                   0x20000aa8   Data        3072  heap_4.o(.bss)
    STACK                                    0x200016a8   Section     1024  startup_stm32f103xb.o(STACK)

    Global Symbols

    Symbol Name                              Value     Ov Type        Size  Object(Section)

    BuildAttributes$$THM_ISAv4$P$D$K$B$S$PE$A:L22UL41UL21$X:L11$S22US41US21$IEEE1$IW$USESV6$~STKCKD$USESV7$~SHL$OTIME$ROPI$IEEEX$EBA8$MICROLIB$REQ8$PRES8$EABIv2 0x00000000   Number         0  anon$$obj.o ABSOLUTE
    __ARM_use_no_argv                        0x00000000   Number         0  main.o ABSOLUTE
    __arm_fini_                               - Undefined Weak Reference
    __cpp_initialize__aeabi_                  - Undefined Weak Reference
    __cxa_finalize                            - Undefined Weak Reference
    __decompress                              - Undefined Weak Reference
    _clock_init                               - Undefined Weak Reference
    _microlib_exit                            - Undefined Weak Reference
    __Vectors_Size                           0x000000ec   Number         0  startup_stm32f103xb.o ABSOLUTE
    __Vectors                                0x08000000   Data           4  startup_stm32f103xb.o(RESET)
    __Vectors_End                            0x080000ec   Data           0  startup_stm32f103xb.o(RESET)
    __main                                   0x080000ed   Thumb Code     0  entry.o(.ARM.Collect$$$$00000000)
    _main_stk                                0x080000ed   Thumb Code     0  entry2.o(.ARM.Collect$$$$00000001)
    _main_scatterload                        0x080000f1   Thumb Code     0  entry5.o(.ARM.Collect$$$$00000004)
    __main_after_scatterload                 0x080000f5   Thumb Code     0  entry5.o(.ARM.Collect$$$$00000004)
    _main_clock                              0x080000f5   Thumb Code     0  entry7b.o(.ARM.Collect$$$$00000008)
    _main_cpp_init                           0x080000f5   Thumb Code     0  entry8b.o(.ARM.Collect$$$$0000000A)
    _main_init                               0x080000f5   Thumb Code     0  entry9a.o(.ARM.Collect$$$$0000000B)
    __rt_lib_shutdown_fini                   0x080000fd   Thumb Code     0  entry12b.o(.ARM.Collect$$$$0000000E)
    __rt_final_cpp                           0x08000101   Thumb Code     0  entry10a.o(.ARM.Collect$$$$0000000F)
    __rt_final_exit                          0x08000101   Thumb Code     0  entry11a.o(.ARM.Collect$$$$00000011)
    SVC_Handler                              0x08000105   Thumb Code    32  port.o(.emb_text)
    __asm___6_port_c_39a90d8d__prvStartFirstTask 0x08000129   Thumb Code    28  port.o(.emb_text)
    PendSV_Handler                           0x08000149   Thumb Code    72  port.o(.emb_text)
    vPortGetIPSR                             0x08000195   Thumb Code     6  port.o(.emb_text)
    Reset_Handler                            0x0800019d   Thumb Code     8  startup_stm32f103xb.o(.text)
    CAN1_RX1_IRQHandler                      0x080001b7   Thumb Code     0  startup_stm32f103xb.o(.text)
    CAN1_SCE_IRQHandler                      0x080001b7   Thumb Code     0  startup_stm32f103xb.o(.text)
    DMA1_Channel2_IRQHandler                 0x080001b7   Thumb Code     0  startup_stm32f103xb.o(.text)
    DMA1_Channel4_IRQHandler                 0x080001b7   Thumb Code     0  startup_stm32f103xb.o(.text)
    DMA1_Channel6_IRQHandler                 0x080001b7   Thumb Code     0  startup_stm32f103xb.o(.text)
    DMA1_Channel7_IRQHandler                 0x080001b7   Thumb Code     0  startup_stm32f103xb.o(.text)
    EXTI0_IRQHandler                         0x080001b7   Thumb Code     0  startup_stm32f103xb.o(.text)
    EXTI15_10_IRQHandler                     0x080001b7   Thumb Code     0  startup_stm32f103xb.o(.text)
    EXTI1_IRQHandler                         0x080001b7   Thumb Code     0  startup_stm32f103xb.o(.text)
    EXTI2_IRQHandler                         0x080001b7   Thumb Code     0  startup_stm32f103xb.o(.text)
    EXTI3_IRQHandler                         0x080001b7   Thumb Code     0  startup_stm32f103xb.o(.text)
    EXTI4_IRQHandler                         0x080001b7   Thumb Code     0  startup_stm32f103xb.o(.text)
    EXTI9_5_IRQHandler                       0x080001b7   Thumb Code     0  startup_stm32f103xb.o(.text)
    FLASH_IRQHandler                         0x080001b7   Thumb Code     0  startup_stm32f103xb.o(.text)
    I2C1_ER_IRQHandler                       0x080001b7   Thumb Code     0  startup_stm32f103xb.o(.text)
    I2C1_EV_IRQHandler                       0x080001b7   Thumb Code     0  startup_stm32f103xb.o(.text)
    I2C2_ER_IRQHandler                       0x080001b7   Thumb Code     0  startup_stm32f103xb.o(.text)
    I2C2_EV_IRQHandler                       0x080001b7   Thumb Code     0  startup_stm32f103xb.o(.text)
    PVD_IRQHandler                           0x080001b7   Thumb Code     0  startup_stm32f103xb.o(.text)
    RCC_IRQHandler                           0x080001b7   Thumb Code     0  startup_stm32f103xb.o(.text)
    RTC_Alarm_IRQHandler                     0x080001b7   Thumb Code     0  startup_stm32f103xb.o(.text)
    RTC_IRQHandler                           0x080001b7   Thumb Code     0  startup_stm32f103xb.o(.text)
    SPI1_IRQHandler                          0x080001b7   Thumb Code     0  startup_stm32f103xb.o(.text)
    SPI2_IRQHandler                          0x080001b7   Thumb Code     0  startup_stm32f103xb.o(.text)
    TAMPER_IRQHandler                        0x080001b7   Thumb Code     0  startup_stm32f103xb.o(.text)
    TIM1_BRK_IRQHandler                      0x080001b7   Thumb Code     0  startup_stm32f103xb.o(.text)
    TIM1_CC_IRQHandler                       0x080001b7   Thumb Code     0  startup_stm32f103xb.o(.text)
    TIM1_TRG_COM_IRQHandler                  0x080001b7   Thumb Code     0  startup_stm32f103xb.o(.text)
    TIM1_UP_IRQHandler                       0x080001b7   Thumb Code     0  startup_stm32f103xb.o(.text)
    TIM2_IRQHandler                          0x080001b7   Thumb Code     0  startup_stm32f103xb.o(.text)
    TIM3_IRQHandler                          0x080001b7   Thumb Code     0  startup_stm32f103xb.o(.text)
    USART2_IRQHandler                        0x080001b7   Thumb Code     0  startup_stm32f103xb.o(.text)
    USBWakeUp_IRQHandler                     0x080001b7   Thumb Code     0  startup_stm32f103xb.o(.text)
    USB_HP_CAN1_TX_IRQHandler                0x080001b7   Thumb Code     0  startup_stm32f103xb.o(.text)
    USB_LP_CAN1_RX0_IRQHandler               0x080001b7   Thumb Code     0  startup_stm32f103xb.o(.text)
    WWDG_IRQHandler                          0x080001b7   Thumb Code     0  startup_stm32f103xb.o(.text)
    __aeabi_llsr                             0x080001c1   Thumb Code    32  llushr.o(.text)
    _ll_ushift_r                             0x080001c1   Thumb Code     0  llushr.o(.text)
    __aeabi_memcpy                           0x080001e1   Thumb Code    36  memcpya.o(.text)
    __aeabi_memcpy4                          0x080001e1   Thumb Code     0  memcpya.o(.text)
    __aeabi_memcpy8                          0x080001e1   Thumb Code     0  memcpya.o(.text)
    __aeabi_memset                           0x08000205   Thumb Code    14  memseta.o(.text)
    __aeabi_memset4                          0x08000205   Thumb Code     0  memseta.o(.text)
    __aeabi_memset8                          0x08000205   Thumb Code     0  memseta.o(.text)
    __aeabi_memclr                           0x08000213   Thumb Code     4  memseta.o(.text)
    __aeabi_memclr4                          0x08000213   Thumb Code     0  memseta.o(.text)
    __aeabi_memclr8                          0x08000213   Thumb Code     0  memseta.o(.text)
    memset                                   0x08000217   Thumb Code    18  memseta.o(.text)
    __aeabi_fadd                             0x08000229   Thumb Code   164  fadd.o(.text)
    __aeabi_fsub                             0x080002cd   Thumb Code     6  fadd.o(.text)
    __aeabi_frsub                            0x080002d3   Thumb Code     6  fadd.o(.text)
    __aeabi_fmul                             0x080002d9   Thumb Code   100  fmul.o(.text)
    __aeabi_fdiv                             0x0800033d   Thumb Code   124  fdiv.o(.text)
    __aeabi_dmul                             0x080003b9   Thumb Code   228  dmul.o(.text)
    __aeabi_i2f                              0x0800049d   Thumb Code    18  fflti.o(.text)
    __aeabi_ui2f                             0x080004af   Thumb Code    10  ffltui.o(.text)
    __aeabi_f2uiz                            0x080004b9   Thumb Code    40  ffixui.o(.text)
    __aeabi_f2d                              0x080004e1   Thumb Code    38  f2d.o(.text)
    __aeabi_d2f                              0x08000507   Thumb Code    56  d2f.o(.text)
    __aeabi_cfcmpeq                          0x08000541   Thumb Code     0  cfcmple.o(.text)
    __aeabi_cfcmple                          0x08000541   Thumb Code    20  cfcmple.o(.text)
    __aeabi_cfrcmple                         0x08000555   Thumb Code    20  cfrcmple.o(.text)
    __aeabi_llsl                             0x08000569   Thumb Code    30  llshl.o(.text)
    _ll_shift_l                              0x08000569   Thumb Code     0  llshl.o(.text)
    __I$use$fp                               0x08000587   Thumb Code     0  iusefp.o(.text)
    _float_round                             0x08000587   Thumb Code    18  fepilogue.o(.text)
    _float_epilogue                          0x08000599   Thumb Code    92  fepilogue.o(.text)
    _frnd                                    0x080005f5   Thumb Code    60  frnd.o(.text)
    _double_round                            0x08000631   Thumb Code    30  depilogue.o(.text)
    _double_epilogue                         0x0800064f   Thumb Code   156  depilogue.o(.text)
    __aeabi_f2iz                             0x080006eb   Thumb Code    50  ffixi.o(.text)
    __scatterload                            0x0800071d   Thumb Code    28  init.o(.text)
    __scatterload_rt2                        0x0800071d   Thumb Code     0  init.o(.text)
    __ARM_scalbnf                            0x08000741   Thumb Code    24  fscalb.o(.text)
    scalbnf                                  0x08000741   Thumb Code     0  fscalb.o(.text)
    ADC1_2_IRQHandler                        0x08000759   Thumb Code    10  stm32f1xx_it.o(i.ADC1_2_IRQHandler)
    ADC_ConversionStop_Disable               0x08000769   Thumb Code    92  stm32f1xx_hal_adc.o(i.ADC_ConversionStop_Disable)
    ADC_Convert_Vol                          0x080007c5   Thumb Code    54  main.o(i.ADC_Convert_Vol)
    ADC_DMAConvCplt                          0x08000811   Thumb Code    82  stm32f1xx_hal_adc.o(i.ADC_DMAConvCplt)
    ADC_DMAError                             0x08000863   Thumb Code    30  stm32f1xx_hal_adc.o(i.ADC_DMAError)
    ADC_DMAHalfConvCplt                      0x08000881   Thumb Code    14  stm32f1xx_hal_adc.o(i.ADC_DMAHalfConvCplt)
    ADC_Enable                               0x08000891   Thumb Code   134  stm32f1xx_hal_adc.o(i.ADC_Enable)
    ADC_Filter                               0x08000921   Thumb Code    54  main.o(i.ADC_Filter)
    BusFault_Handler                         0x08000957   Thumb Code     4  stm32f1xx_it.o(i.BusFault_Handler)
    DMA1_Channel1_IRQHandler                 0x0800095d   Thumb Code    10  stm32f1xx_it.o(i.DMA1_Channel1_IRQHandler)
    DMA1_Channel3_IRQHandler                 0x0800096d   Thumb Code    10  stm32f1xx_it.o(i.DMA1_Channel3_IRQHandler)
    DMA1_Channel5_IRQHandler                 0x0800097d   Thumb Code    10  stm32f1xx_it.o(i.DMA1_Channel5_IRQHandler)
    DebugMon_Handler                         0x080009b9   Thumb Code     2  stm32f1xx_it.o(i.DebugMon_Handler)
    Error_Handler                            0x080009bb   Thumb Code     6  main.o(i.Error_Handler)
    Face_Config                              0x080009c1   Thumb Code   184  face_config.o(i.Face_Config)
    HAL_ADCEx_InjectedConvCpltCallback       0x08000a99   Thumb Code     2  stm32f1xx_hal_adc_ex.o(i.HAL_ADCEx_InjectedConvCpltCallback)
    HAL_ADC_ConfigChannel                    0x08000a9d   Thumb Code   338  stm32f1xx_hal_adc.o(i.HAL_ADC_ConfigChannel)
    HAL_ADC_ConvCpltCallback                 0x08000bfd   Thumb Code     2  stm32f1xx_hal_adc.o(i.HAL_ADC_ConvCpltCallback)
    HAL_ADC_ConvHalfCpltCallback             0x08000bff   Thumb Code     2  stm32f1xx_hal_adc.o(i.HAL_ADC_ConvHalfCpltCallback)
    HAL_ADC_ErrorCallback                    0x08000c01   Thumb Code     2  stm32f1xx_hal_adc.o(i.HAL_ADC_ErrorCallback)
    HAL_ADC_IRQHandler                       0x08000c03   Thumb Code   274  stm32f1xx_hal_adc.o(i.HAL_ADC_IRQHandler)
    HAL_ADC_Init                             0x08000d15   Thumb Code   314  stm32f1xx_hal_adc.o(i.HAL_ADC_Init)
    HAL_ADC_LevelOutOfWindowCallback         0x08000e59   Thumb Code     2  stm32f1xx_hal_adc.o(i.HAL_ADC_LevelOutOfWindowCallback)
    HAL_ADC_MspInit                          0x08000e5d   Thumb Code   170  adc.o(i.HAL_ADC_MspInit)
    HAL_ADC_Start_DMA                        0x08000f1d   Thumb Code   362  stm32f1xx_hal_adc.o(i.HAL_ADC_Start_DMA)
    HAL_DMA_Abort                            0x0800109d   Thumb Code    86  stm32f1xx_hal_dma.o(i.HAL_DMA_Abort)
    HAL_DMA_Abort_IT                         0x080010f5   Thumb Code   172  stm32f1xx_hal_dma.o(i.HAL_DMA_Abort_IT)
    HAL_DMA_IRQHandler                       0x080011a5   Thumb Code   408  stm32f1xx_hal_dma.o(i.HAL_DMA_IRQHandler)
    HAL_DMA_Init                             0x08001341   Thumb Code   100  stm32f1xx_hal_dma.o(i.HAL_DMA_Init)
    HAL_DMA_Start_IT                         0x080013a9   Thumb Code   156  stm32f1xx_hal_dma.o(i.HAL_DMA_Start_IT)
    HAL_Delay                                0x08001445   Thumb Code    36  stm32f1xx_hal.o(i.HAL_Delay)
    HAL_GPIO_Init                            0x0800146d   Thumb Code   766  stm32f1xx_hal_gpio.o(i.HAL_GPIO_Init)
    HAL_GPIO_WritePin                        0x0800178d   Thumb Code    12  stm32f1xx_hal_gpio.o(i.HAL_GPIO_WritePin)
    HAL_GetTick                              0x08001799   Thumb Code     6  stm32f1xx_hal.o(i.HAL_GetTick)
    HAL_I2C_Init                             0x080017a5   Thumb Code   446  stm32f1xx_hal_i2c.o(i.HAL_I2C_Init)
    HAL_I2C_Master_Transmit                  0x08001975   Thumb Code   360  stm32f1xx_hal_i2c.o(i.HAL_I2C_Master_Transmit)
    HAL_I2C_MspInit                          0x08001ae5   Thumb Code   104  i2c.o(i.HAL_I2C_MspInit)
    HAL_IncTick                              0x08001b59   Thumb Code    16  stm32f1xx_hal.o(i.HAL_IncTick)
    HAL_Init                                 0x08001b71   Thumb Code    34  stm32f1xx_hal.o(i.HAL_Init)
    HAL_InitTick                             0x08001b99   Thumb Code   158  stm32f1xx_hal_timebase_tim.o(i.HAL_InitTick)
    HAL_MspInit                              0x08001c4d   Thumb Code    86  stm32f1xx_hal_msp.o(i.HAL_MspInit)
    HAL_NVIC_EnableIRQ                       0x08001cad   Thumb Code    32  stm32f1xx_hal_cortex.o(i.HAL_NVIC_EnableIRQ)
    HAL_NVIC_SetPriority                     0x08001ccd   Thumb Code   124  stm32f1xx_hal_cortex.o(i.HAL_NVIC_SetPriority)
    HAL_NVIC_SetPriorityGrouping             0x08001d49   Thumb Code    32  stm32f1xx_hal_cortex.o(i.HAL_NVIC_SetPriorityGrouping)
    HAL_RCCEx_PeriphCLKConfig                0x08001d71   Thumb Code   290  stm32f1xx_hal_rcc_ex.o(i.HAL_RCCEx_PeriphCLKConfig)
    HAL_RCC_ClockConfig                      0x08001ea1   Thumb Code   376  stm32f1xx_hal_rcc.o(i.HAL_RCC_ClockConfig)
    HAL_RCC_GetClockConfig                   0x0800202d   Thumb Code    58  stm32f1xx_hal_rcc.o(i.HAL_RCC_GetClockConfig)
    HAL_RCC_GetHCLKFreq                      0x08002071   Thumb Code     6  stm32f1xx_hal_rcc.o(i.HAL_RCC_GetHCLKFreq)
    HAL_RCC_GetPCLK1Freq                     0x0800207d   Thumb Code    22  stm32f1xx_hal_rcc.o(i.HAL_RCC_GetPCLK1Freq)
    HAL_RCC_GetPCLK2Freq                     0x0800209d   Thumb Code    22  stm32f1xx_hal_rcc.o(i.HAL_RCC_GetPCLK2Freq)
    HAL_RCC_GetSysClockFreq                  0x080020bd   Thumb Code    92  stm32f1xx_hal_rcc.o(i.HAL_RCC_GetSysClockFreq)
    HAL_RCC_OscConfig                        0x0800212d   Thumb Code  1114  stm32f1xx_hal_rcc.o(i.HAL_RCC_OscConfig)
    HAL_TIMEx_BreakCallback                  0x08002591   Thumb Code     2  stm32f1xx_hal_tim_ex.o(i.HAL_TIMEx_BreakCallback)
    HAL_TIMEx_CommutCallback                 0x08002593   Thumb Code     2  stm32f1xx_hal_tim_ex.o(i.HAL_TIMEx_CommutCallback)
    HAL_TIMEx_ConfigBreakDeadTime            0x08002595   Thumb Code   116  stm32f1xx_hal_tim_ex.o(i.HAL_TIMEx_ConfigBreakDeadTime)
    HAL_TIMEx_MasterConfigSynchronization    0x08002609   Thumb Code   118  stm32f1xx_hal_tim_ex.o(i.HAL_TIMEx_MasterConfigSynchronization)
    HAL_TIM_Base_Init                        0x0800268d   Thumb Code   102  stm32f1xx_hal_tim.o(i.HAL_TIM_Base_Init)
    HAL_TIM_Base_MspInit                     0x080026f5   Thumb Code    40  tim.o(i.HAL_TIM_Base_MspInit)
    HAL_TIM_Base_Start_IT                    0x08002725   Thumb Code   106  stm32f1xx_hal_tim.o(i.HAL_TIM_Base_Start_IT)
    HAL_TIM_ConfigClockSource                0x0800279d   Thumb Code   268  stm32f1xx_hal_tim.o(i.HAL_TIM_ConfigClockSource)
    HAL_TIM_IC_CaptureCallback               0x080028a9   Thumb Code     2  stm32f1xx_hal_tim.o(i.HAL_TIM_IC_CaptureCallback)
    HAL_TIM_IRQHandler                       0x080028ab   Thumb Code   364  stm32f1xx_hal_tim.o(i.HAL_TIM_IRQHandler)
    HAL_TIM_MspPostInit                      0x08002a19   Thumb Code    74  tim.o(i.HAL_TIM_MspPostInit)
    HAL_TIM_OC_DelayElapsedCallback          0x08002a71   Thumb Code     2  stm32f1xx_hal_tim.o(i.HAL_TIM_OC_DelayElapsedCallback)
    HAL_TIM_PWM_ConfigChannel                0x08002a73   Thumb Code   260  stm32f1xx_hal_tim.o(i.HAL_TIM_PWM_ConfigChannel)
    HAL_TIM_PWM_Init                         0x08002b77   Thumb Code   102  stm32f1xx_hal_tim.o(i.HAL_TIM_PWM_Init)
    HAL_TIM_PWM_MspInit                      0x08002bdd   Thumb Code     2  stm32f1xx_hal_tim.o(i.HAL_TIM_PWM_MspInit)
    HAL_TIM_PWM_PulseFinishedCallback        0x08002bdf   Thumb Code     2  stm32f1xx_hal_tim.o(i.HAL_TIM_PWM_PulseFinishedCallback)
    HAL_TIM_PWM_Start                        0x08002be1   Thumb Code   198  stm32f1xx_hal_tim.o(i.HAL_TIM_PWM_Start)
    HAL_TIM_PeriodElapsedCallback            0x08002cb5   Thumb Code    18  main.o(i.HAL_TIM_PeriodElapsedCallback)
    HAL_TIM_TriggerCallback                  0x08002ccd   Thumb Code     2  stm32f1xx_hal_tim.o(i.HAL_TIM_TriggerCallback)
    HAL_UARTEx_ReceiveToIdle_DMA             0x08002ccf   Thumb Code   112  stm32f1xx_hal_uart.o(i.HAL_UARTEx_ReceiveToIdle_DMA)
    HAL_UARTEx_RxEventCallback               0x08002d41   Thumb Code    52  main.o(i.HAL_UARTEx_RxEventCallback)
    HAL_UART_ErrorCallback                   0x08002d8d   Thumb Code     2  stm32f1xx_hal_uart.o(i.HAL_UART_ErrorCallback)
    HAL_UART_IRQHandler                      0x08002d91   Thumb Code   736  stm32f1xx_hal_uart.o(i.HAL_UART_IRQHandler)
    HAL_UART_Init                            0x08003075   Thumb Code   118  stm32f1xx_hal_uart.o(i.HAL_UART_Init)
    HAL_UART_MspInit                         0x080030ed   Thumb Code   368  usart.o(i.HAL_UART_MspInit)
    HAL_UART_RxCpltCallback                  0x0800327d   Thumb Code     2  stm32f1xx_hal_uart.o(i.HAL_UART_RxCpltCallback)
    HAL_UART_RxHalfCpltCallback              0x0800327f   Thumb Code     2  stm32f1xx_hal_uart.o(i.HAL_UART_RxHalfCpltCallback)
    HAL_UART_TxCpltCallback                  0x08003281   Thumb Code     2  stm32f1xx_hal_uart.o(i.HAL_UART_TxCpltCallback)
    HardFault_Handler                        0x08003283   Thumb Code     4  stm32f1xx_it.o(i.HardFault_Handler)
    MX_ADC1_Init                             0x08003609   Thumb Code    86  adc.o(i.MX_ADC1_Init)
    MX_DMA_Init                              0x08003669   Thumb Code    80  dma.o(i.MX_DMA_Init)
    MX_FREERTOS_Init                         0x080036bd   Thumb Code    54  freertos.o(i.MX_FREERTOS_Init)
    MX_GPIO_Init                             0x08003701   Thumb Code   194  gpio.o(i.MX_GPIO_Init)
    MX_I2C1_Init                             0x080037d1   Thumb Code    48  i2c.o(i.MX_I2C1_Init)
    MX_TIM1_Init                             0x0800380d   Thumb Code   206  tim.o(i.MX_TIM1_Init)
    MX_USART1_UART_Init                      0x080038e5   Thumb Code    46  usart.o(i.MX_USART1_UART_Init)
    MX_USART3_UART_Init                      0x0800391d   Thumb Code    46  usart.o(i.MX_USART3_UART_Init)
    MemManage_Handler                        0x08003955   Thumb Code     4  stm32f1xx_it.o(i.MemManage_Handler)
    NMI_Handler                              0x08003959   Thumb Code     4  stm32f1xx_it.o(i.NMI_Handler)
    OLED_Clear                               0x0800395d   Thumb Code    36  oled.o(i.OLED_Clear)
    OLED_ClearArea                           0x08003985   Thumb Code   140  oled.o(i.OLED_ClearArea)
    OLED_Init                                0x08003a15   Thumb Code   156  oled.o(i.OLED_Init)
    OLED_SetCursor                           0x08003ab1   Thumb Code    34  oled.o(i.OLED_SetCursor)
    OLED_ShowImage                           0x08003ad5   Thumb Code   248  oled.o(i.OLED_ShowImage)
    OLED_Update                              0x08003bd1   Thumb Code    36  oled.o(i.OLED_Update)
    OLED_WriteCommand                        0x08003bf9   Thumb Code    30  oled.o(i.OLED_WriteCommand)
    OLED_WriteData                           0x08003c1d   Thumb Code    80  oled.o(i.OLED_WriteData)
    PI_Calculate                             0x08003c71   Thumb Code   108  main.o(i.PI_Calculate)
    PI_Init                                  0x08003cdd   Thumb Code    56  main.o(i.PI_Init)
    Process_Light_Logic                      0x08003d29   Thumb Code   350  main.o(i.Process_Light_Logic)
    Process_Voice_Logic                      0x08003eb1   Thumb Code   280  main.o(i.Process_Voice_Logic)
    SysTick_Handler                          0x0800400d   Thumb Code    46  port.o(i.SysTick_Handler)
    SystemClock_Config                       0x08004041   Thumb Code   132  main.o(i.SystemClock_Config)
    SystemInit                               0x080040c5   Thumb Code     2  system_stm32f1xx.o(i.SystemInit)
    TIM4_IRQHandler                          0x080040c9   Thumb Code    10  stm32f1xx_it.o(i.TIM4_IRQHandler)
    TIM_Base_SetConfig                       0x080040d9   Thumb Code   120  stm32f1xx_hal_tim.o(i.TIM_Base_SetConfig)
    TIM_CCxChannelCmd                        0x0800415d   Thumb Code    34  stm32f1xx_hal_tim.o(i.TIM_CCxChannelCmd)
    TIM_ETR_SetConfig                        0x0800417f   Thumb Code    22  stm32f1xx_hal_tim.o(i.TIM_ETR_SetConfig)
    TIM_OC2_SetConfig                        0x08004209   Thumb Code   100  stm32f1xx_hal_tim.o(i.TIM_OC2_SetConfig)
    UART_Start_Receive_DMA                   0x08004755   Thumb Code   186  stm32f1xx_hal_uart.o(i.UART_Start_Receive_DMA)
    USART1_IRQHandler                        0x0800487d   Thumb Code    10  stm32f1xx_it.o(i.USART1_IRQHandler)
    USART3_IRQHandler                        0x0800488d   Thumb Code    10  stm32f1xx_it.o(i.USART3_IRQHandler)
    UsageFault_Handler                       0x0800489d   Thumb Code     4  stm32f1xx_it.o(i.UsageFault_Handler)
    __ARM_fpclassifyf                        0x080048a1   Thumb Code    38  fpclassifyf.o(i.__ARM_fpclassifyf)
    __mathlib_flt_infnan                     0x08004901   Thumb Code     6  funder.o(i.__mathlib_flt_infnan)
    __mathlib_flt_invalid                    0x08004907   Thumb Code     8  funder.o(i.__mathlib_flt_invalid)
    __mathlib_flt_underflow                  0x0800490f   Thumb Code    10  funder.o(i.__mathlib_flt_underflow)
    __mathlib_rredf2                         0x08004919   Thumb Code   344  rredf.o(i.__mathlib_rredf2)
    __scatterload_copy                       0x08004a81   Thumb Code    14  handlers.o(i.__scatterload_copy)
    __scatterload_null                       0x08004a8f   Thumb Code     2  handlers.o(i.__scatterload_null)
    __scatterload_zeroinit                   0x08004a91   Thumb Code    14  handlers.o(i.__scatterload_zeroinit)
    __set_errno                              0x08004aa1   Thumb Code     6  errno.o(i.__set_errno)
    light_task                               0x08004aad   Thumb Code    38  main.o(i.light_task)
    lighttask_f                              0x08004ae1   Thumb Code    14  freertos.o(i.lighttask_f)
    main                                     0x08004af1   Thumb Code   126  main.o(i.main)
    oled_task                                0x08004ba3   Thumb Code    12  main.o(i.oled_task)
    oledtask_f                               0x08004baf   Thumb Code    14  freertos.o(i.oledtask_f)
    osDelay                                  0x08004bbd   Thumb Code    24  cmsis_os.o(i.osDelay)
    osKernelStart                            0x08004bd5   Thumb Code    10  cmsis_os.o(i.osKernelStart)
    osThreadCreate                           0x08004bdf   Thumb Code    94  cmsis_os.o(i.osThreadCreate)
    pvPortMalloc                             0x080050bd   Thumb Code   306  heap_4.o(i.pvPortMalloc)
    pxPortInitialiseStack                    0x08005209   Thumb Code    30  port.o(i.pxPortInitialiseStack)
    sinf                                     0x0800522d   Thumb Code   338  sinf.o(i.sinf)
    uxListRemove                             0x080053b5   Thumb Code    40  list.o(i.uxListRemove)
    vApplicationGetIdleTaskMemory            0x080053dd   Thumb Code    14  freertos.o(i.vApplicationGetIdleTaskMemory)
    vListInitialise                          0x080053f5   Thumb Code    26  list.o(i.vListInitialise)
    vListInitialiseItem                      0x0800540f   Thumb Code     6  list.o(i.vListInitialiseItem)
    vListInsert                              0x08005415   Thumb Code    52  list.o(i.vListInsert)
    vListInsertEnd                           0x08005449   Thumb Code    24  list.o(i.vListInsertEnd)
    vPortEnterCritical                       0x08005461   Thumb Code    76  port.o(i.vPortEnterCritical)
    vPortExitCritical                        0x080054b5   Thumb Code    56  port.o(i.vPortExitCritical)
    vPortFree                                0x080054f1   Thumb Code   150  heap_4.o(i.vPortFree)
    vPortSetupTimerInterrupt                 0x08005595   Thumb Code    36  port.o(i.vPortSetupTimerInterrupt)
    vTaskDelay                               0x080055bd   Thumb Code    82  tasks.o(i.vTaskDelay)
    vTaskStartScheduler                      0x08005619   Thumb Code   146  tasks.o(i.vTaskStartScheduler)
    vTaskSuspendAll                          0x080056c9   Thumb Code    12  tasks.o(i.vTaskSuspendAll)
    vTaskSwitchContext                       0x080056d9   Thumb Code   118  tasks.o(i.vTaskSwitchContext)
    xPortStartScheduler                      0x08005765   Thumb Code   228  port.o(i.xPortStartScheduler)
    xTaskCreate                              0x0800585d   Thumb Code   100  tasks.o(i.xTaskCreate)
    xTaskCreateStatic                        0x080058c1   Thumb Code   186  tasks.o(i.xTaskCreateStatic)
    xTaskIncrementTick                       0x0800597d   Thumb Code   282  tasks.o(i.xTaskIncrementTick)
    xTaskResumeAll                           0x08005ac5   Thumb Code   224  tasks.o(i.xTaskResumeAll)
    AHBPrescTable                            0x08005c12   Data          16  system_stm32f1xx.o(.constdata)
    APBPrescTable                            0x08005c22   Data           8  system_stm32f1xx.o(.constdata)
    OLED_F8x16                               0x08005c2a   Data        1520  oled_data.o(.constdata)
    OLED_F6x8                                0x0800621a   Data         570  oled_data.o(.constdata)
    Diode                                    0x08006454   Data          32  oled_data.o(.constdata)
    Face_hello                               0x08006474   Data        1024  oled_data.o(.constdata)
    Face_eyes                                0x08006874   Data        1024  oled_data.o(.constdata)
    Face_happy                               0x08006c74   Data        1024  oled_data.o(.constdata)
    Face_mania                               0x08007074   Data        1024  oled_data.o(.constdata)
    Face_sleep                               0x08007474   Data        1024  oled_data.o(.constdata)
    Face_stare                               0x08007874   Data        1024  oled_data.o(.constdata)
    Face_very_happy                          0x08007c74   Data        1024  oled_data.o(.constdata)
    Region$$Table$$Base                      0x080080ac   Number         0  anon$$obj.o(Region$$Table)
    Region$$Table$$Limit                     0x080080cc   Number         0  anon$$obj.o(Region$$Table)
    voice_lock_tick                          0x20000000   Data           4  main.o(.data)
    control_source                           0x20000004   Data           1  main.o(.data)
    v_out                                    0x20000008   Data           4  main.o(.data)
    g_rx_buffer                              0x2000000c   Data           8  main.o(.data)
    g_tt_code                                0x20000014   Data           1  main.o(.data)
    active_visual_tt                         0x20000015   Data           1  main.o(.data)
    vision_mode_tick                         0x20000018   Data           4  main.o(.data)
    tt_history                               0x2000001c   Data           7  main.o(.data)
    history_idx                              0x20000023   Data           1  main.o(.data)
    lighttaskHandle                          0x20000024   Data           4  freertos.o(.data)
    oledtaskHandle                           0x20000028   Data           4  freertos.o(.data)
    uwTick                                   0x2000002c   Data           4  stm32f1xx_hal.o(.data)
    uwTickPrio                               0x20000030   Data           4  stm32f1xx_hal.o(.data)
    uwTickFreq                               0x20000034   Data           1  stm32f1xx_hal.o(.data)
    SystemCoreClock                          0x20000038   Data           4  system_stm32f1xx.o(.data)
    Face_Mode                                0x2000003c   Data           2  face_config.o(.data)
    pxCurrentTCB                             0x20000040   Data           4  tasks.o(.data)
    g_voice_buffer                           0x200000ac   Data          11  main.o(.bss)
    pi_buck                                  0x200000b8   Data          40  main.o(.bss)
    adc_buf                                  0x200000e0   Data          20  main.o(.bss)
    hadc1                                    0x20000348   Data          48  adc.o(.bss)
    hdma_adc1                                0x20000378   Data          68  adc.o(.bss)
    hi2c1                                    0x200003bc   Data          84  i2c.o(.bss)
    htim1                                    0x20000410   Data          72  tim.o(.bss)
    huart1                                   0x20000458   Data          72  usart.o(.bss)
    huart3                                   0x200004a0   Data          72  usart.o(.bss)
    hdma_usart1_rx                           0x200004e8   Data          68  usart.o(.bss)
    hdma_usart3_rx                           0x2000052c   Data          68  usart.o(.bss)
    htim4                                    0x20000570   Data          72  stm32f1xx_hal_timebase_tim.o(.bss)
    OLED_DisplayBuf                          0x200005b8   Data        1024  oled.o(.bss)
    __initial_sp                             0x20001aa8   Data           0  startup_stm32f103xb.o(STACK)



==============================================================================

Memory Map of the image

  Image Entry point : 0x080000ed

  Load Region LR_IROM1 (Base: 0x08000000, Size: 0x00008178, Max: 0x00010000, ABSOLUTE)

    Execution Region ER_IROM1 (Exec base: 0x08000000, Load base: 0x08000000, Size: 0x000080cc, Max: 0x00010000, ABSOLUTE)

    Exec Addr    Load Addr    Size         Type   Attr      Idx    E Section Name        Object

    0x08000000   0x08000000   0x000000ec   Data   RO            3    RESET               startup_stm32f103xb.o
    0x080000ec   0x080000ec   0x00000000   Code   RO         5518  * .ARM.Collect$$$$00000000  mc_w.l(entry.o)
    0x080000ec   0x080000ec   0x00000004   Code   RO         5641    .ARM.Collect$$$$00000001  mc_w.l(entry2.o)
    0x080000f0   0x080000f0   0x00000004   Code   RO         5644    .ARM.Collect$$$$00000004  mc_w.l(entry5.o)
    0x080000f4   0x080000f4   0x00000000   Code   RO         5646    .ARM.Collect$$$$00000008  mc_w.l(entry7b.o)
    0x080000f4   0x080000f4   0x00000000   Code   RO         5648    .ARM.Collect$$$$0000000A  mc_w.l(entry8b.o)
    0x080000f4   0x080000f4   0x00000008   Code   RO         5649    .ARM.Collect$$$$0000000B  mc_w.l(entry9a.o)
    0x080000fc   0x080000fc   0x00000004   Code   RO         5656    .ARM.Collect$$$$0000000E  mc_w.l(entry12b.o)
    0x08000100   0x08000100   0x00000000   Code   RO         5651    .ARM.Collect$$$$0000000F  mc_w.l(entry10a.o)
    0x08000100   0x08000100   0x00000000   Code   RO         5653    .ARM.Collect$$$$00000011  mc_w.l(entry11a.o)
    0x08000100   0x08000100   0x00000004   Code   RO         5642    .ARM.Collect$$$$00002712  mc_w.l(entry2.o)
    0x08000104   0x08000104   0x00000096   Code   RO         5423    .emb_text           port.o
    0x0800019a   0x0800019a   0x00000002   PAD
    0x0800019c   0x0800019c   0x00000024   Code   RO            4    .text               startup_stm32f103xb.o
    0x080001c0   0x080001c0   0x00000020   Code   RO         5521    .text               mc_w.l(llushr.o)
    0x080001e0   0x080001e0   0x00000024   Code   RO         5523    .text               mc_w.l(memcpya.o)
    0x08000204   0x08000204   0x00000024   Code   RO         5527    .text               mc_w.l(memseta.o)
    0x08000228   0x08000228   0x000000b0   Code   RO         5559    .text               mf_w.l(fadd.o)
    0x080002d8   0x080002d8   0x00000064   Code   RO         5561    .text               mf_w.l(fmul.o)
    0x0800033c   0x0800033c   0x0000007c   Code   RO         5563    .text               mf_w.l(fdiv.o)
    0x080003b8   0x080003b8   0x000000e4   Code   RO         5567    .text               mf_w.l(dmul.o)
    0x0800049c   0x0800049c   0x00000012   Code   RO         5571    .text               mf_w.l(fflti.o)
    0x080004ae   0x080004ae   0x0000000a   Code   RO         5573    .text               mf_w.l(ffltui.o)
    0x080004b8   0x080004b8   0x00000028   Code   RO         5579    .text               mf_w.l(ffixui.o)
    0x080004e0   0x080004e0   0x00000026   Code   RO         5585    .text               mf_w.l(f2d.o)
    0x08000506   0x08000506   0x00000038   Code   RO         5591    .text               mf_w.l(d2f.o)
    0x0800053e   0x0800053e   0x00000002   PAD
    0x08000540   0x08000540   0x00000014   Code   RO         5593    .text               mf_w.l(cfcmple.o)
    0x08000554   0x08000554   0x00000014   Code   RO         5595    .text               mf_w.l(cfrcmple.o)
    0x08000568   0x08000568   0x0000001e   Code   RO         5662    .text               mc_w.l(llshl.o)
    0x08000586   0x08000586   0x00000000   Code   RO         5673    .text               mc_w.l(iusefp.o)
    0x08000586   0x08000586   0x0000006e   Code   RO         5674    .text               mf_w.l(fepilogue.o)
    0x080005f4   0x080005f4   0x0000003c   Code   RO         5676    .text               mf_w.l(frnd.o)
    0x08000630   0x08000630   0x000000ba   Code   RO         5678    .text               mf_w.l(depilogue.o)
    0x080006ea   0x080006ea   0x00000032   Code   RO         5682    .text               mf_w.l(ffixi.o)
    0x0800071c   0x0800071c   0x00000024   Code   RO         5690    .text               mc_w.l(init.o)
    0x08000740   0x08000740   0x00000018   Code   RO         5692    .text               mf_w.l(fscalb.o)
    0x08000758   0x08000758   0x00000010   Code   RO          586    i.ADC1_2_IRQHandler  stm32f1xx_it.o
    0x08000768   0x08000768   0x0000005c   Code   RO         1769    i.ADC_ConversionStop_Disable  stm32f1xx_hal_adc.o
    0x080007c4   0x080007c4   0x0000004c   Code   RO           13    i.ADC_Convert_Vol   main.o
    0x08000810   0x08000810   0x00000052   Code   RO         1770    i.ADC_DMAConvCplt   stm32f1xx_hal_adc.o
    0x08000862   0x08000862   0x0000001e   Code   RO         1771    i.ADC_DMAError      stm32f1xx_hal_adc.o
    0x08000880   0x08000880   0x0000000e   Code   RO         1772    i.ADC_DMAHalfConvCplt  stm32f1xx_hal_adc.o
    0x0800088e   0x0800088e   0x00000002   PAD
    0x08000890   0x08000890   0x00000090   Code   RO         1773    i.ADC_Enable        stm32f1xx_hal_adc.o
    0x08000920   0x08000920   0x00000036   Code   RO           14    i.ADC_Filter        main.o
    0x08000956   0x08000956   0x00000004   Code   RO          587    i.BusFault_Handler  stm32f1xx_it.o
    0x0800095a   0x0800095a   0x00000002   PAD
    0x0800095c   0x0800095c   0x00000010   Code   RO          588    i.DMA1_Channel1_IRQHandler  stm32f1xx_it.o
    0x0800096c   0x0800096c   0x00000010   Code   RO          589    i.DMA1_Channel3_IRQHandler  stm32f1xx_it.o
    0x0800097c   0x0800097c   0x00000010   Code   RO          590    i.DMA1_Channel5_IRQHandler  stm32f1xx_it.o
    0x0800098c   0x0800098c   0x0000002c   Code   RO         2430    i.DMA_SetConfig     stm32f1xx_hal_dma.o
    0x080009b8   0x080009b8   0x00000002   Code   RO          591    i.DebugMon_Handler  stm32f1xx_it.o
    0x080009ba   0x080009ba   0x00000006   Code   RO           15    i.Error_Handler     main.o
    0x080009c0   0x080009c0   0x000000d8   Code   RO         4155    i.Face_Config       face_config.o
    0x08000a98   0x08000a98   0x00000002   Code   RO         1951    i.HAL_ADCEx_InjectedConvCpltCallback  stm32f1xx_hal_adc_ex.o
    0x08000a9a   0x08000a9a   0x00000002   PAD
    0x08000a9c   0x08000a9c   0x00000160   Code   RO         1775    i.HAL_ADC_ConfigChannel  stm32f1xx_hal_adc.o
    0x08000bfc   0x08000bfc   0x00000002   Code   RO         1776    i.HAL_ADC_ConvCpltCallback  stm32f1xx_hal_adc.o
    0x08000bfe   0x08000bfe   0x00000002   Code   RO         1777    i.HAL_ADC_ConvHalfCpltCallback  stm32f1xx_hal_adc.o
    0x08000c00   0x08000c00   0x00000002   Code   RO         1779    i.HAL_ADC_ErrorCallback  stm32f1xx_hal_adc.o
    0x08000c02   0x08000c02   0x00000112   Code   RO         1783    i.HAL_ADC_IRQHandler  stm32f1xx_hal_adc.o
    0x08000d14   0x08000d14   0x00000144   Code   RO         1784    i.HAL_ADC_Init      stm32f1xx_hal_adc.o
    0x08000e58   0x08000e58   0x00000002   Code   RO         1785    i.HAL_ADC_LevelOutOfWindowCallback  stm32f1xx_hal_adc.o
    0x08000e5a   0x08000e5a   0x00000002   PAD
    0x08000e5c   0x08000e5c   0x000000c0   Code   RO          383    i.HAL_ADC_MspInit   adc.o
    0x08000f1c   0x08000f1c   0x00000180   Code   RO         1791    i.HAL_ADC_Start_DMA  stm32f1xx_hal_adc.o
    0x0800109c   0x0800109c   0x00000056   Code   RO         2431    i.HAL_DMA_Abort     stm32f1xx_hal_dma.o
    0x080010f2   0x080010f2   0x00000002   PAD
    0x080010f4   0x080010f4   0x000000b0   Code   RO         2432    i.HAL_DMA_Abort_IT  stm32f1xx_hal_dma.o
    0x080011a4   0x080011a4   0x0000019c   Code   RO         2436    i.HAL_DMA_IRQHandler  stm32f1xx_hal_dma.o
    0x08001340   0x08001340   0x00000068   Code   RO         2437    i.HAL_DMA_Init      stm32f1xx_hal_dma.o
    0x080013a8   0x080013a8   0x0000009c   Code   RO         2441    i.HAL_DMA_Start_IT  stm32f1xx_hal_dma.o
    0x08001444   0x08001444   0x00000028   Code   RO         2052    i.HAL_Delay         stm32f1xx_hal.o
    0x0800146c   0x0800146c   0x00000320   Code   RO         2367    i.HAL_GPIO_Init     stm32f1xx_hal_gpio.o
    0x0800178c   0x0800178c   0x0000000c   Code   RO         2371    i.HAL_GPIO_WritePin  stm32f1xx_hal_gpio.o
    0x08001798   0x08001798   0x0000000c   Code   RO         2056    i.HAL_GetTick       stm32f1xx_hal.o
    0x080017a4   0x080017a4   0x000001d0   Code   RO         3064    i.HAL_I2C_Init      stm32f1xx_hal_i2c.o
    0x08001974   0x08001974   0x00000170   Code   RO         3077    i.HAL_I2C_Master_Transmit  stm32f1xx_hal_i2c.o
    0x08001ae4   0x08001ae4   0x00000074   Code   RO          449    i.HAL_I2C_MspInit   i2c.o
    0x08001b58   0x08001b58   0x00000018   Code   RO         2062    i.HAL_IncTick       stm32f1xx_hal.o
    0x08001b70   0x08001b70   0x00000028   Code   RO         2063    i.HAL_Init          stm32f1xx_hal.o
    0x08001b98   0x08001b98   0x000000b4   Code   RO          710    i.HAL_InitTick      stm32f1xx_hal_timebase_tim.o
    0x08001c4c   0x08001c4c   0x00000060   Code   RO          686    i.HAL_MspInit       stm32f1xx_hal_msp.o
    0x08001cac   0x08001cac   0x00000020   Code   RO         2527    i.HAL_NVIC_EnableIRQ  stm32f1xx_hal_cortex.o
    0x08001ccc   0x08001ccc   0x0000007c   Code   RO         2533    i.HAL_NVIC_SetPriority  stm32f1xx_hal_cortex.o
    0x08001d48   0x08001d48   0x00000028   Code   RO         2534    i.HAL_NVIC_SetPriorityGrouping  stm32f1xx_hal_cortex.o
    0x08001d70   0x08001d70   0x00000130   Code   RO         2329    i.HAL_RCCEx_PeriphCLKConfig  stm32f1xx_hal_rcc_ex.o
    0x08001ea0   0x08001ea0   0x0000018c   Code   RO         2220    i.HAL_RCC_ClockConfig  stm32f1xx_hal_rcc.o
    0x0800202c   0x0800202c   0x00000044   Code   RO         2224    i.HAL_RCC_GetClockConfig  stm32f1xx_hal_rcc.o
    0x08002070   0x08002070   0x0000000c   Code   RO         2225    i.HAL_RCC_GetHCLKFreq  stm32f1xx_hal_rcc.o
    0x0800207c   0x0800207c   0x00000020   Code   RO         2227    i.HAL_RCC_GetPCLK1Freq  stm32f1xx_hal_rcc.o
    0x0800209c   0x0800209c   0x00000020   Code   RO         2228    i.HAL_RCC_GetPCLK2Freq  stm32f1xx_hal_rcc.o
    0x080020bc   0x080020bc   0x00000070   Code   RO         2229    i.HAL_RCC_GetSysClockFreq  stm32f1xx_hal_rcc.o
    0x0800212c   0x0800212c   0x00000464   Code   RO         2232    i.HAL_RCC_OscConfig  stm32f1xx_hal_rcc.o
    0x08002590   0x08002590   0x00000002   Code   RO         1502    i.HAL_TIMEx_BreakCallback  stm32f1xx_hal_tim_ex.o
    0x08002592   0x08002592   0x00000002   Code   RO         1503    i.HAL_TIMEx_CommutCallback  stm32f1xx_hal_tim_ex.o
    0x08002594   0x08002594   0x00000074   Code   RO         1505    i.HAL_TIMEx_ConfigBreakDeadTime  stm32f1xx_hal_tim_ex.o
    0x08002608   0x08002608   0x00000084   Code   RO         1521    i.HAL_TIMEx_MasterConfigSynchronization  stm32f1xx_hal_tim_ex.o
    0x0800268c   0x0800268c   0x00000066   Code   RO          787    i.HAL_TIM_Base_Init  stm32f1xx_hal_tim.o
    0x080026f2   0x080026f2   0x00000002   PAD
    0x080026f4   0x080026f4   0x00000030   Code   RO          491    i.HAL_TIM_Base_MspInit  tim.o
    0x08002724   0x08002724   0x00000078   Code   RO          792    i.HAL_TIM_Base_Start_IT  stm32f1xx_hal_tim.o
    0x0800279c   0x0800279c   0x0000010c   Code   RO          796    i.HAL_TIM_ConfigClockSource  stm32f1xx_hal_tim.o
    0x080028a8   0x080028a8   0x00000002   Code   RO          821    i.HAL_TIM_IC_CaptureCallback  stm32f1xx_hal_tim.o
    0x080028aa   0x080028aa   0x0000016c   Code   RO          835    i.HAL_TIM_IRQHandler  stm32f1xx_hal_tim.o
    0x08002a16   0x08002a16   0x00000002   PAD
    0x08002a18   0x08002a18   0x00000058   Code   RO          492    i.HAL_TIM_MspPostInit  tim.o
    0x08002a70   0x08002a70   0x00000002   Code   RO          838    i.HAL_TIM_OC_DelayElapsedCallback  stm32f1xx_hal_tim.o
    0x08002a72   0x08002a72   0x00000104   Code   RO          859    i.HAL_TIM_PWM_ConfigChannel  stm32f1xx_hal_tim.o
    0x08002b76   0x08002b76   0x00000066   Code   RO          862    i.HAL_TIM_PWM_Init  stm32f1xx_hal_tim.o
    0x08002bdc   0x08002bdc   0x00000002   Code   RO          864    i.HAL_TIM_PWM_MspInit  stm32f1xx_hal_tim.o
    0x08002bde   0x08002bde   0x00000002   Code   RO          865    i.HAL_TIM_PWM_PulseFinishedCallback  stm32f1xx_hal_tim.o
    0x08002be0   0x08002be0   0x000000d4   Code   RO          867    i.HAL_TIM_PWM_Start  stm32f1xx_hal_tim.o
    0x08002cb4   0x08002cb4   0x00000018   Code   RO           16    i.HAL_TIM_PeriodElapsedCallback  main.o
    0x08002ccc   0x08002ccc   0x00000002   Code   RO          878    i.HAL_TIM_TriggerCallback  stm32f1xx_hal_tim.o
    0x08002cce   0x08002cce   0x00000070   Code   RO         3540    i.HAL_UARTEx_ReceiveToIdle_DMA  stm32f1xx_hal_uart.o
    0x08002d3e   0x08002d3e   0x00000002   PAD
    0x08002d40   0x08002d40   0x0000004c   Code   RO           17    i.HAL_UARTEx_RxEventCallback  main.o
    0x08002d8c   0x08002d8c   0x00000002   Code   RO         3556    i.HAL_UART_ErrorCallback  stm32f1xx_hal_uart.o
    0x08002d8e   0x08002d8e   0x00000002   PAD
    0x08002d90   0x08002d90   0x000002e4   Code   RO         3559    i.HAL_UART_IRQHandler  stm32f1xx_hal_uart.o
    0x08003074   0x08003074   0x00000076   Code   RO         3560    i.HAL_UART_Init     stm32f1xx_hal_uart.o
    0x080030ea   0x080030ea   0x00000002   PAD
    0x080030ec   0x080030ec   0x00000190   Code   RO          539    i.HAL_UART_MspInit  usart.o
    0x0800327c   0x0800327c   0x00000002   Code   RO         3566    i.HAL_UART_RxCpltCallback  stm32f1xx_hal_uart.o
    0x0800327e   0x0800327e   0x00000002   Code   RO         3567    i.HAL_UART_RxHalfCpltCallback  stm32f1xx_hal_uart.o
    0x08003280   0x08003280   0x00000002   Code   RO         3571    i.HAL_UART_TxCpltCallback  stm32f1xx_hal_uart.o
    0x08003282   0x08003282   0x00000004   Code   RO          592    i.HardFault_Handler  stm32f1xx_it.o
    0x08003286   0x08003286   0x0000003e   Code   RO         3108    i.I2C_IsAcknowledgeFailed  stm32f1xx_hal_i2c.o
    0x080032c4   0x080032c4   0x000000c0   Code   RO         3112    i.I2C_MasterRequestWrite  stm32f1xx_hal_i2c.o
    0x08003384   0x08003384   0x00000066   Code   RO         3128    i.I2C_WaitOnBTFFlagUntilTimeout  stm32f1xx_hal_i2c.o
    0x080033ea   0x080033ea   0x000000be   Code   RO         3129    i.I2C_WaitOnFlagUntilTimeout  stm32f1xx_hal_i2c.o
    0x080034a8   0x080034a8   0x000000fa   Code   RO         3130    i.I2C_WaitOnMasterAddressFlagUntilTimeout  stm32f1xx_hal_i2c.o
    0x080035a2   0x080035a2   0x00000066   Code   RO         3134    i.I2C_WaitOnTXEFlagUntilTimeout  stm32f1xx_hal_i2c.o
    0x08003608   0x08003608   0x00000060   Code   RO          384    i.MX_ADC1_Init      adc.o
    0x08003668   0x08003668   0x00000054   Code   RO          424    i.MX_DMA_Init       dma.o
    0x080036bc   0x080036bc   0x00000044   Code   RO          326    i.MX_FREERTOS_Init  freertos.o
    0x08003700   0x08003700   0x000000d0   Code   RO          302    i.MX_GPIO_Init      gpio.o
    0x080037d0   0x080037d0   0x0000003c   Code   RO          450    i.MX_I2C1_Init      i2c.o
    0x0800380c   0x0800380c   0x000000d8   Code   RO          493    i.MX_TIM1_Init      tim.o
    0x080038e4   0x080038e4   0x00000038   Code   RO          540    i.MX_USART1_UART_Init  usart.o
    0x0800391c   0x0800391c   0x00000038   Code   RO          541    i.MX_USART3_UART_Init  usart.o
    0x08003954   0x08003954   0x00000004   Code   RO          593    i.MemManage_Handler  stm32f1xx_it.o
    0x08003958   0x08003958   0x00000004   Code   RO          594    i.NMI_Handler       stm32f1xx_it.o
    0x0800395c   0x0800395c   0x00000028   Code   RO         3940    i.OLED_Clear        oled.o
    0x08003984   0x08003984   0x00000090   Code   RO         3941    i.OLED_ClearArea    oled.o
    0x08003a14   0x08003a14   0x0000009c   Code   RO         3950    i.OLED_Init         oled.o
    0x08003ab0   0x08003ab0   0x00000022   Code   RO         3956    i.OLED_SetCursor    oled.o
    0x08003ad2   0x08003ad2   0x00000002   PAD
    0x08003ad4   0x08003ad4   0x000000fc   Code   RO         3961    i.OLED_ShowImage    oled.o
    0x08003bd0   0x08003bd0   0x00000028   Code   RO         3965    i.OLED_Update       oled.o
    0x08003bf8   0x08003bf8   0x00000024   Code   RO         3967    i.OLED_WriteCommand  oled.o
    0x08003c1c   0x08003c1c   0x00000054   Code   RO         3968    i.OLED_WriteData    oled.o
    0x08003c70   0x08003c70   0x0000006c   Code   RO           18    i.PI_Calculate      main.o
    0x08003cdc   0x08003cdc   0x0000004c   Code   RO           19    i.PI_Init           main.o
    0x08003d28   0x08003d28   0x00000188   Code   RO           20    i.Process_Light_Logic  main.o
    0x08003eb0   0x08003eb0   0x00000134   Code   RO           21    i.Process_Voice_Logic  main.o
    0x08003fe4   0x08003fe4   0x00000028   Code   RO         2233    i.RCC_Delay         stm32f1xx_hal_rcc.o
    0x0800400c   0x0800400c   0x00000034   Code   RO         5424    i.SysTick_Handler   port.o
    0x08004040   0x08004040   0x00000084   Code   RO           22    i.SystemClock_Config  main.o
    0x080040c4   0x080040c4   0x00000002   Code   RO         3904    i.SystemInit        system_stm32f1xx.o
    0x080040c6   0x080040c6   0x00000002   PAD
    0x080040c8   0x080040c8   0x00000010   Code   RO          595    i.TIM4_IRQHandler   stm32f1xx_it.o
    0x080040d8   0x080040d8   0x00000084   Code   RO          880    i.TIM_Base_SetConfig  stm32f1xx_hal_tim.o
    0x0800415c   0x0800415c   0x00000022   Code   RO          881    i.TIM_CCxChannelCmd  stm32f1xx_hal_tim.o
    0x0800417e   0x0800417e   0x00000016   Code   RO          891    i.TIM_ETR_SetConfig  stm32f1xx_hal_tim.o
    0x08004194   0x08004194   0x00000012   Code   RO          892    i.TIM_ITRx_SetConfig  stm32f1xx_hal_tim.o
    0x080041a6   0x080041a6   0x00000002   PAD
    0x080041a8   0x080041a8   0x00000060   Code   RO          893    i.TIM_OC1_SetConfig  stm32f1xx_hal_tim.o
    0x08004208   0x08004208   0x00000068   Code   RO          894    i.TIM_OC2_SetConfig  stm32f1xx_hal_tim.o
    0x08004270   0x08004270   0x00000068   Code   RO          895    i.TIM_OC3_SetConfig  stm32f1xx_hal_tim.o
    0x080042d8   0x080042d8   0x00000048   Code   RO          896    i.TIM_OC4_SetConfig  stm32f1xx_hal_tim.o
    0x08004320   0x08004320   0x00000026   Code   RO          898    i.TIM_TI1_ConfigInputStage  stm32f1xx_hal_tim.o
    0x08004346   0x08004346   0x00000028   Code   RO          900    i.TIM_TI2_ConfigInputStage  stm32f1xx_hal_tim.o
    0x0800436e   0x0800436e   0x00000014   Code   RO         3573    i.UART_DMAAbortOnError  stm32f1xx_hal_uart.o
    0x08004382   0x08004382   0x00000050   Code   RO         3574    i.UART_DMAError     stm32f1xx_hal_uart.o
    0x080043d2   0x080043d2   0x000000b4   Code   RO         3575    i.UART_DMAReceiveCplt  stm32f1xx_hal_uart.o
    0x08004486   0x08004486   0x00000024   Code   RO         3577    i.UART_DMARxHalfCplt  stm32f1xx_hal_uart.o
    0x080044aa   0x080044aa   0x0000006c   Code   RO         3583    i.UART_EndRxTransfer  stm32f1xx_hal_uart.o
    0x08004516   0x08004516   0x00000020   Code   RO         3584    i.UART_EndTransmit_IT  stm32f1xx_hal_uart.o
    0x08004536   0x08004536   0x00000026   Code   RO         3585    i.UART_EndTxTransfer  stm32f1xx_hal_uart.o
    0x0800455c   0x0800455c   0x000000fc   Code   RO         3586    i.UART_Receive_IT   stm32f1xx_hal_uart.o
    0x08004658   0x08004658   0x000000fc   Code   RO         3587    i.UART_SetConfig    stm32f1xx_hal_uart.o
    0x08004754   0x08004754   0x000000c8   Code   RO         3588    i.UART_Start_Receive_DMA  stm32f1xx_hal_uart.o
    0x0800481c   0x0800481c   0x00000060   Code   RO         3590    i.UART_Transmit_IT  stm32f1xx_hal_uart.o
    0x0800487c   0x0800487c   0x00000010   Code   RO          596    i.USART1_IRQHandler  stm32f1xx_it.o
    0x0800488c   0x0800488c   0x00000010   Code   RO          597    i.USART3_IRQHandler  stm32f1xx_it.o
    0x0800489c   0x0800489c   0x00000004   Code   RO          598    i.UsageFault_Handler  stm32f1xx_it.o
    0x080048a0   0x080048a0   0x00000026   Code   RO         5621    i.__ARM_fpclassifyf  m_ws.l(fpclassifyf.o)
    0x080048c6   0x080048c6   0x00000002   PAD
    0x080048c8   0x080048c8   0x00000010   Code   RO         2540    i.__NVIC_GetPriorityGrouping  stm32f1xx_hal_cortex.o
    0x080048d8   0x080048d8   0x00000028   Code   RO         2541    i.__NVIC_SetPriority  stm32f1xx_hal_cortex.o
    0x08004900   0x08004900   0x00000006   Code   RO         5624    i.__mathlib_flt_infnan  m_ws.l(funder.o)
    0x08004906   0x08004906   0x00000008   Code   RO         5626    i.__mathlib_flt_invalid  m_ws.l(funder.o)
    0x0800490e   0x0800490e   0x0000000a   Code   RO         5629    i.__mathlib_flt_underflow  m_ws.l(funder.o)
    0x08004918   0x08004918   0x00000168   Code   RO         5638    i.__mathlib_rredf2  m_ws.l(rredf.o)
    0x08004a80   0x08004a80   0x0000000e   Code   RO         5698    i.__scatterload_copy  mc_w.l(handlers.o)
    0x08004a8e   0x08004a8e   0x00000002   Code   RO         5699    i.__scatterload_null  mc_w.l(handlers.o)
    0x08004a90   0x08004a90   0x0000000e   Code   RO         5700    i.__scatterload_zeroinit  mc_w.l(handlers.o)
    0x08004a9e   0x08004a9e   0x00000002   PAD
    0x08004aa0   0x08004aa0   0x0000000c   Code   RO         5668    i.__set_errno       mc_w.l(errno.o)
    0x08004aac   0x08004aac   0x00000034   Code   RO           24    i.light_task        main.o
    0x08004ae0   0x08004ae0   0x0000000e   Code   RO          327    i.lighttask_f       freertos.o
    0x08004aee   0x08004aee   0x00000002   PAD
    0x08004af0   0x08004af0   0x000000a4   Code   RO           25    i.main              main.o
    0x08004b94   0x08004b94   0x0000000e   Code   RO         4989    i.makeFreeRtosPriority  cmsis_os.o
    0x08004ba2   0x08004ba2   0x0000000c   Code   RO           26    i.oled_task         main.o
    0x08004bae   0x08004bae   0x0000000e   Code   RO          328    i.oledtask_f        freertos.o
    0x08004bbc   0x08004bbc   0x00000018   Code   RO         4991    i.osDelay           cmsis_os.o
    0x08004bd4   0x08004bd4   0x0000000a   Code   RO         4994    i.osKernelStart     cmsis_os.o
    0x08004bde   0x08004bde   0x0000005e   Code   RO         5028    i.osThreadCreate    cmsis_os.o
    0x08004c3c   0x08004c3c   0x00000098   Code   RO         4660    i.prvAddCurrentTaskToDelayedList  tasks.o
    0x08004cd4   0x08004cd4   0x000000b4   Code   RO         4661    i.prvAddNewTaskToReadyList  tasks.o
    0x08004d88   0x08004d88   0x00000048   Code   RO         4662    i.prvCheckTasksWaitingTermination  tasks.o
    0x08004dd0   0x08004dd0   0x00000050   Code   RO         4663    i.prvDeleteTCB      tasks.o
    0x08004e20   0x08004e20   0x0000007c   Code   RO         5356    i.prvHeapInit       heap_4.o
    0x08004e9c   0x08004e9c   0x00000028   Code   RO         4664    i.prvIdleTask       tasks.o
    0x08004ec4   0x08004ec4   0x000000b4   Code   RO         4665    i.prvInitialiseNewTask  tasks.o
    0x08004f78   0x08004f78   0x00000068   Code   RO         4666    i.prvInitialiseTaskLists  tasks.o
    0x08004fe0   0x08004fe0   0x00000068   Code   RO         5357    i.prvInsertBlockIntoFreeList  heap_4.o
    0x08005048   0x08005048   0x00000034   Code   RO         4667    i.prvResetNextTaskUnblockTime  tasks.o
    0x0800507c   0x0800507c   0x00000040   Code   RO         5425    i.prvTaskExitError  port.o
    0x080050bc   0x080050bc   0x0000014c   Code   RO         5358    i.pvPortMalloc      heap_4.o
    0x08005208   0x08005208   0x00000024   Code   RO         5426    i.pxPortInitialiseStack  port.o
    0x0800522c   0x0800522c   0x00000188   Code   RO         5511    i.sinf              m_ws.l(sinf.o)
    0x080053b4   0x080053b4   0x00000028   Code   RO         4286    i.uxListRemove      list.o
    0x080053dc   0x080053dc   0x00000018   Code   RO          329    i.vApplicationGetIdleTaskMemory  freertos.o
    0x080053f4   0x080053f4   0x0000001a   Code   RO         4287    i.vListInitialise   list.o
    0x0800540e   0x0800540e   0x00000006   Code   RO         4288    i.vListInitialiseItem  list.o
    0x08005414   0x08005414   0x00000034   Code   RO         4289    i.vListInsert       list.o
    0x08005448   0x08005448   0x00000018   Code   RO         4290    i.vListInsertEnd    list.o
    0x08005460   0x08005460   0x00000054   Code   RO         5428    i.vPortEnterCritical  port.o
    0x080054b4   0x080054b4   0x0000003c   Code   RO         5429    i.vPortExitCritical  port.o
    0x080054f0   0x080054f0   0x000000a4   Code   RO         5359    i.vPortFree         heap_4.o
    0x08005594   0x08005594   0x00000028   Code   RO         5430    i.vPortSetupTimerInterrupt  port.o
    0x080055bc   0x080055bc   0x0000005c   Code   RO         4676    i.vTaskDelay        tasks.o
    0x08005618   0x08005618   0x000000b0   Code   RO         4689    i.vTaskStartScheduler  tasks.o
    0x080056c8   0x080056c8   0x00000010   Code   RO         4691    i.vTaskSuspendAll   tasks.o
    0x080056d8   0x080056d8   0x0000008c   Code   RO         4692    i.vTaskSwitchContext  tasks.o
    0x08005764   0x08005764   0x000000f8   Code   RO         5432    i.xPortStartScheduler  port.o
    0x0800585c   0x0800585c   0x00000064   Code   RO         4695    i.xTaskCreate       tasks.o
    0x080058c0   0x080058c0   0x000000ba   Code   RO         4696    i.xTaskCreateStatic  tasks.o
    0x0800597a   0x0800597a   0x00000002   PAD
    0x0800597c   0x0800597c   0x00000148   Code   RO         4703    i.xTaskIncrementTick  tasks.o
    0x08005ac4   0x08005ac4   0x00000104   Code   RO         4709    i.xTaskResumeAll    tasks.o
    0x08005bc8   0x08005bc8   0x00000038   Data   RO          331    .constdata          freertos.o
    0x08005c00   0x08005c00   0x00000012   Data   RO         2234    .constdata          stm32f1xx_hal_rcc.o
    0x08005c12   0x08005c12   0x00000018   Data   RO         3905    .constdata          system_stm32f1xx.o
    0x08005c2a   0x08005c2a   0x0000244a   Data   RO         4170    .constdata          oled_data.o
    0x08008074   0x08008074   0x00000020   Data   RO         5639    .constdata          m_ws.l(rredf.o)
    0x08008094   0x08008094   0x00000016   Data   RO          332    .conststring        freertos.o
    0x080080aa   0x080080aa   0x00000002   PAD
    0x080080ac   0x080080ac   0x00000020   Data   RO         5696    Region$$Table       anon$$obj.o


    Execution Region RW_IRAM1 (Exec base: 0x20000000, Load base: 0x080080cc, Size: 0x00001aa8, Max: 0x00005000, ABSOLUTE)

    Exec Addr    Load Addr    Size         Type   Attr      Idx    E Section Name        Object

    0x20000000   0x080080cc   0x00000024   Data   RW           28    .data               main.o
    0x20000024   0x080080f0   0x00000008   Data   RW          333    .data               freertos.o
    0x2000002c   0x080080f8   0x00000009   Data   RW         2070    .data               stm32f1xx_hal.o
    0x20000035   0x08008101   0x00000003   PAD
    0x20000038   0x08008104   0x00000004   Data   RW         3906    .data               system_stm32f1xx.o
    0x2000003c   0x08008108   0x00000002   Data   RW         4156    .data               face_config.o
    0x2000003e   0x0800810a   0x00000002   PAD
    0x20000040   0x0800810c   0x0000003c   Data   RW         4712    .data               tasks.o
    0x2000007c   0x08008148   0x00000020   Data   RW         5365    .data               heap_4.o
    0x2000009c   0x08008168   0x0000000c   Data   RW         5433    .data               port.o
    0x200000a8   0x08008174   0x00000004   Data   RW         5669    .data               mc_w.l(errno.o)
    0x200000ac        -       0x00000048   Zero   RW           27    .bss                main.o
    0x200000f4        -       0x00000254   Zero   RW          330    .bss                freertos.o
    0x20000348        -       0x00000074   Zero   RW          385    .bss                adc.o
    0x200003bc        -       0x00000054   Zero   RW          451    .bss                i2c.o
    0x20000410        -       0x00000048   Zero   RW          494    .bss                tim.o
    0x20000458        -       0x00000118   Zero   RW          542    .bss                usart.o
    0x20000570        -       0x00000048   Zero   RW          713    .bss                stm32f1xx_hal_timebase_tim.o
    0x200005b8        -       0x00000400   Zero   RW         3970    .bss                oled.o
    0x200009b8        -       0x000000f0   Zero   RW         4711    .bss                tasks.o
    0x20000aa8        -       0x00000c00   Zero   RW         5364    .bss                heap_4.o
    0x200016a8        -       0x00000400   Zero   RW            1    STACK               startup_stm32f103xb.o


==============================================================================

Image component sizes


      Code (inc. data)   RO Data    RW Data    ZI Data      Debug   Object Name

       288         32          0          0        116       1759   adc.o
       142          0          0          0          0      22967   cmsis_os.o
        84          4          0          0          0        762   dma.o
         0          0          0          0          0      16952   event_groups.o
       216         40          0          2          0        786   face_config.o
       120         24         78          8        596       2935   freertos.o
       208         14          0          0          0        963   gpio.o
       724         74          0         32       3072       7331   heap_4.o
       176         24          0          0         84       1609   i2c.o
       148          0          0          0          0       3422   list.o
      1480        194          0         36         72     496559   main.o
       786         26          0          0       1024       5685   oled.o
         0          0       9290          0          0        982   oled_data.o
       734         64          0         12          0      10408   port.o
        36          8        236          0       1024        804   startup_stm32f103xb.o
       116         24          0          9          0       5262   stm32f1xx_hal.o
      1704         56          0          0          0       9754   stm32f1xx_hal_adc.o
         2          0          0          0          0       1085   stm32f1xx_hal_adc_ex.o
       252         22          0          0          0      28678   stm32f1xx_hal_cortex.o
       978         12          0          0          0       4874   stm32f1xx_hal_dma.o
       812         34          0          0          0       2676   stm32f1xx_hal_gpio.o
      1730         32          0          0          0       8085   stm32f1xx_hal_i2c.o
        96         10          0          0          0        898   stm32f1xx_hal_msp.o
      1816        108         18          0          0       6597   stm32f1xx_hal_rcc.o
       304         14          0          0          0       1404   stm32f1xx_hal_rcc_ex.o
      2098         60          0          0          0      15792   stm32f1xx_hal_tim.o
       252         14          0          0          0       3225   stm32f1xx_hal_tim_ex.o
       180         22          0          0         72       1467   stm32f1xx_hal_timebase_tim.o
      2272         22          0          0          0      13597   stm32f1xx_hal_uart.o
       134         42          0          0          0       5912   stm32f1xx_it.o
         0          0          0          0          0        392   stream_buffer.o
         2          0         24          4          0       1119   system_stm32f1xx.o
      2158        270          0         60        240      19985   tasks.o
       352         32          0          0         72       2384   tim.o
       512         52          0          0        280       2497   usart.o

    ----------------------------------------------------------------------
     20944       1330       9680        168       6652     709607   Object Totals
         0          0         32          0          0          0   (incl. Generated)
        32          0          2          5          0          0   (incl. Padding)

    ----------------------------------------------------------------------

      Code (inc. data)   RO Data    RW Data    ZI Data      Debug   Library Member Name

        38          0          0          0          0         68   fpclassifyf.o
        24          0          0          0          0        204   funder.o
       360         16         32          0          0         88   rredf.o
       392         54          0          0          0        124   sinf.o
         0          0          0          0          0          0   entry.o
         0          0          0          0          0          0   entry10a.o
         0          0          0          0          0          0   entry11a.o
         4          0          0          0          0          0   entry12b.o
         8          4          0          0          0          0   entry2.o
         4          0          0          0          0          0   entry5.o
         0          0          0          0          0          0   entry7b.o
         0          0          0          0          0          0   entry8b.o
         8          4          0          0          0          0   entry9a.o
        12          6          0          4          0         68   errno.o
        30          0          0          0          0          0   handlers.o
        36          8          0          0          0         68   init.o
         0          0          0          0          0          0   iusefp.o
        30          0          0          0          0         68   llshl.o
        32          0          0          0          0         68   llushr.o
        36          0          0          0          0         68   memcpya.o
        36          0          0          0          0        108   memseta.o
        20          0          0          0          0         68   cfcmple.o
        20          0          0          0          0         68   cfrcmple.o
        56          0          0          0          0         88   d2f.o
       186          0          0          0          0        176   depilogue.o
       228          0          0          0          0         96   dmul.o
        38          0          0          0          0         68   f2d.o
       176          0          0          0          0        140   fadd.o
       124          0          0          0          0         88   fdiv.o
       110          0          0          0          0        168   fepilogue.o
        50          0          0          0          0         68   ffixi.o
        40          0          0          0          0         68   ffixui.o
        18          0          0          0          0         68   fflti.o
        10          0          0          0          0         68   ffltui.o
       100          0          0          0          0         76   fmul.o
        60          0          0          0          0         76   frnd.o
        24          0          0          0          0         68   fscalb.o

    ----------------------------------------------------------------------
      2316         92         32          4          0       2384   Library Totals
         6          0          0          0          0          0   (incl. Padding)

    ----------------------------------------------------------------------

      Code (inc. data)   RO Data    RW Data    ZI Data      Debug   Library Name

       814         70         32          0          0        484   m_ws.l
       236         22          0          4          0        448   mc_w.l
      1260          0          0          0          0       1452   mf_w.l

    ----------------------------------------------------------------------
      2316         92         32          4          0       2384   Library Totals

    ----------------------------------------------------------------------

==============================================================================


      Code (inc. data)   RO Data    RW Data    ZI Data      Debug   

     23260       1422       9712        172       6652     701535   Grand Totals
     23260       1422       9712        172       6652     701535   ELF Image Totals
     23260       1422       9712        172          0          0   ROM Totals

==============================================================================

    Total RO  Size (Code + RO Data)                32972 (  32.20kB)
    Total RW  Size (RW Data + ZI Data)              6824 (   6.66kB)
    Total ROM Size (Code + RO Data + RW Data)      33144 (  32.37kB)

==============================================================================

